
> espaco-dialogico@1.0.0 test
> npm run services:up && npm run services:wait:database && npm run db:ensure:test && cross-env NODE_ENV=test JEST_EXPLICIT_RUN=true concurrently -k -s first "next dev" "wait-on -t 30000 -i 1000 -v http://localhost:3000/api/v1/status && jest --runInBand --verbose --forceExit"


> espaco-dialogico@1.0.0 services:up
> docker compose -f infra/compose.yaml up -d

 Container espaco_dialogico  Running

> espaco-dialogico@1.0.0 services:wait:database
> node infra/scripts/wait-for-postgres.js



­ƒöä Esperando PostgreSQL ficar dispon├¡vel...

Ô£à PostgreSQL est├í pronto e operacional!


> espaco-dialogico@1.0.0 db:ensure:test
> node infra/scripts/ensure-test-db.js .env.test

­ƒöº Carregado arquivo de ambiente: .env.test
­ƒöù (Tentativa 1/20) Conectando (host=localhost port=5434 user=local_user)...
Ô£à Conex├úo administrativa estabelecida.
Ô£à Banco de teste 'local_db_test' j├í existe.
[1] waiting for 1 resources: http://localhost:3000/api/v1/status
[1] making HTTP(S) head request to  url:http://localhost:3000/api/v1/status ...
[1]   HTTP(S) error for http://localhost:3000/api/v1/status AggregateError: Error
[0]    Ôû▓ Next.js 15.4.10
[0]    - Local:        http://localhost:3000
[0]    - Network:      http://192.168.0.44:3000
[0]    - Environments: .env.test
[0] 
[0]  Ô£ô Starting...
[1] making HTTP(S) head request to  url:http://localhost:3000/api/v1/status ...
[1] making HTTP(S) head request to  url:http://localhost:3000/api/v1/status ...
[1] making HTTP(S) head request to  url:http://localhost:3000/api/v1/status ...
[0]  Ô£ô Ready in 2.7s
[0]  Ô£ô Compiled /api/v1/status in 423ms (299 modules)
[1] making HTTP(S) head request to  url:http://localhost:3000/api/v1/status ...
[0]  HEAD /api/v1/status/ 200 in 1741ms
[0]  HEAD /api/v1/status/ 200 in 188ms
[1]   HTTP(S) result for http://localhost:3000/api/v1/status: {
[1]   status: 200,
[1]   statusText: 'OK',
[1]   headers: Object [AxiosHeaders] {
[1]     'content-type': 'application/json; charset=utf-8',
[1]     etag: '"7vqwnu9bcw3p"',
[1]     'content-length': '133',
[1]     vary: 'Accept-Encoding',
[1]     date: 'Mon, 15 Dec 2025 14:36:34 GMT',
[1]     connection: 'keep-alive',
[1]     'keep-alive': 'timeout=5'
[1]   },
[1]   data: ''
[1] }
[1] wait-on(30348) complete
[0]  HEAD /api/v1/status/ 200 in 1744ms
[0]  HEAD /api/v1/status/ 200 in 1747ms
[1] ­ƒöº Carregado arquivo de ambiente: .env.test
[1] ­ƒöù (Tentativa 1/20) Conectando (host=localhost port=5434 user=local_user)...
[1] Ô£à Conex├úo administrativa estabelecida.
[1] Ô£à Banco de teste 'local_db_test' j├í existe.
[1] ­ƒöº Vari├íveis carregadas de .env.test
[1] Executando migra├º├Áes automaticamente...
[1] NODE_ENV: test
[1] ENV file: .env.test
[1] Vari├íveis de admin definidas: true
[1] Verifica├º├úo da coluna 'role' na tabela 'users' conclu├¡da
[1] Admin user Danilo (danilo2311@gmail.com) created or updated successfully
[1] Migra├º├úo de roles conclu├¡da: 'user' ÔåÆ 'terapeuta', adicionado 'secretaria'
[1] Migra├º├úo: Adicionada coluna last_email_sent na tabela invites
[1] Migra├º├úo de corre├º├úo de timestamp - campos dt_nascimento e origem j├í foram tornados opcionais anteriormente
[1] Migra├º├úo de corre├º├úo de timestamp - coluna 'curriculo' j├í foi removida anteriormente
[1] Migra├º├Áes pendentes encontradas: 26
[1] - 1735218270409_create-terapeutas
[1] - 1740143991070_create-users
[1] - 1741048796523_create-invites
[1] - 1741048800000_add-role-to-users
[1] - 1744376265471_create-pacientes
[1] - 1744549368040_create-agendamento
[1] - 1744549368049_create-sessoes
[1] - 1744648322521_add-valor-repasse-to-sessoes
[1] - 1746794771891_create-admin
[1] - 1746798677616_add-agendamento-id-to-sessoes
[1] - 1750434568631_create-transacoes
[1] - 1750441189723_create-user-sessions
[1] - 1750696179576_update-user-roles
[1] - 1750699950000_add-email-tracking-to-invites
[1] - 1750862182528_add-user-id-to-terapeutas
[1] - 1751282806741_add-sessao-realizada-to-agendamentos
[1] - 1751389870451_add-repasse-realizado-to-sessoes
[1] - 1751456684832_add-nota-fiscal-and-update-sessoes
[1] - 1751804247792_update-terapeutas-schema
[1] - 1751808400000_add-curriculo-arquivo-to-terapeutas
[1] - 1751890772373_add-falta-to-agendamento
[1] - 1751979228692_make-paciente-fields-optional
[1] - 1751979244388_remove-curriculo-from-terapeutas
[1] - 1752061264872_remove-remarcado-from-agendamento
[1] - 1752239236049_add-token-version-to-users
[1] - 1760433506791_add-sala-321-to-agendamentos
[1] Verifica├º├úo da coluna 'role' na tabela 'users' conclu├¡da
[1] Admin user Danilo (danilo2311@gmail.com) created or updated successfully
[1] Migra├º├úo de roles conclu├¡da: 'user' ÔåÆ 'terapeuta', adicionado 'secretaria'
[1] Migra├º├úo: Adicionada coluna last_email_sent na tabela invites
[1] Migra├º├úo de corre├º├úo de timestamp - campos dt_nascimento e origem j├í foram tornados opcionais anteriormente
[1] Migra├º├úo de corre├º├úo de timestamp - coluna 'curriculo' j├í foi removida anteriormente
[1] Migra├º├Áes executadas: 26
[1] Ô£ô 1735218270409_create-terapeutas
[1] Ô£ô 1740143991070_create-users
[1] Ô£ô 1741048796523_create-invites
[1] Ô£ô 1741048800000_add-role-to-users
[1] Ô£ô 1744376265471_create-pacientes
[1] Ô£ô 1744549368040_create-agendamento
[1] Ô£ô 1744549368049_create-sessoes
[1] Ô£ô 1744648322521_add-valor-repasse-to-sessoes
[1] Ô£ô 1746794771891_create-admin
[1] Ô£ô 1746798677616_add-agendamento-id-to-sessoes
[1] Ô£ô 1750434568631_create-transacoes
[1] Ô£ô 1750441189723_create-user-sessions
[1] Ô£ô 1750696179576_update-user-roles
[1] Ô£ô 1750699950000_add-email-tracking-to-invites
[1] Ô£ô 1750862182528_add-user-id-to-terapeutas
[1] Ô£ô 1751282806741_add-sessao-realizada-to-agendamentos
[1] Ô£ô 1751389870451_add-repasse-realizado-to-sessoes
[1] Ô£ô 1751456684832_add-nota-fiscal-and-update-sessoes
[1] Ô£ô 1751804247792_update-terapeutas-schema
[1] Ô£ô 1751808400000_add-curriculo-arquivo-to-terapeutas
[1] Ô£ô 1751890772373_add-falta-to-agendamento
[1] Ô£ô 1751979228692_make-paciente-fields-optional
[1] Ô£ô 1751979244388_remove-curriculo-from-terapeutas
[1] Ô£ô 1752061264872_remove-remarcado-from-agendamento
[1] Ô£ô 1752239236049_add-token-version-to-users
[1] Ô£ô 1760433506791_add-sala-321-to-agendamentos
[1] Migra├º├Áes conclu├¡das com sucesso!
[0]  GET /api/v1/status/ 200 in 93ms
[0]  GET /api/v1/status/ 200 in 92ms
[0]  GET /api/v1/status/ 200 in 89ms
[0]  GET /api/v1/status/ 200 in 90ms
[1] FAIL tests/integration/api/v1/users/secretaria-role.test.js
[1]   Role assignment: secretaria
[1]     ├ù user created with secretaria invite has only role 'secretaria' (1 ms)
[1]     ├ù user created with secretaria role can access secretaria routes
[1]     ├ù secretaria pode visualizar e criar agendamentos para qualquer terapeuta
[1]     ├ù secretaria pode visualizar e cadastrar pacientes para qualquer terapeuta
[1]     ├ù secretaria pode visualizar e cadastrar terapeutas (1 ms)
[1]     ├ù secretaria pode atualizar status de nota fiscal das sess├Áes
[1]     ├ù secretaria pode visualizar e registrar sess├Áes
[1]     ├ù secretaria n├úo pode acessar ou enviar convites (1 ms)
[1]     ├ù secretaria pode criar agendamentos com a nova Sala 321
[1]     ├ù n├úo deve aceitar valores inv├ílidos para localAgendamento
[1] 
[1]   ÔùÅ Role assignment: secretaria ÔÇ║ user created with secretaria invite has only role 'secretaria'
[1] 
[1]     Jest encountered an unexpected token
[1] 
[1]     Jest failed to parse a file. This happens e.g. when your code or its dependencies use non-standard JavaScript syntax, or when Jest is not configured to support such syntax.
[1] 
[1]     Out of the box Jest supports Babel, which will be used to transform your files into valid JS based on your Babel configuration.
[1] 
[1]     By default "node_modules" folder is ignored by transformers.
[1] 
[1]     Here's what you can do:
[1]      ÔÇó If you are trying to use ECMAScript Modules, see https://jestjs.io/docs/ecmascript-modules for how to enable it.
[1]      ÔÇó If you are trying to use TypeScript, see https://jestjs.io/docs/getting-started#using-typescript
[1]      ÔÇó To have some of your "node_modules" files transformed, you can specify a custom "transformIgnorePatterns" in your config.
[1]      ÔÇó If you need a custom transformation specify a "transform" option in your config.
[1]      ÔÇó If you simply want to mock your non-JS modules (e.g. binary assets) you can stub them out with the "moduleNameMapper" config option.
[1] 
[1]     You'll find more details and examples of these config options in the docs:
[1]     https://jestjs.io/docs/configuration
[1]     For information about custom transformations, see:
[1]     https://jestjs.io/docs/code-transformation
[1] 
[1]     Details:
[1] 
[1]     C:\www\espaco-dialogico\node_modules\node-pg-migrate\dist\bundle\index.js:2
[1]     import { glob } from "glob";
[1]     ^^^^^^
[1] 
[1]     SyntaxError: Cannot use import statement outside a module
[1] 
[1]     [0m [90m 4 |[39m [36masync[39m [36mfunction[39m getMigrate() {
[1]      [90m 5 |[39m   [36mtry[39m {
[1]     [31m[1m>[22m[39m[90m 6 |[39m     [36mconst[39m mod [33m=[39m [36mawait[39m [36mimport[39m([32m"node-pg-migrate"[39m)[33m;[39m
[1]      [90m   |[39m                       [31m[1m^[22m[39m
[1]      [90m 7 |[39m     
[1]      [90m 8 |[39m     [90m// node-pg-migrate >= 6.x exporta a fun├º├úo runner[39m
[1]      [90m 9 |[39m     [36mif[39m (mod [33m&&[39m [36mtypeof[39m mod[33m.[39mrunner [33m===[39m [32m"function"[39m) {[0m
[1] 
[1]       at Runtime.createScriptFromCode (node_modules/jest-runtime/build/index.js:1505:14)
[1]       at models/migrator.mjs:6:23
[1]       at getMigrate (models/migrator.mjs:6:17)
[1]       at Object.runPendingMigrations (models/migrator.mjs:56:26)
[1]       at Object.runPendingMigrations (tests/orchestrator.js:95:5)
[1]       at Object.<anonymous> (tests/integration/api/v1/users/secretaria-role.test.js:23:3)
[1] 
[1]   ÔùÅ Role assignment: secretaria ÔÇ║ user created with secretaria role can access secretaria routes
[1] 
[1]     Jest encountered an unexpected token
[1] 
[1]     Jest failed to parse a file. This happens e.g. when your code or its dependencies use non-standard JavaScript syntax, or when Jest is not configured to support such syntax.
[1] 
[1]     Out of the box Jest supports Babel, which will be used to transform your files into valid JS based on your Babel configuration.
[1] 
[1]     By default "node_modules" folder is ignored by transformers.
[1] 
[1]     Here's what you can do:
[1]      ÔÇó If you are trying to use ECMAScript Modules, see https://jestjs.io/docs/ecmascript-modules for how to enable it.
[1]      ÔÇó If you are trying to use TypeScript, see https://jestjs.io/docs/getting-started#using-typescript
[1]      ÔÇó To have some of your "node_modules" files transformed, you can specify a custom "transformIgnorePatterns" in your config.
[1]      ÔÇó If you need a custom transformation specify a "transform" option in your config.
[1]      ÔÇó If you simply want to mock your non-JS modules (e.g. binary assets) you can stub them out with the "moduleNameMapper" config option.
[1] 
[1]     You'll find more details and examples of these config options in the docs:
[1]     https://jestjs.io/docs/configuration
[1]     For information about custom transformations, see:
[1]     https://jestjs.io/docs/code-transformation
[1] 
[1]     Details:
[1] 
[1]     C:\www\espaco-dialogico\node_modules\node-pg-migrate\dist\bundle\index.js:2
[1]     import { glob } from "glob";
[1]     ^^^^^^
[1] 
[1]     SyntaxError: Cannot use import statement outside a module
[1] 
[1]     [0m [90m 4 |[39m [36masync[39m [36mfunction[39m getMigrate() {
[1]      [90m 5 |[39m   [36mtry[39m {
[1]     [31m[1m>[22m[39m[90m 6 |[39m     [36mconst[39m mod [33m=[39m [36mawait[39m [36mimport[39m([32m"node-pg-migrate"[39m)[33m;[39m
[1]      [90m   |[39m                       [31m[1m^[22m[39m
[1]      [90m 7 |[39m     
[1]      [90m 8 |[39m     [90m// node-pg-migrate >= 6.x exporta a fun├º├úo runner[39m
[1]      [90m 9 |[39m     [36mif[39m (mod [33m&&[39m [36mtypeof[39m mod[33m.[39mrunner [33m===[39m [32m"function"[39m) {[0m
[1] 
[1]       at Runtime.createScriptFromCode (node_modules/jest-runtime/build/index.js:1505:14)
[1]       at models/migrator.mjs:6:23
[1]       at getMigrate (models/migrator.mjs:6:17)
[1]       at Object.runPendingMigrations (models/migrator.mjs:56:26)
[1]       at Object.runPendingMigrations (tests/orchestrator.js:95:5)
[1]       at Object.<anonymous> (tests/integration/api/v1/users/secretaria-role.test.js:23:3)
[1] 
[1]   ÔùÅ Role assignment: secretaria ÔÇ║ secretaria pode visualizar e criar agendamentos para qualquer terapeuta
[1] 
[1]     Jest encountered an unexpected token
[1] 
[1]     Jest failed to parse a file. This happens e.g. when your code or its dependencies use non-standard JavaScript syntax, or when Jest is not configured to support such syntax.
[1] 
[1]     Out of the box Jest supports Babel, which will be used to transform your files into valid JS based on your Babel configuration.
[1] 
[1]     By default "node_modules" folder is ignored by transformers.
[1] 
[1]     Here's what you can do:
[1]      ÔÇó If you are trying to use ECMAScript Modules, see https://jestjs.io/docs/ecmascript-modules for how to enable it.
[1]      ÔÇó If you are trying to use TypeScript, see https://jestjs.io/docs/getting-started#using-typescript
[1]      ÔÇó To have some of your "node_modules" files transformed, you can specify a custom "transformIgnorePatterns" in your config.
[1]      ÔÇó If you need a custom transformation specify a "transform" option in your config.
[1]      ÔÇó If you simply want to mock your non-JS modules (e.g. binary assets) you can stub them out with the "moduleNameMapper" config option.
[1] 
[1]     You'll find more details and examples of these config options in the docs:
[1]     https://jestjs.io/docs/configuration
[1]     For information about custom transformations, see:
[1]     https://jestjs.io/docs/code-transformation
[1] 
[1]     Details:
[1] 
[1]     C:\www\espaco-dialogico\node_modules\node-pg-migrate\dist\bundle\index.js:2
[1]     import { glob } from "glob";
[1]     ^^^^^^
[1] 
[1]     SyntaxError: Cannot use import statement outside a module
[1] 
[1]     [0m [90m 4 |[39m [36masync[39m [36mfunction[39m getMigrate() {
[1]      [90m 5 |[39m   [36mtry[39m {
[1]     [31m[1m>[22m[39m[90m 6 |[39m     [36mconst[39m mod [33m=[39m [36mawait[39m [36mimport[39m([32m"node-pg-migrate"[39m)[33m;[39m
[1]      [90m   |[39m                       [31m[1m^[22m[39m
[1]      [90m 7 |[39m     
[1]      [90m 8 |[39m     [90m// node-pg-migrate >= 6.x exporta a fun├º├úo runner[39m
[1]      [90m 9 |[39m     [36mif[39m (mod [33m&&[39m [36mtypeof[39m mod[33m.[39mrunner [33m===[39m [32m"function"[39m) {[0m
[1] 
[1]       at Runtime.createScriptFromCode (node_modules/jest-runtime/build/index.js:1505:14)
[1]       at models/migrator.mjs:6:23
[1]       at getMigrate (models/migrator.mjs:6:17)
[1]       at Object.runPendingMigrations (models/migrator.mjs:56:26)
[1]       at Object.runPendingMigrations (tests/orchestrator.js:95:5)
[1]       at Object.<anonymous> (tests/integration/api/v1/users/secretaria-role.test.js:23:3)
[1] 
[1]   ÔùÅ Role assignment: secretaria ÔÇ║ secretaria pode visualizar e cadastrar pacientes para qualquer terapeuta
[1] 
[1]     Jest encountered an unexpected token
[1] 
[1]     Jest failed to parse a file. This happens e.g. when your code or its dependencies use non-standard JavaScript syntax, or when Jest is not configured to support such syntax.
[1] 
[1]     Out of the box Jest supports Babel, which will be used to transform your files into valid JS based on your Babel configuration.
[1] 
[1]     By default "node_modules" folder is ignored by transformers.
[1] 
[1]     Here's what you can do:
[1]      ÔÇó If you are trying to use ECMAScript Modules, see https://jestjs.io/docs/ecmascript-modules for how to enable it.
[1]      ÔÇó If you are trying to use TypeScript, see https://jestjs.io/docs/getting-started#using-typescript
[1]      ÔÇó To have some of your "node_modules" files transformed, you can specify a custom "transformIgnorePatterns" in your config.
[1]      ÔÇó If you need a custom transformation specify a "transform" option in your config.
[1]      ÔÇó If you simply want to mock your non-JS modules (e.g. binary assets) you can stub them out with the "moduleNameMapper" config option.
[1] 
[1]     You'll find more details and examples of these config options in the docs:
[1]     https://jestjs.io/docs/configuration
[1]     For information about custom transformations, see:
[1]     https://jestjs.io/docs/code-transformation
[1] 
[1]     Details:
[1] 
[1]     C:\www\espaco-dialogico\node_modules\node-pg-migrate\dist\bundle\index.js:2
[1]     import { glob } from "glob";
[1]     ^^^^^^
[1] 
[1]     SyntaxError: Cannot use import statement outside a module
[1] 
[1]     [0m [90m 4 |[39m [36masync[39m [36mfunction[39m getMigrate() {
[1]      [90m 5 |[39m   [36mtry[39m {
[1]     [31m[1m>[22m[39m[90m 6 |[39m     [36mconst[39m mod [33m=[39m [36mawait[39m [36mimport[39m([32m"node-pg-migrate"[39m)[33m;[39m
[1]      [90m   |[39m                       [31m[1m^[22m[39m
[1]      [90m 7 |[39m     
[1]      [90m 8 |[39m     [90m// node-pg-migrate >= 6.x exporta a fun├º├úo runner[39m
[1]      [90m 9 |[39m     [36mif[39m (mod [33m&&[39m [36mtypeof[39m mod[33m.[39mrunner [33m===[39m [32m"function"[39m) {[0m
[1] 
[1]       at Runtime.createScriptFromCode (node_modules/jest-runtime/build/index.js:1505:14)
[1]       at models/migrator.mjs:6:23
[1]       at getMigrate (models/migrator.mjs:6:17)
[1]       at Object.runPendingMigrations (models/migrator.mjs:56:26)
[1]       at Object.runPendingMigrations (tests/orchestrator.js:95:5)
[1]       at Object.<anonymous> (tests/integration/api/v1/users/secretaria-role.test.js:23:3)
[1] 
[1]   ÔùÅ Role assignment: secretaria ÔÇ║ secretaria pode visualizar e cadastrar terapeutas
[1] 
[1]     Jest encountered an unexpected token
[1] 
[1]     Jest failed to parse a file. This happens e.g. when your code or its dependencies use non-standard JavaScript syntax, or when Jest is not configured to support such syntax.
[1] 
[1]     Out of the box Jest supports Babel, which will be used to transform your files into valid JS based on your Babel configuration.
[1] 
[1]     By default "node_modules" folder is ignored by transformers.
[1] 
[1]     Here's what you can do:
[1]      ÔÇó If you are trying to use ECMAScript Modules, see https://jestjs.io/docs/ecmascript-modules for how to enable it.
[1]      ÔÇó If you are trying to use TypeScript, see https://jestjs.io/docs/getting-started#using-typescript
[1]      ÔÇó To have some of your "node_modules" files transformed, you can specify a custom "transformIgnorePatterns" in your config.
[1]      ÔÇó If you need a custom transformation specify a "transform" option in your config.
[1]      ÔÇó If you simply want to mock your non-JS modules (e.g. binary assets) you can stub them out with the "moduleNameMapper" config option.
[1] 
[1]     You'll find more details and examples of these config options in the docs:
[1]     https://jestjs.io/docs/configuration
[1]     For information about custom transformations, see:
[1]     https://jestjs.io/docs/code-transformation
[1] 
[1]     Details:
[1] 
[1]     C:\www\espaco-dialogico\node_modules\node-pg-migrate\dist\bundle\index.js:2
[1]     import { glob } from "glob";
[1]     ^^^^^^
[1] 
[1]     SyntaxError: Cannot use import statement outside a module
[1] 
[1]     [0m [90m 4 |[39m [36masync[39m [36mfunction[39m getMigrate() {
[1]      [90m 5 |[39m   [36mtry[39m {
[1]     [31m[1m>[22m[39m[90m 6 |[39m     [36mconst[39m mod [33m=[39m [36mawait[39m [36mimport[39m([32m"node-pg-migrate"[39m)[33m;[39m
[1]      [90m   |[39m                       [31m[1m^[22m[39m
[1]      [90m 7 |[39m     
[1]      [90m 8 |[39m     [90m// node-pg-migrate >= 6.x exporta a fun├º├úo runner[39m
[1]      [90m 9 |[39m     [36mif[39m (mod [33m&&[39m [36mtypeof[39m mod[33m.[39mrunner [33m===[39m [32m"function"[39m) {[0m
[1] 
[1]       at Runtime.createScriptFromCode (node_modules/jest-runtime/build/index.js:1505:14)
[1]       at models/migrator.mjs:6:23
[1]       at getMigrate (models/migrator.mjs:6:17)
[1]       at Object.runPendingMigrations (models/migrator.mjs:56:26)
[1]       at Object.runPendingMigrations (tests/orchestrator.js:95:5)
[1]       at Object.<anonymous> (tests/integration/api/v1/users/secretaria-role.test.js:23:3)
[1] 
[1]   ÔùÅ Role assignment: secretaria ÔÇ║ secretaria pode atualizar status de nota fiscal das sess├Áes
[1] 
[1]     Jest encountered an unexpected token
[1] 
[1]     Jest failed to parse a file. This happens e.g. when your code or its dependencies use non-standard JavaScript syntax, or when Jest is not configured to support such syntax.
[1] 
[1]     Out of the box Jest supports Babel, which will be used to transform your files into valid JS based on your Babel configuration.
[1] 
[1]     By default "node_modules" folder is ignored by transformers.
[1] 
[1]     Here's what you can do:
[1]      ÔÇó If you are trying to use ECMAScript Modules, see https://jestjs.io/docs/ecmascript-modules for how to enable it.
[1]      ÔÇó If you are trying to use TypeScript, see https://jestjs.io/docs/getting-started#using-typescript
[1]      ÔÇó To have some of your "node_modules" files transformed, you can specify a custom "transformIgnorePatterns" in your config.
[1]      ÔÇó If you need a custom transformation specify a "transform" option in your config.
[1]      ÔÇó If you simply want to mock your non-JS modules (e.g. binary assets) you can stub them out with the "moduleNameMapper" config option.
[1] 
[1]     You'll find more details and examples of these config options in the docs:
[1]     https://jestjs.io/docs/configuration
[1]     For information about custom transformations, see:
[1]     https://jestjs.io/docs/code-transformation
[1] 
[1]     Details:
[1] 
[1]     C:\www\espaco-dialogico\node_modules\node-pg-migrate\dist\bundle\index.js:2
[1]     import { glob } from "glob";
[1]     ^^^^^^
[1] 
[1]     SyntaxError: Cannot use import statement outside a module
[1] 
[1]     [0m [90m 4 |[39m [36masync[39m [36mfunction[39m getMigrate() {
[1]      [90m 5 |[39m   [36mtry[39m {
[1]     [31m[1m>[22m[39m[90m 6 |[39m     [36mconst[39m mod [33m=[39m [36mawait[39m [36mimport[39m([32m"node-pg-migrate"[39m)[33m;[39m
[1]      [90m   |[39m                       [31m[1m^[22m[39m
[1]      [90m 7 |[39m     
[1]      [90m 8 |[39m     [90m// node-pg-migrate >= 6.x exporta a fun├º├úo runner[39m
[1]      [90m 9 |[39m     [36mif[39m (mod [33m&&[39m [36mtypeof[39m mod[33m.[39mrunner [33m===[39m [32m"function"[39m) {[0m
[1] 
[1]       at Runtime.createScriptFromCode (node_modules/jest-runtime/build/index.js:1505:14)
[1]       at models/migrator.mjs:6:23
[1]       at getMigrate (models/migrator.mjs:6:17)
[1]       at Object.runPendingMigrations (models/migrator.mjs:56:26)
[1]       at Object.runPendingMigrations (tests/orchestrator.js:95:5)
[1]       at Object.<anonymous> (tests/integration/api/v1/users/secretaria-role.test.js:23:3)
[1] 
[1]   ÔùÅ Role assignment: secretaria ÔÇ║ secretaria pode visualizar e registrar sess├Áes
[1] 
[1]     Jest encountered an unexpected token
[1] 
[1]     Jest failed to parse a file. This happens e.g. when your code or its dependencies use non-standard JavaScript syntax, or when Jest is not configured to support such syntax.
[1] 
[1]     Out of the box Jest supports Babel, which will be used to transform your files into valid JS based on your Babel configuration.
[1] 
[1]     By default "node_modules" folder is ignored by transformers.
[1] 
[1]     Here's what you can do:
[1]      ÔÇó If you are trying to use ECMAScript Modules, see https://jestjs.io/docs/ecmascript-modules for how to enable it.
[1]      ÔÇó If you are trying to use TypeScript, see https://jestjs.io/docs/getting-started#using-typescript
[1]      ÔÇó To have some of your "node_modules" files transformed, you can specify a custom "transformIgnorePatterns" in your config.
[1]      ÔÇó If you need a custom transformation specify a "transform" option in your config.
[1]      ÔÇó If you simply want to mock your non-JS modules (e.g. binary assets) you can stub them out with the "moduleNameMapper" config option.
[1] 
[1]     You'll find more details and examples of these config options in the docs:
[1]     https://jestjs.io/docs/configuration
[1]     For information about custom transformations, see:
[1]     https://jestjs.io/docs/code-transformation
[1] 
[1]     Details:
[1] 
[1]     C:\www\espaco-dialogico\node_modules\node-pg-migrate\dist\bundle\index.js:2
[1]     import { glob } from "glob";
[1]     ^^^^^^
[1] 
[1]     SyntaxError: Cannot use import statement outside a module
[1] 
[1]     [0m [90m 4 |[39m [36masync[39m [36mfunction[39m getMigrate() {
[1]      [90m 5 |[39m   [36mtry[39m {
[1]     [31m[1m>[22m[39m[90m 6 |[39m     [36mconst[39m mod [33m=[39m [36mawait[39m [36mimport[39m([32m"node-pg-migrate"[39m)[33m;[39m
[1]      [90m   |[39m                       [31m[1m^[22m[39m
[1]      [90m 7 |[39m     
[1]      [90m 8 |[39m     [90m// node-pg-migrate >= 6.x exporta a fun├º├úo runner[39m
[1]      [90m 9 |[39m     [36mif[39m (mod [33m&&[39m [36mtypeof[39m mod[33m.[39mrunner [33m===[39m [32m"function"[39m) {[0m
[1] 
[1]       at Runtime.createScriptFromCode (node_modules/jest-runtime/build/index.js:1505:14)
[1]       at models/migrator.mjs:6:23
[1]       at getMigrate (models/migrator.mjs:6:17)
[1]       at Object.runPendingMigrations (models/migrator.mjs:56:26)
[1]       at Object.runPendingMigrations (tests/orchestrator.js:95:5)
[1]       at Object.<anonymous> (tests/integration/api/v1/users/secretaria-role.test.js:23:3)
[1] 
[1]   ÔùÅ Role assignment: secretaria ÔÇ║ secretaria n├úo pode acessar ou enviar convites
[1] 
[1]     Jest encountered an unexpected token
[1] 
[1]     Jest failed to parse a file. This happens e.g. when your code or its dependencies use non-standard JavaScript syntax, or when Jest is not configured to support such syntax.
[1] 
[1]     Out of the box Jest supports Babel, which will be used to transform your files into valid JS based on your Babel configuration.
[1] 
[1]     By default "node_modules" folder is ignored by transformers.
[1] 
[1]     Here's what you can do:
[1]      ÔÇó If you are trying to use ECMAScript Modules, see https://jestjs.io/docs/ecmascript-modules for how to enable it.
[1]      ÔÇó If you are trying to use TypeScript, see https://jestjs.io/docs/getting-started#using-typescript
[1]      ÔÇó To have some of your "node_modules" files transformed, you can specify a custom "transformIgnorePatterns" in your config.
[1]      ÔÇó If you need a custom transformation specify a "transform" option in your config.
[1]      ÔÇó If you simply want to mock your non-JS modules (e.g. binary assets) you can stub them out with the "moduleNameMapper" config option.
[1] 
[1]     You'll find more details and examples of these config options in the docs:
[1]     https://jestjs.io/docs/configuration
[1]     For information about custom transformations, see:
[1]     https://jestjs.io/docs/code-transformation
[1] 
[1]     Details:
[1] 
[1]     C:\www\espaco-dialogico\node_modules\node-pg-migrate\dist\bundle\index.js:2
[1]     import { glob } from "glob";
[1]     ^^^^^^
[1] 
[1]     SyntaxError: Cannot use import statement outside a module
[1] 
[1]     [0m [90m 4 |[39m [36masync[39m [36mfunction[39m getMigrate() {
[1]      [90m 5 |[39m   [36mtry[39m {
[1]     [31m[1m>[22m[39m[90m 6 |[39m     [36mconst[39m mod [33m=[39m [36mawait[39m [36mimport[39m([32m"node-pg-migrate"[39m)[33m;[39m
[1]      [90m   |[39m                       [31m[1m^[22m[39m
[1]      [90m 7 |[39m     
[1]      [90m 8 |[39m     [90m// node-pg-migrate >= 6.x exporta a fun├º├úo runner[39m
[1]      [90m 9 |[39m     [36mif[39m (mod [33m&&[39m [36mtypeof[39m mod[33m.[39mrunner [33m===[39m [32m"function"[39m) {[0m
[1] 
[1]       at Runtime.createScriptFromCode (node_modules/jest-runtime/build/index.js:1505:14)
[1]       at models/migrator.mjs:6:23
[1]       at getMigrate (models/migrator.mjs:6:17)
[1]       at Object.runPendingMigrations (models/migrator.mjs:56:26)
[1]       at Object.runPendingMigrations (tests/orchestrator.js:95:5)
[1]       at Object.<anonymous> (tests/integration/api/v1/users/secretaria-role.test.js:23:3)
[1] 
[1]   ÔùÅ Role assignment: secretaria ÔÇ║ secretaria pode criar agendamentos com a nova Sala 321
[1] 
[1]     Jest encountered an unexpected token
[1] 
[1]     Jest failed to parse a file. This happens e.g. when your code or its dependencies use non-standard JavaScript syntax, or when Jest is not configured to support such syntax.
[1] 
[1]     Out of the box Jest supports Babel, which will be used to transform your files into valid JS based on your Babel configuration.
[1] 
[1]     By default "node_modules" folder is ignored by transformers.
[1] 
[1]     Here's what you can do:
[1]      ÔÇó If you are trying to use ECMAScript Modules, see https://jestjs.io/docs/ecmascript-modules for how to enable it.
[1]      ÔÇó If you are trying to use TypeScript, see https://jestjs.io/docs/getting-started#using-typescript
[1]      ÔÇó To have some of your "node_modules" files transformed, you can specify a custom "transformIgnorePatterns" in your config.
[1]      ÔÇó If you need a custom transformation specify a "transform" option in your config.
[1]      ÔÇó If you simply want to mock your non-JS modules (e.g. binary assets) you can stub them out with the "moduleNameMapper" config option.
[1] 
[1]     You'll find more details and examples of these config options in the docs:
[1]     https://jestjs.io/docs/configuration
[1]     For information about custom transformations, see:
[1]     https://jestjs.io/docs/code-transformation
[1] 
[1]     Details:
[1] 
[1]     C:\www\espaco-dialogico\node_modules\node-pg-migrate\dist\bundle\index.js:2
[1]     import { glob } from "glob";
[1]     ^^^^^^
[1] 
[1]     SyntaxError: Cannot use import statement outside a module
[1] 
[1]     [0m [90m 4 |[39m [36masync[39m [36mfunction[39m getMigrate() {
[1]      [90m 5 |[39m   [36mtry[39m {
[1]     [31m[1m>[22m[39m[90m 6 |[39m     [36mconst[39m mod [33m=[39m [36mawait[39m [36mimport[39m([32m"node-pg-migrate"[39m)[33m;[39m
[1]      [90m   |[39m                       [31m[1m^[22m[39m
[1]      [90m 7 |[39m     
[1]      [90m 8 |[39m     [90m// node-pg-migrate >= 6.x exporta a fun├º├úo runner[39m
[1]      [90m 9 |[39m     [36mif[39m (mod [33m&&[39m [36mtypeof[39m mod[33m.[39mrunner [33m===[39m [32m"function"[39m) {[0m
[1] 
[1]       at Runtime.createScriptFromCode (node_modules/jest-runtime/build/index.js:1505:14)
[1]       at models/migrator.mjs:6:23
[1]       at getMigrate (models/migrator.mjs:6:17)
[1]       at Object.runPendingMigrations (models/migrator.mjs:56:26)
[1]       at Object.runPendingMigrations (tests/orchestrator.js:95:5)
[1]       at Object.<anonymous> (tests/integration/api/v1/users/secretaria-role.test.js:23:3)
[1] 
[1]   ÔùÅ Role assignment: secretaria ÔÇ║ n├úo deve aceitar valores inv├ílidos para localAgendamento
[1] 
[1]     Jest encountered an unexpected token
[1] 
[1]     Jest failed to parse a file. This happens e.g. when your code or its dependencies use non-standard JavaScript syntax, or when Jest is not configured to support such syntax.
[1] 
[1]     Out of the box Jest supports Babel, which will be used to transform your files into valid JS based on your Babel configuration.
[1] 
[1]     By default "node_modules" folder is ignored by transformers.
[1] 
[1]     Here's what you can do:
[1]      ÔÇó If you are trying to use ECMAScript Modules, see https://jestjs.io/docs/ecmascript-modules for how to enable it.
[1]      ÔÇó If you are trying to use TypeScript, see https://jestjs.io/docs/getting-started#using-typescript
[1]      ÔÇó To have some of your "node_modules" files transformed, you can specify a custom "transformIgnorePatterns" in your config.
[1]      ÔÇó If you need a custom transformation specify a "transform" option in your config.
[1]      ÔÇó If you simply want to mock your non-JS modules (e.g. binary assets) you can stub them out with the "moduleNameMapper" config option.
[1] 
[1]     You'll find more details and examples of these config options in the docs:
[1]     https://jestjs.io/docs/configuration
[1]     For information about custom transformations, see:
[1]     https://jestjs.io/docs/code-transformation
[1] 
[1]     Details:
[1] 
[1]     C:\www\espaco-dialogico\node_modules\node-pg-migrate\dist\bundle\index.js:2
[1]     import { glob } from "glob";
[1]     ^^^^^^
[1] 
[1]     SyntaxError: Cannot use import statement outside a module
[1] 
[1]     [0m [90m 4 |[39m [36masync[39m [36mfunction[39m getMigrate() {
[1]      [90m 5 |[39m   [36mtry[39m {
[1]     [31m[1m>[22m[39m[90m 6 |[39m     [36mconst[39m mod [33m=[39m [36mawait[39m [36mimport[39m([32m"node-pg-migrate"[39m)[33m;[39m
[1]      [90m   |[39m                       [31m[1m^[22m[39m
[1]      [90m 7 |[39m     
[1]      [90m 8 |[39m     [90m// node-pg-migrate >= 6.x exporta a fun├º├úo runner[39m
[1]      [90m 9 |[39m     [36mif[39m (mod [33m&&[39m [36mtypeof[39m mod[33m.[39mrunner [33m===[39m [32m"function"[39m) {[0m
[1] 
[1]       at Runtime.createScriptFromCode (node_modules/jest-runtime/build/index.js:1505:14)
[1]       at models/migrator.mjs:6:23
[1]       at getMigrate (models/migrator.mjs:6:17)
[1]       at Object.runPendingMigrations (models/migrator.mjs:56:26)
[1]       at Object.runPendingMigrations (tests/orchestrator.js:95:5)
[1]       at Object.<anonymous> (tests/integration/api/v1/users/secretaria-role.test.js:23:3)
[1] 
[0]  GET /api/v1/status/ 200 in 94ms
[0]  GET /api/v1/status/ 200 in 96ms
[0]  GET /api/v1/status/ 200 in 91ms
[1] FAIL tests/integration/api/v1/users/[username]/get.test.js
[1]   GET /api/v1/users/[username]
[1]     Logged User
[1]       ├ù Authentication setup is successful (1 ms)
[1]       ├ù With exact case match
[1]       ├ù With case mismatch
[1]       ├ù With username not found
[1] 
[1]   ÔùÅ GET /api/v1/users/[username] ÔÇ║ Logged User ÔÇ║ Authentication setup is successful
[1] 
[1]     ServiceError: Erro na conex├úo com o Banco ou na Query.
[1] 
[1]     [0m [90m  9 |[39m     [36mreturn[39m result[33m;[39m
[1]      [90m 10 |[39m   } [36mcatch[39m (error) {
[1]     [31m[1m>[22m[39m[90m 11 |[39m     [36mconst[39m serviceErrorObject [33m=[39m [36mnew[39m [33mServiceError[39m({
[1]      [90m    |[39m                                [31m[1m^[22m[39m
[1]      [90m 12 |[39m       message[33m:[39m [32m"Erro na conex├úo com o Banco ou na Query."[39m[33m,[39m
[1]      [90m 13 |[39m       cause[33m:[39m error[33m,[39m
[1]      [90m 14 |[39m     })[33m;[39m[0m
[1] 
[1]       at Object.query (infra/database.js:11:32)
[1]       at ensureDevAdminExists (tests/helpers/auth.js:12:25)
[1]       at Object.<anonymous> (tests/integration/api/v1/users/[username]/get.test.js:30:5)
[1] 
[1]     Cause:
[1]     error: relation "users" does not exist
[1] 
[1]     [0m [90m  6 |[39m   [36mtry[39m {
[1]      [90m  7 |[39m     client [33m=[39m [36mawait[39m getNewClient()[33m;[39m
[1]     [31m[1m>[22m[39m[90m  8 |[39m     [36mconst[39m result [33m=[39m [36mawait[39m client[33m.[39mquery(queryObject)[33m;[39m
[1]      [90m    |[39m                    [31m[1m^[22m[39m
[1]      [90m  9 |[39m     [36mreturn[39m result[33m;[39m
[1]      [90m 10 |[39m   } [36mcatch[39m (error) {
[1]      [90m 11 |[39m     [36mconst[39m serviceErrorObject [33m=[39m [36mnew[39m [33mServiceError[39m({[0m
[1] 
[1]       at node_modules/pg/lib/client.js:535:17
[1]       at Object.query (infra/database.js:8:20)
[1]       at ensureDevAdminExists (tests/helpers/auth.js:12:25)
[1]       at Object.<anonymous> (tests/integration/api/v1/users/[username]/get.test.js:30:5)
[1] 
[1]   ÔùÅ GET /api/v1/users/[username] ÔÇ║ Logged User ÔÇ║ With exact case match
[1] 
[1]     ServiceError: Erro na conex├úo com o Banco ou na Query.
[1] 
[1]     [0m [90m  9 |[39m     [36mreturn[39m result[33m;[39m
[1]      [90m 10 |[39m   } [36mcatch[39m (error) {
[1]     [31m[1m>[22m[39m[90m 11 |[39m     [36mconst[39m serviceErrorObject [33m=[39m [36mnew[39m [33mServiceError[39m({
[1]      [90m    |[39m                                [31m[1m^[22m[39m
[1]      [90m 12 |[39m       message[33m:[39m [32m"Erro na conex├úo com o Banco ou na Query."[39m[33m,[39m
[1]      [90m 13 |[39m       cause[33m:[39m error[33m,[39m
[1]      [90m 14 |[39m     })[33m;[39m[0m
[1] 
[1]       at Object.query (infra/database.js:11:32)
[1]       at ensureDevAdminExists (tests/helpers/auth.js:12:25)
[1]       at Object.<anonymous> (tests/integration/api/v1/users/[username]/get.test.js:30:5)
[1] 
[1]     Cause:
[1]     error: relation "users" does not exist
[1] 
[1]     [0m [90m  6 |[39m   [36mtry[39m {
[1]      [90m  7 |[39m     client [33m=[39m [36mawait[39m getNewClient()[33m;[39m
[1]     [31m[1m>[22m[39m[90m  8 |[39m     [36mconst[39m result [33m=[39m [36mawait[39m client[33m.[39mquery(queryObject)[33m;[39m
[1]      [90m    |[39m                    [31m[1m^[22m[39m
[1]      [90m  9 |[39m     [36mreturn[39m result[33m;[39m
[1]      [90m 10 |[39m   } [36mcatch[39m (error) {
[1]      [90m 11 |[39m     [36mconst[39m serviceErrorObject [33m=[39m [36mnew[39m [33mServiceError[39m({[0m
[1] 
[1]       at node_modules/pg/lib/client.js:535:17
[1]       at Object.query (infra/database.js:8:20)
[1]       at ensureDevAdminExists (tests/helpers/auth.js:12:25)
[1]       at Object.<anonymous> (tests/integration/api/v1/users/[username]/get.test.js:30:5)
[1] 
[1]   ÔùÅ GET /api/v1/users/[username] ÔÇ║ Logged User ÔÇ║ With case mismatch
[1] 
[1]     ServiceError: Erro na conex├úo com o Banco ou na Query.
[1] 
[1]     [0m [90m  9 |[39m     [36mreturn[39m result[33m;[39m
[1]      [90m 10 |[39m   } [36mcatch[39m (error) {
[1]     [31m[1m>[22m[39m[90m 11 |[39m     [36mconst[39m serviceErrorObject [33m=[39m [36mnew[39m [33mServiceError[39m({
[1]      [90m    |[39m                                [31m[1m^[22m[39m
[1]      [90m 12 |[39m       message[33m:[39m [32m"Erro na conex├úo com o Banco ou na Query."[39m[33m,[39m
[1]      [90m 13 |[39m       cause[33m:[39m error[33m,[39m
[1]      [90m 14 |[39m     })[33m;[39m[0m
[1] 
[1]       at Object.query (infra/database.js:11:32)
[1]       at ensureDevAdminExists (tests/helpers/auth.js:12:25)
[1]       at Object.<anonymous> (tests/integration/api/v1/users/[username]/get.test.js:30:5)
[1] 
[1]     Cause:
[1]     error: relation "users" does not exist
[1] 
[1]     [0m [90m  6 |[39m   [36mtry[39m {
[1]      [90m  7 |[39m     client [33m=[39m [36mawait[39m getNewClient()[33m;[39m
[1]     [31m[1m>[22m[39m[90m  8 |[39m     [36mconst[39m result [33m=[39m [36mawait[39m client[33m.[39mquery(queryObject)[33m;[39m
[1]      [90m    |[39m                    [31m[1m^[22m[39m
[1]      [90m  9 |[39m     [36mreturn[39m result[33m;[39m
[1]      [90m 10 |[39m   } [36mcatch[39m (error) {
[1]      [90m 11 |[39m     [36mconst[39m serviceErrorObject [33m=[39m [36mnew[39m [33mServiceError[39m({[0m
[1] 
[1]       at node_modules/pg/lib/client.js:535:17
[1]       at Object.query (infra/database.js:8:20)
[1]       at ensureDevAdminExists (tests/helpers/auth.js:12:25)
[1]       at Object.<anonymous> (tests/integration/api/v1/users/[username]/get.test.js:30:5)
[1] 
[1]   ÔùÅ GET /api/v1/users/[username] ÔÇ║ Logged User ÔÇ║ With username not found
[1] 
[1]     ServiceError: Erro na conex├úo com o Banco ou na Query.
[1] 
[1]     [0m [90m  9 |[39m     [36mreturn[39m result[33m;[39m
[1]      [90m 10 |[39m   } [36mcatch[39m (error) {
[1]     [31m[1m>[22m[39m[90m 11 |[39m     [36mconst[39m serviceErrorObject [33m=[39m [36mnew[39m [33mServiceError[39m({
[1]      [90m    |[39m                                [31m[1m^[22m[39m
[1]      [90m 12 |[39m       message[33m:[39m [32m"Erro na conex├úo com o Banco ou na Query."[39m[33m,[39m
[1]      [90m 13 |[39m       cause[33m:[39m error[33m,[39m
[1]      [90m 14 |[39m     })[33m;[39m[0m
[1] 
[1]       at Object.query (infra/database.js:11:32)
[1]       at ensureDevAdminExists (tests/helpers/auth.js:12:25)
[1]       at Object.<anonymous> (tests/integration/api/v1/users/[username]/get.test.js:30:5)
[1] 
[1]     Cause:
[1]     error: relation "users" does not exist
[1] 
[1]     [0m [90m  6 |[39m   [36mtry[39m {
[1]      [90m  7 |[39m     client [33m=[39m [36mawait[39m getNewClient()[33m;[39m
[1]     [31m[1m>[22m[39m[90m  8 |[39m     [36mconst[39m result [33m=[39m [36mawait[39m client[33m.[39mquery(queryObject)[33m;[39m
[1]      [90m    |[39m                    [31m[1m^[22m[39m
[1]      [90m  9 |[39m     [36mreturn[39m result[33m;[39m
[1]      [90m 10 |[39m   } [36mcatch[39m (error) {
[1]      [90m 11 |[39m     [36mconst[39m serviceErrorObject [33m=[39m [36mnew[39m [33mServiceError[39m({[0m
[1] 
[1]       at node_modules/pg/lib/client.js:535:17
[1]       at Object.query (infra/database.js:8:20)
[1]       at ensureDevAdminExists (tests/helpers/auth.js:12:25)
[1]       at Object.<anonymous> (tests/integration/api/v1/users/[username]/get.test.js:30:5)
[1] 
[0]  GET /api/v1/status/ 200 in 101ms
[0]  GET /api/v1/status/ 200 in 95ms
[0]  GET /api/v1/status/ 200 in 91ms
[1] FAIL tests/integration/api/v1/users/post.test.js
[1]   POST /api/v1/users
[1]     ├ù Creating user with valid invite code
[1]     ├ù Creating user with different role with invite code
[1]     ├ù With invalid invite code
[1]     ├ù With duplicated email
[1] 
[1]   ÔùÅ POST /api/v1/users ÔÇ║ Creating user with valid invite code
[1] 
[1]     Jest encountered an unexpected token
[1] 
[1]     Jest failed to parse a file. This happens e.g. when your code or its dependencies use non-standard JavaScript syntax, or when Jest is not configured to support such syntax.
[1] 
[1]     Out of the box Jest supports Babel, which will be used to transform your files into valid JS based on your Babel configuration.
[1] 
[1]     By default "node_modules" folder is ignored by transformers.
[1] 
[1]     Here's what you can do:
[1]      ÔÇó If you are trying to use ECMAScript Modules, see https://jestjs.io/docs/ecmascript-modules for how to enable it.
[1]      ÔÇó If you are trying to use TypeScript, see https://jestjs.io/docs/getting-started#using-typescript
[1]      ÔÇó To have some of your "node_modules" files transformed, you can specify a custom "transformIgnorePatterns" in your config.
[1]      ÔÇó If you need a custom transformation specify a "transform" option in your config.
[1]      ÔÇó If you simply want to mock your non-JS modules (e.g. binary assets) you can stub them out with the "moduleNameMapper" config option.
[1] 
[1]     You'll find more details and examples of these config options in the docs:
[1]     https://jestjs.io/docs/configuration
[1]     For information about custom transformations, see:
[1]     https://jestjs.io/docs/code-transformation
[1] 
[1]     Details:
[1] 
[1]     C:\www\espaco-dialogico\node_modules\node-pg-migrate\dist\bundle\index.js:2
[1]     import { glob } from "glob";
[1]     ^^^^^^
[1] 
[1]     SyntaxError: Cannot use import statement outside a module
[1] 
[1]     [0m [90m 4 |[39m [36masync[39m [36mfunction[39m getMigrate() {
[1]      [90m 5 |[39m   [36mtry[39m {
[1]     [31m[1m>[22m[39m[90m 6 |[39m     [36mconst[39m mod [33m=[39m [36mawait[39m [36mimport[39m([32m"node-pg-migrate"[39m)[33m;[39m
[1]      [90m   |[39m                       [31m[1m^[22m[39m
[1]      [90m 7 |[39m     
[1]      [90m 8 |[39m     [90m// node-pg-migrate >= 6.x exporta a fun├º├úo runner[39m
[1]      [90m 9 |[39m     [36mif[39m (mod [33m&&[39m [36mtypeof[39m mod[33m.[39mrunner [33m===[39m [32m"function"[39m) {[0m
[1] 
[1]       at Runtime.createScriptFromCode (node_modules/jest-runtime/build/index.js:1505:14)
[1]       at models/migrator.mjs:6:23
[1]       at getMigrate (models/migrator.mjs:6:17)
[1]       at Object.runPendingMigrations (models/migrator.mjs:56:26)
[1]       at Object.runPendingMigrations (tests/orchestrator.js:95:5)
[1]       at Object.<anonymous> (tests/integration/api/v1/users/post.test.js:22:3)
[1] 
[1]   ÔùÅ POST /api/v1/users ÔÇ║ Creating user with different role with invite code
[1] 
[1]     Jest encountered an unexpected token
[1] 
[1]     Jest failed to parse a file. This happens e.g. when your code or its dependencies use non-standard JavaScript syntax, or when Jest is not configured to support such syntax.
[1] 
[1]     Out of the box Jest supports Babel, which will be used to transform your files into valid JS based on your Babel configuration.
[1] 
[1]     By default "node_modules" folder is ignored by transformers.
[1] 
[1]     Here's what you can do:
[1]      ÔÇó If you are trying to use ECMAScript Modules, see https://jestjs.io/docs/ecmascript-modules for how to enable it.
[1]      ÔÇó If you are trying to use TypeScript, see https://jestjs.io/docs/getting-started#using-typescript
[1]      ÔÇó To have some of your "node_modules" files transformed, you can specify a custom "transformIgnorePatterns" in your config.
[1]      ÔÇó If you need a custom transformation specify a "transform" option in your config.
[1]      ÔÇó If you simply want to mock your non-JS modules (e.g. binary assets) you can stub them out with the "moduleNameMapper" config option.
[1] 
[1]     You'll find more details and examples of these config options in the docs:
[1]     https://jestjs.io/docs/configuration
[1]     For information about custom transformations, see:
[1]     https://jestjs.io/docs/code-transformation
[1] 
[1]     Details:
[1] 
[1]     C:\www\espaco-dialogico\node_modules\node-pg-migrate\dist\bundle\index.js:2
[1]     import { glob } from "glob";
[1]     ^^^^^^
[1] 
[1]     SyntaxError: Cannot use import statement outside a module
[1] 
[1]     [0m [90m 4 |[39m [36masync[39m [36mfunction[39m getMigrate() {
[1]      [90m 5 |[39m   [36mtry[39m {
[1]     [31m[1m>[22m[39m[90m 6 |[39m     [36mconst[39m mod [33m=[39m [36mawait[39m [36mimport[39m([32m"node-pg-migrate"[39m)[33m;[39m
[1]      [90m   |[39m                       [31m[1m^[22m[39m
[1]      [90m 7 |[39m     
[1]      [90m 8 |[39m     [90m// node-pg-migrate >= 6.x exporta a fun├º├úo runner[39m
[1]      [90m 9 |[39m     [36mif[39m (mod [33m&&[39m [36mtypeof[39m mod[33m.[39mrunner [33m===[39m [32m"function"[39m) {[0m
[1] 
[1]       at Runtime.createScriptFromCode (node_modules/jest-runtime/build/index.js:1505:14)
[1]       at models/migrator.mjs:6:23
[1]       at getMigrate (models/migrator.mjs:6:17)
[1]       at Object.runPendingMigrations (models/migrator.mjs:56:26)
[1]       at Object.runPendingMigrations (tests/orchestrator.js:95:5)
[1]       at Object.<anonymous> (tests/integration/api/v1/users/post.test.js:22:3)
[1] 
[1]   ÔùÅ POST /api/v1/users ÔÇ║ With invalid invite code
[1] 
[1]     Jest encountered an unexpected token
[1] 
[1]     Jest failed to parse a file. This happens e.g. when your code or its dependencies use non-standard JavaScript syntax, or when Jest is not configured to support such syntax.
[1] 
[1]     Out of the box Jest supports Babel, which will be used to transform your files into valid JS based on your Babel configuration.
[1] 
[1]     By default "node_modules" folder is ignored by transformers.
[1] 
[1]     Here's what you can do:
[1]      ÔÇó If you are trying to use ECMAScript Modules, see https://jestjs.io/docs/ecmascript-modules for how to enable it.
[1]      ÔÇó If you are trying to use TypeScript, see https://jestjs.io/docs/getting-started#using-typescript
[1]      ÔÇó To have some of your "node_modules" files transformed, you can specify a custom "transformIgnorePatterns" in your config.
[1]      ÔÇó If you need a custom transformation specify a "transform" option in your config.
[1]      ÔÇó If you simply want to mock your non-JS modules (e.g. binary assets) you can stub them out with the "moduleNameMapper" config option.
[1] 
[1]     You'll find more details and examples of these config options in the docs:
[1]     https://jestjs.io/docs/configuration
[1]     For information about custom transformations, see:
[1]     https://jestjs.io/docs/code-transformation
[1] 
[1]     Details:
[1] 
[1]     C:\www\espaco-dialogico\node_modules\node-pg-migrate\dist\bundle\index.js:2
[1]     import { glob } from "glob";
[1]     ^^^^^^
[1] 
[1]     SyntaxError: Cannot use import statement outside a module
[1] 
[1]     [0m [90m 4 |[39m [36masync[39m [36mfunction[39m getMigrate() {
[1]      [90m 5 |[39m   [36mtry[39m {
[1]     [31m[1m>[22m[39m[90m 6 |[39m     [36mconst[39m mod [33m=[39m [36mawait[39m [36mimport[39m([32m"node-pg-migrate"[39m)[33m;[39m
[1]      [90m   |[39m                       [31m[1m^[22m[39m
[1]      [90m 7 |[39m     
[1]      [90m 8 |[39m     [90m// node-pg-migrate >= 6.x exporta a fun├º├úo runner[39m
[1]      [90m 9 |[39m     [36mif[39m (mod [33m&&[39m [36mtypeof[39m mod[33m.[39mrunner [33m===[39m [32m"function"[39m) {[0m
[1] 
[1]       at Runtime.createScriptFromCode (node_modules/jest-runtime/build/index.js:1505:14)
[1]       at models/migrator.mjs:6:23
[1]       at getMigrate (models/migrator.mjs:6:17)
[1]       at Object.runPendingMigrations (models/migrator.mjs:56:26)
[1]       at Object.runPendingMigrations (tests/orchestrator.js:95:5)
[1]       at Object.<anonymous> (tests/integration/api/v1/users/post.test.js:22:3)
[1] 
[1]   ÔùÅ POST /api/v1/users ÔÇ║ With duplicated email
[1] 
[1]     Jest encountered an unexpected token
[1] 
[1]     Jest failed to parse a file. This happens e.g. when your code or its dependencies use non-standard JavaScript syntax, or when Jest is not configured to support such syntax.
[1] 
[1]     Out of the box Jest supports Babel, which will be used to transform your files into valid JS based on your Babel configuration.
[1] 
[1]     By default "node_modules" folder is ignored by transformers.
[1] 
[1]     Here's what you can do:
[1]      ÔÇó If you are trying to use ECMAScript Modules, see https://jestjs.io/docs/ecmascript-modules for how to enable it.
[1]      ÔÇó If you are trying to use TypeScript, see https://jestjs.io/docs/getting-started#using-typescript
[1]      ÔÇó To have some of your "node_modules" files transformed, you can specify a custom "transformIgnorePatterns" in your config.
[1]      ÔÇó If you need a custom transformation specify a "transform" option in your config.
[1]      ÔÇó If you simply want to mock your non-JS modules (e.g. binary assets) you can stub them out with the "moduleNameMapper" config option.
[1] 
[1]     You'll find more details and examples of these config options in the docs:
[1]     https://jestjs.io/docs/configuration
[1]     For information about custom transformations, see:
[1]     https://jestjs.io/docs/code-transformation
[1] 
[1]     Details:
[1] 
[1]     C:\www\espaco-dialogico\node_modules\node-pg-migrate\dist\bundle\index.js:2
[1]     import { glob } from "glob";
[1]     ^^^^^^
[1] 
[1]     SyntaxError: Cannot use import statement outside a module
[1] 
[1]     [0m [90m 4 |[39m [36masync[39m [36mfunction[39m getMigrate() {
[1]      [90m 5 |[39m   [36mtry[39m {
[1]     [31m[1m>[22m[39m[90m 6 |[39m     [36mconst[39m mod [33m=[39m [36mawait[39m [36mimport[39m([32m"node-pg-migrate"[39m)[33m;[39m
[1]      [90m   |[39m                       [31m[1m^[22m[39m
[1]      [90m 7 |[39m     
[1]      [90m 8 |[39m     [90m// node-pg-migrate >= 6.x exporta a fun├º├úo runner[39m
[1]      [90m 9 |[39m     [36mif[39m (mod [33m&&[39m [36mtypeof[39m mod[33m.[39mrunner [33m===[39m [32m"function"[39m) {[0m
[1] 
[1]       at Runtime.createScriptFromCode (node_modules/jest-runtime/build/index.js:1505:14)
[1]       at models/migrator.mjs:6:23
[1]       at getMigrate (models/migrator.mjs:6:17)
[1]       at Object.runPendingMigrations (models/migrator.mjs:56:26)
[1]       at Object.runPendingMigrations (tests/orchestrator.js:95:5)
[1]       at Object.<anonymous> (tests/integration/api/v1/users/post.test.js:22:3)
[1] 
[0]  GET /api/v1/status/ 200 in 88ms
[0]  GET /api/v1/status/ 200 in 92ms
[0]  GET /api/v1/status/ 200 in 107ms
[1] FAIL tests/integration/api/v1/users/get.test.js
[1]   GET /api/v1/users
[1]     Anonymous user
[1]       ├ù With no data
[1] 
[1]   ÔùÅ GET /api/v1/users ÔÇ║ Anonymous user ÔÇ║ With no data
[1] 
[1]     Jest encountered an unexpected token
[1] 
[1]     Jest failed to parse a file. This happens e.g. when your code or its dependencies use non-standard JavaScript syntax, or when Jest is not configured to support such syntax.
[1] 
[1]     Out of the box Jest supports Babel, which will be used to transform your files into valid JS based on your Babel configuration.
[1] 
[1]     By default "node_modules" folder is ignored by transformers.
[1] 
[1]     Here's what you can do:
[1]      ÔÇó If you are trying to use ECMAScript Modules, see https://jestjs.io/docs/ecmascript-modules for how to enable it.
[1]      ÔÇó If you are trying to use TypeScript, see https://jestjs.io/docs/getting-started#using-typescript
[1]      ÔÇó To have some of your "node_modules" files transformed, you can specify a custom "transformIgnorePatterns" in your config.
[1]      ÔÇó If you need a custom transformation specify a "transform" option in your config.
[1]      ÔÇó If you simply want to mock your non-JS modules (e.g. binary assets) you can stub them out with the "moduleNameMapper" config option.
[1] 
[1]     You'll find more details and examples of these config options in the docs:
[1]     https://jestjs.io/docs/configuration
[1]     For information about custom transformations, see:
[1]     https://jestjs.io/docs/code-transformation
[1] 
[1]     Details:
[1] 
[1]     C:\www\espaco-dialogico\node_modules\node-pg-migrate\dist\bundle\index.js:2
[1]     import { glob } from "glob";
[1]     ^^^^^^
[1] 
[1]     SyntaxError: Cannot use import statement outside a module
[1] 
[1]     [0m [90m 4 |[39m [36masync[39m [36mfunction[39m getMigrate() {
[1]      [90m 5 |[39m   [36mtry[39m {
[1]     [31m[1m>[22m[39m[90m 6 |[39m     [36mconst[39m mod [33m=[39m [36mawait[39m [36mimport[39m([32m"node-pg-migrate"[39m)[33m;[39m
[1]      [90m   |[39m                       [31m[1m^[22m[39m
[1]      [90m 7 |[39m     
[1]      [90m 8 |[39m     [90m// node-pg-migrate >= 6.x exporta a fun├º├úo runner[39m
[1]      [90m 9 |[39m     [36mif[39m (mod [33m&&[39m [36mtypeof[39m mod[33m.[39mrunner [33m===[39m [32m"function"[39m) {[0m
[1] 
[1]       at Runtime.createScriptFromCode (node_modules/jest-runtime/build/index.js:1505:14)
[1]       at models/migrator.mjs:6:23
[1]       at getMigrate (models/migrator.mjs:6:17)
[1]       at Object.runPendingMigrations (models/migrator.mjs:56:26)
[1]       at Object.runPendingMigrations (tests/orchestrator.js:95:5)
[1]       at Object.<anonymous> (tests/integration/api/v1/users/get.test.js:20:3)
[1] 
[0]  GET /api/v1/status/ 200 in 91ms
[0]  GET /api/v1/status/ 200 in 99ms
[1] FAIL tests/integration/api/v1/terapeutas/post.test.js
[1]   POST /api/v1/terapeutas
[1]     Usu├írio autenticado
[1]       ├ù Authentication setup is successful (1 ms)
[1]       ├ù Com token v├ílido e dados completos
[1]       ├ù Com email duplicado
[1]     Usu├írio n├úo autenticado
[1]       ├ù Tentativa sem autentica├º├úo
[1] 
[1]   ÔùÅ POST /api/v1/terapeutas ÔÇ║ Usu├írio autenticado ÔÇ║ Authentication setup is successful
[1] 
[1]     Jest encountered an unexpected token
[1] 
[1]     Jest failed to parse a file. This happens e.g. when your code or its dependencies use non-standard JavaScript syntax, or when Jest is not configured to support such syntax.
[1] 
[1]     Out of the box Jest supports Babel, which will be used to transform your files into valid JS based on your Babel configuration.
[1] 
[1]     By default "node_modules" folder is ignored by transformers.
[1] 
[1]     Here's what you can do:
[1]      ÔÇó If you are trying to use ECMAScript Modules, see https://jestjs.io/docs/ecmascript-modules for how to enable it.
[1]      ÔÇó If you are trying to use TypeScript, see https://jestjs.io/docs/getting-started#using-typescript
[1]      ÔÇó To have some of your "node_modules" files transformed, you can specify a custom "transformIgnorePatterns" in your config.
[1]      ÔÇó If you need a custom transformation specify a "transform" option in your config.
[1]      ÔÇó If you simply want to mock your non-JS modules (e.g. binary assets) you can stub them out with the "moduleNameMapper" config option.
[1] 
[1]     You'll find more details and examples of these config options in the docs:
[1]     https://jestjs.io/docs/configuration
[1]     For information about custom transformations, see:
[1]     https://jestjs.io/docs/code-transformation
[1] 
[1]     Details:
[1] 
[1]     C:\www\espaco-dialogico\node_modules\node-pg-migrate\dist\bundle\index.js:2
[1]     import { glob } from "glob";
[1]     ^^^^^^
[1] 
[1]     SyntaxError: Cannot use import statement outside a module
[1] 
[1]     [0m [90m 4 |[39m [36masync[39m [36mfunction[39m getMigrate() {
[1]      [90m 5 |[39m   [36mtry[39m {
[1]     [31m[1m>[22m[39m[90m 6 |[39m     [36mconst[39m mod [33m=[39m [36mawait[39m [36mimport[39m([32m"node-pg-migrate"[39m)[33m;[39m
[1]      [90m   |[39m                       [31m[1m^[22m[39m
[1]      [90m 7 |[39m     
[1]      [90m 8 |[39m     [90m// node-pg-migrate >= 6.x exporta a fun├º├úo runner[39m
[1]      [90m 9 |[39m     [36mif[39m (mod [33m&&[39m [36mtypeof[39m mod[33m.[39mrunner [33m===[39m [32m"function"[39m) {[0m
[1] 
[1]       at Runtime.createScriptFromCode (node_modules/jest-runtime/build/index.js:1505:14)
[1]       at models/migrator.mjs:6:23
[1]       at getMigrate (models/migrator.mjs:6:17)
[1]       at Object.runPendingMigrations (models/migrator.mjs:56:26)
[1]       at Object.runPendingMigrations (tests/orchestrator.js:95:5)
[1]       at Object.<anonymous> (tests/integration/api/v1/terapeutas/post.test.js:25:5)
[1] 
[1]   ÔùÅ POST /api/v1/terapeutas ÔÇ║ Usu├írio autenticado ÔÇ║ Com token v├ílido e dados completos
[1] 
[1]     Jest encountered an unexpected token
[1] 
[1]     Jest failed to parse a file. This happens e.g. when your code or its dependencies use non-standard JavaScript syntax, or when Jest is not configured to support such syntax.
[1] 
[1]     Out of the box Jest supports Babel, which will be used to transform your files into valid JS based on your Babel configuration.
[1] 
[1]     By default "node_modules" folder is ignored by transformers.
[1] 
[1]     Here's what you can do:
[1]      ÔÇó If you are trying to use ECMAScript Modules, see https://jestjs.io/docs/ecmascript-modules for how to enable it.
[1]      ÔÇó If you are trying to use TypeScript, see https://jestjs.io/docs/getting-started#using-typescript
[1]      ÔÇó To have some of your "node_modules" files transformed, you can specify a custom "transformIgnorePatterns" in your config.
[1]      ÔÇó If you need a custom transformation specify a "transform" option in your config.
[1]      ÔÇó If you simply want to mock your non-JS modules (e.g. binary assets) you can stub them out with the "moduleNameMapper" config option.
[1] 
[1]     You'll find more details and examples of these config options in the docs:
[1]     https://jestjs.io/docs/configuration
[1]     For information about custom transformations, see:
[1]     https://jestjs.io/docs/code-transformation
[1] 
[1]     Details:
[1] 
[1]     C:\www\espaco-dialogico\node_modules\node-pg-migrate\dist\bundle\index.js:2
[1]     import { glob } from "glob";
[1]     ^^^^^^
[1] 
[1]     SyntaxError: Cannot use import statement outside a module
[1] 
[1]     [0m [90m 4 |[39m [36masync[39m [36mfunction[39m getMigrate() {
[1]      [90m 5 |[39m   [36mtry[39m {
[1]     [31m[1m>[22m[39m[90m 6 |[39m     [36mconst[39m mod [33m=[39m [36mawait[39m [36mimport[39m([32m"node-pg-migrate"[39m)[33m;[39m
[1]      [90m   |[39m                       [31m[1m^[22m[39m
[1]      [90m 7 |[39m     
[1]      [90m 8 |[39m     [90m// node-pg-migrate >= 6.x exporta a fun├º├úo runner[39m
[1]      [90m 9 |[39m     [36mif[39m (mod [33m&&[39m [36mtypeof[39m mod[33m.[39mrunner [33m===[39m [32m"function"[39m) {[0m
[1] 
[1]       at Runtime.createScriptFromCode (node_modules/jest-runtime/build/index.js:1505:14)
[1]       at models/migrator.mjs:6:23
[1]       at getMigrate (models/migrator.mjs:6:17)
[1]       at Object.runPendingMigrations (models/migrator.mjs:56:26)
[1]       at Object.runPendingMigrations (tests/orchestrator.js:95:5)
[1]       at Object.<anonymous> (tests/integration/api/v1/terapeutas/post.test.js:25:5)
[1] 
[1]   ÔùÅ POST /api/v1/terapeutas ÔÇ║ Usu├írio autenticado ÔÇ║ Com email duplicado
[1] 
[1]     Jest encountered an unexpected token
[1] 
[1]     Jest failed to parse a file. This happens e.g. when your code or its dependencies use non-standard JavaScript syntax, or when Jest is not configured to support such syntax.
[1] 
[1]     Out of the box Jest supports Babel, which will be used to transform your files into valid JS based on your Babel configuration.
[1] 
[1]     By default "node_modules" folder is ignored by transformers.
[1] 
[1]     Here's what you can do:
[1]      ÔÇó If you are trying to use ECMAScript Modules, see https://jestjs.io/docs/ecmascript-modules for how to enable it.
[1]      ÔÇó If you are trying to use TypeScript, see https://jestjs.io/docs/getting-started#using-typescript
[1]      ÔÇó To have some of your "node_modules" files transformed, you can specify a custom "transformIgnorePatterns" in your config.
[1]      ÔÇó If you need a custom transformation specify a "transform" option in your config.
[1]      ÔÇó If you simply want to mock your non-JS modules (e.g. binary assets) you can stub them out with the "moduleNameMapper" config option.
[1] 
[1]     You'll find more details and examples of these config options in the docs:
[1]     https://jestjs.io/docs/configuration
[1]     For information about custom transformations, see:
[1]     https://jestjs.io/docs/code-transformation
[1] 
[1]     Details:
[1] 
[1]     C:\www\espaco-dialogico\node_modules\node-pg-migrate\dist\bundle\index.js:2
[1]     import { glob } from "glob";
[1]     ^^^^^^
[1] 
[1]     SyntaxError: Cannot use import statement outside a module
[1] 
[1]     [0m [90m 4 |[39m [36masync[39m [36mfunction[39m getMigrate() {
[1]      [90m 5 |[39m   [36mtry[39m {
[1]     [31m[1m>[22m[39m[90m 6 |[39m     [36mconst[39m mod [33m=[39m [36mawait[39m [36mimport[39m([32m"node-pg-migrate"[39m)[33m;[39m
[1]      [90m   |[39m                       [31m[1m^[22m[39m
[1]      [90m 7 |[39m     
[1]      [90m 8 |[39m     [90m// node-pg-migrate >= 6.x exporta a fun├º├úo runner[39m
[1]      [90m 9 |[39m     [36mif[39m (mod [33m&&[39m [36mtypeof[39m mod[33m.[39mrunner [33m===[39m [32m"function"[39m) {[0m
[1] 
[1]       at Runtime.createScriptFromCode (node_modules/jest-runtime/build/index.js:1505:14)
[1]       at models/migrator.mjs:6:23
[1]       at getMigrate (models/migrator.mjs:6:17)
[1]       at Object.runPendingMigrations (models/migrator.mjs:56:26)
[1]       at Object.runPendingMigrations (tests/orchestrator.js:95:5)
[1]       at Object.<anonymous> (tests/integration/api/v1/terapeutas/post.test.js:25:5)
[1] 
[1]   ÔùÅ POST /api/v1/terapeutas ÔÇ║ Usu├írio n├úo autenticado ÔÇ║ Tentativa sem autentica├º├úo
[1] 
[1]     Jest encountered an unexpected token
[1] 
[1]     Jest failed to parse a file. This happens e.g. when your code or its dependencies use non-standard JavaScript syntax, or when Jest is not configured to support such syntax.
[1] 
[1]     Out of the box Jest supports Babel, which will be used to transform your files into valid JS based on your Babel configuration.
[1] 
[1]     By default "node_modules" folder is ignored by transformers.
[1] 
[1]     Here's what you can do:
[1]      ÔÇó If you are trying to use ECMAScript Modules, see https://jestjs.io/docs/ecmascript-modules for how to enable it.
[1]      ÔÇó If you are trying to use TypeScript, see https://jestjs.io/docs/getting-started#using-typescript
[1]      ÔÇó To have some of your "node_modules" files transformed, you can specify a custom "transformIgnorePatterns" in your config.
[1]      ÔÇó If you need a custom transformation specify a "transform" option in your config.
[1]      ÔÇó If you simply want to mock your non-JS modules (e.g. binary assets) you can stub them out with the "moduleNameMapper" config option.
[1] 
[1]     You'll find more details and examples of these config options in the docs:
[1]     https://jestjs.io/docs/configuration
[1]     For information about custom transformations, see:
[1]     https://jestjs.io/docs/code-transformation
[1] 
[1]     Details:
[1] 
[1]     C:\www\espaco-dialogico\node_modules\node-pg-migrate\dist\bundle\index.js:2
[1]     import { glob } from "glob";
[1]     ^^^^^^
[1] 
[1]     SyntaxError: Cannot use import statement outside a module
[1] 
[1]     [0m [90m 4 |[39m [36masync[39m [36mfunction[39m getMigrate() {
[1]      [90m 5 |[39m   [36mtry[39m {
[1]     [31m[1m>[22m[39m[90m 6 |[39m     [36mconst[39m mod [33m=[39m [36mawait[39m [36mimport[39m([32m"node-pg-migrate"[39m)[33m;[39m
[1]      [90m   |[39m                       [31m[1m^[22m[39m
[1]      [90m 7 |[39m     
[1]      [90m 8 |[39m     [90m// node-pg-migrate >= 6.x exporta a fun├º├úo runner[39m
[1]      [90m 9 |[39m     [36mif[39m (mod [33m&&[39m [36mtypeof[39m mod[33m.[39mrunner [33m===[39m [32m"function"[39m) {[0m
[1] 
[1]       at Runtime.createScriptFromCode (node_modules/jest-runtime/build/index.js:1505:14)
[1]       at models/migrator.mjs:6:23
[1]       at getMigrate (models/migrator.mjs:6:17)
[1]       at Object.runPendingMigrations (models/migrator.mjs:56:26)
[1]       at Object.runPendingMigrations (tests/orchestrator.js:95:5)
[1]       at Object.<anonymous> (tests/integration/api/v1/terapeutas/post.test.js:25:5)
[1] 
[0]  GET /api/v1/status/ 200 in 92ms
[1] FAIL tests/integration/api/v1/auth/login.test.js
[1]   POST /api/v1/auth/login
[1]     ├ù deve autenticar com credenciais v├ílidas e criar uma sess├úo (35 ms)
[1]     ├ù n├úo deve autenticar com senha incorreta (25 ms)
[1] 
[1]   ÔùÅ POST /api/v1/auth/login ÔÇ║ deve autenticar com credenciais v├ílidas e criar uma sess├úo
[1] 
[1]     Jest encountered an unexpected token
[1] 
[1]     Jest failed to parse a file. This happens e.g. when your code or its dependencies use non-standard JavaScript syntax, or when Jest is not configured to support such syntax.
[1] 
[1]     Out of the box Jest supports Babel, which will be used to transform your files into valid JS based on your Babel configuration.
[1] 
[1]     By default "node_modules" folder is ignored by transformers.
[1] 
[1]     Here's what you can do:
[1]      ÔÇó If you are trying to use ECMAScript Modules, see https://jestjs.io/docs/ecmascript-modules for how to enable it.
[1]      ÔÇó If you are trying to use TypeScript, see https://jestjs.io/docs/getting-started#using-typescript
[1]      ÔÇó To have some of your "node_modules" files transformed, you can specify a custom "transformIgnorePatterns" in your config.
[1]      ÔÇó If you need a custom transformation specify a "transform" option in your config.
[1]      ÔÇó If you simply want to mock your non-JS modules (e.g. binary assets) you can stub them out with the "moduleNameMapper" config option.
[1] 
[1]     You'll find more details and examples of these config options in the docs:
[1]     https://jestjs.io/docs/configuration
[1]     For information about custom transformations, see:
[1]     https://jestjs.io/docs/code-transformation
[1] 
[1]     Details:
[1] 
[1]     C:\www\espaco-dialogico\node_modules\node-pg-migrate\dist\bundle\index.js:2
[1]     import { glob } from "glob";
[1]     ^^^^^^
[1] 
[1]     SyntaxError: Cannot use import statement outside a module
[1] 
[1]     [0m [90m 4 |[39m [36masync[39m [36mfunction[39m getMigrate() {
[1]      [90m 5 |[39m   [36mtry[39m {
[1]     [31m[1m>[22m[39m[90m 6 |[39m     [36mconst[39m mod [33m=[39m [36mawait[39m [36mimport[39m([32m"node-pg-migrate"[39m)[33m;[39m
[1]      [90m   |[39m                       [31m[1m^[22m[39m
[1]      [90m 7 |[39m     
[1]      [90m 8 |[39m     [90m// node-pg-migrate >= 6.x exporta a fun├º├úo runner[39m
[1]      [90m 9 |[39m     [36mif[39m (mod [33m&&[39m [36mtypeof[39m mod[33m.[39mrunner [33m===[39m [32m"function"[39m) {[0m
[1] 
[1]       at Runtime.createScriptFromCode (node_modules/jest-runtime/build/index.js:1505:14)
[1]       at models/migrator.mjs:6:23
[1]       at getMigrate (models/migrator.mjs:6:17)
[1]       at Object.runPendingMigrations (models/migrator.mjs:56:26)
[1]       at Object.runPendingMigrations (tests/orchestrator.js:95:5)
[1]       at Object.<anonymous> (tests/integration/api/v1/auth/login.test.js:52:3)
[1] 
[1]   ÔùÅ POST /api/v1/auth/login ÔÇ║ n├úo deve autenticar com senha incorreta
[1] 
[1]     Jest encountered an unexpected token
[1] 
[1]     Jest failed to parse a file. This happens e.g. when your code or its dependencies use non-standard JavaScript syntax, or when Jest is not configured to support such syntax.
[1] 
[1]     Out of the box Jest supports Babel, which will be used to transform your files into valid JS based on your Babel configuration.
[1] 
[1]     By default "node_modules" folder is ignored by transformers.
[1] 
[1]     Here's what you can do:
[1]      ÔÇó If you are trying to use ECMAScript Modules, see https://jestjs.io/docs/ecmascript-modules for how to enable it.
[1]      ÔÇó If you are trying to use TypeScript, see https://jestjs.io/docs/getting-started#using-typescript
[1]      ÔÇó To have some of your "node_modules" files transformed, you can specify a custom "transformIgnorePatterns" in your config.
[1]      ÔÇó If you need a custom transformation specify a "transform" option in your config.
[1]      ÔÇó If you simply want to mock your non-JS modules (e.g. binary assets) you can stub them out with the "moduleNameMapper" config option.
[1] 
[1]     You'll find more details and examples of these config options in the docs:
[1]     https://jestjs.io/docs/configuration
[1]     For information about custom transformations, see:
[1]     https://jestjs.io/docs/code-transformation
[1] 
[1]     Details:
[1] 
[1]     C:\www\espaco-dialogico\node_modules\node-pg-migrate\dist\bundle\index.js:2
[1]     import { glob } from "glob";
[1]     ^^^^^^
[1] 
[1]     SyntaxError: Cannot use import statement outside a module
[1] 
[1]     [0m [90m 4 |[39m [36masync[39m [36mfunction[39m getMigrate() {
[1]      [90m 5 |[39m   [36mtry[39m {
[1]     [31m[1m>[22m[39m[90m 6 |[39m     [36mconst[39m mod [33m=[39m [36mawait[39m [36mimport[39m([32m"node-pg-migrate"[39m)[33m;[39m
[1]      [90m   |[39m                       [31m[1m^[22m[39m
[1]      [90m 7 |[39m     
[1]      [90m 8 |[39m     [90m// node-pg-migrate >= 6.x exporta a fun├º├úo runner[39m
[1]      [90m 9 |[39m     [36mif[39m (mod [33m&&[39m [36mtypeof[39m mod[33m.[39mrunner [33m===[39m [32m"function"[39m) {[0m
[1] 
[1]       at Runtime.createScriptFromCode (node_modules/jest-runtime/build/index.js:1505:14)
[1]       at models/migrator.mjs:6:23
[1]       at getMigrate (models/migrator.mjs:6:17)
[1]       at Object.runPendingMigrations (models/migrator.mjs:56:26)
[1]       at Object.runPendingMigrations (tests/orchestrator.js:95:5)
[1]       at Object.<anonymous> (tests/integration/api/v1/auth/login.test.js:52:3)
[1] 
[0]  GET /api/v1/status/ 200 in 129ms
[1] FAIL tests/integration/api/v1/admin/users/delete.test.js
[1]   DELETE /api/v1/admin/users/[userId]
[1]     ├ù Deve excluir o usu├írio quando solicitado por um administrador
[1]     ├ù Deve excluir m├║ltiplos usu├írios em sequ├¬ncia
[1]     ├ù Deve rejeitar exclus├úo quando o usu├írio n├úo ├® um administrador
[1]     ├ù Deve rejeitar exclus├úo quando o usu├írio n├úo existe
[1]     ├ù Deve impedir que um administrador exclua sua pr├│pria conta
[1]     ├ù Deve validar o token de autentica├º├úo
[1]     ├ù Deve rejeitar token inv├ílido
[1] 
[1]   ÔùÅ DELETE /api/v1/admin/users/[userId] ÔÇ║ Deve excluir o usu├írio quando solicitado por um administrador
[1] 
[1]     Jest encountered an unexpected token
[1] 
[1]     Jest failed to parse a file. This happens e.g. when your code or its dependencies use non-standard JavaScript syntax, or when Jest is not configured to support such syntax.
[1] 
[1]     Out of the box Jest supports Babel, which will be used to transform your files into valid JS based on your Babel configuration.
[1] 
[1]     By default "node_modules" folder is ignored by transformers.
[1] 
[1]     Here's what you can do:
[1]      ÔÇó If you are trying to use ECMAScript Modules, see https://jestjs.io/docs/ecmascript-modules for how to enable it.
[1]      ÔÇó If you are trying to use TypeScript, see https://jestjs.io/docs/getting-started#using-typescript
[1]      ÔÇó To have some of your "node_modules" files transformed, you can specify a custom "transformIgnorePatterns" in your config.
[1]      ÔÇó If you need a custom transformation specify a "transform" option in your config.
[1]      ÔÇó If you simply want to mock your non-JS modules (e.g. binary assets) you can stub them out with the "moduleNameMapper" config option.
[1] 
[1]     You'll find more details and examples of these config options in the docs:
[1]     https://jestjs.io/docs/configuration
[1]     For information about custom transformations, see:
[1]     https://jestjs.io/docs/code-transformation
[1] 
[1]     Details:
[1] 
[1]     C:\www\espaco-dialogico\node_modules\node-pg-migrate\dist\bundle\index.js:2
[1]     import { glob } from "glob";
[1]     ^^^^^^
[1] 
[1]     SyntaxError: Cannot use import statement outside a module
[1] 
[1]     [0m [90m 4 |[39m [36masync[39m [36mfunction[39m getMigrate() {
[1]      [90m 5 |[39m   [36mtry[39m {
[1]     [31m[1m>[22m[39m[90m 6 |[39m     [36mconst[39m mod [33m=[39m [36mawait[39m [36mimport[39m([32m"node-pg-migrate"[39m)[33m;[39m
[1]      [90m   |[39m                       [31m[1m^[22m[39m
[1]      [90m 7 |[39m     
[1]      [90m 8 |[39m     [90m// node-pg-migrate >= 6.x exporta a fun├º├úo runner[39m
[1]      [90m 9 |[39m     [36mif[39m (mod [33m&&[39m [36mtypeof[39m mod[33m.[39mrunner [33m===[39m [32m"function"[39m) {[0m
[1] 
[1]       at Runtime.createScriptFromCode (node_modules/jest-runtime/build/index.js:1505:14)
[1]       at models/migrator.mjs:6:23
[1]       at getMigrate (models/migrator.mjs:6:17)
[1]       at Object.runPendingMigrations (models/migrator.mjs:56:26)
[1]       at Object.runPendingMigrations (tests/orchestrator.js:95:5)
[1]       at Object.<anonymous> (tests/integration/api/v1/admin/users/delete.test.js:48:3)
[1] 
[1]   ÔùÅ DELETE /api/v1/admin/users/[userId] ÔÇ║ Deve excluir m├║ltiplos usu├írios em sequ├¬ncia
[1] 
[1]     Jest encountered an unexpected token
[1] 
[1]     Jest failed to parse a file. This happens e.g. when your code or its dependencies use non-standard JavaScript syntax, or when Jest is not configured to support such syntax.
[1] 
[1]     Out of the box Jest supports Babel, which will be used to transform your files into valid JS based on your Babel configuration.
[1] 
[1]     By default "node_modules" folder is ignored by transformers.
[1] 
[1]     Here's what you can do:
[1]      ÔÇó If you are trying to use ECMAScript Modules, see https://jestjs.io/docs/ecmascript-modules for how to enable it.
[1]      ÔÇó If you are trying to use TypeScript, see https://jestjs.io/docs/getting-started#using-typescript
[1]      ÔÇó To have some of your "node_modules" files transformed, you can specify a custom "transformIgnorePatterns" in your config.
[1]      ÔÇó If you need a custom transformation specify a "transform" option in your config.
[1]      ÔÇó If you simply want to mock your non-JS modules (e.g. binary assets) you can stub them out with the "moduleNameMapper" config option.
[1] 
[1]     You'll find more details and examples of these config options in the docs:
[1]     https://jestjs.io/docs/configuration
[1]     For information about custom transformations, see:
[1]     https://jestjs.io/docs/code-transformation
[1] 
[1]     Details:
[1] 
[1]     C:\www\espaco-dialogico\node_modules\node-pg-migrate\dist\bundle\index.js:2
[1]     import { glob } from "glob";
[1]     ^^^^^^
[1] 
[1]     SyntaxError: Cannot use import statement outside a module
[1] 
[1]     [0m [90m 4 |[39m [36masync[39m [36mfunction[39m getMigrate() {
[1]      [90m 5 |[39m   [36mtry[39m {
[1]     [31m[1m>[22m[39m[90m 6 |[39m     [36mconst[39m mod [33m=[39m [36mawait[39m [36mimport[39m([32m"node-pg-migrate"[39m)[33m;[39m
[1]      [90m   |[39m                       [31m[1m^[22m[39m
[1]      [90m 7 |[39m     
[1]      [90m 8 |[39m     [90m// node-pg-migrate >= 6.x exporta a fun├º├úo runner[39m
[1]      [90m 9 |[39m     [36mif[39m (mod [33m&&[39m [36mtypeof[39m mod[33m.[39mrunner [33m===[39m [32m"function"[39m) {[0m
[1] 
[1]       at Runtime.createScriptFromCode (node_modules/jest-runtime/build/index.js:1505:14)
[1]       at models/migrator.mjs:6:23
[1]       at getMigrate (models/migrator.mjs:6:17)
[1]       at Object.runPendingMigrations (models/migrator.mjs:56:26)
[1]       at Object.runPendingMigrations (tests/orchestrator.js:95:5)
[1]       at Object.<anonymous> (tests/integration/api/v1/admin/users/delete.test.js:48:3)
[1] 
[1]   ÔùÅ DELETE /api/v1/admin/users/[userId] ÔÇ║ Deve rejeitar exclus├úo quando o usu├írio n├úo ├® um administrador
[1] 
[1]     Jest encountered an unexpected token
[1] 
[1]     Jest failed to parse a file. This happens e.g. when your code or its dependencies use non-standard JavaScript syntax, or when Jest is not configured to support such syntax.
[1] 
[1]     Out of the box Jest supports Babel, which will be used to transform your files into valid JS based on your Babel configuration.
[1] 
[1]     By default "node_modules" folder is ignored by transformers.
[1] 
[1]     Here's what you can do:
[1]      ÔÇó If you are trying to use ECMAScript Modules, see https://jestjs.io/docs/ecmascript-modules for how to enable it.
[1]      ÔÇó If you are trying to use TypeScript, see https://jestjs.io/docs/getting-started#using-typescript
[1]      ÔÇó To have some of your "node_modules" files transformed, you can specify a custom "transformIgnorePatterns" in your config.
[1]      ÔÇó If you need a custom transformation specify a "transform" option in your config.
[1]      ÔÇó If you simply want to mock your non-JS modules (e.g. binary assets) you can stub them out with the "moduleNameMapper" config option.
[1] 
[1]     You'll find more details and examples of these config options in the docs:
[1]     https://jestjs.io/docs/configuration
[1]     For information about custom transformations, see:
[1]     https://jestjs.io/docs/code-transformation
[1] 
[1]     Details:
[1] 
[1]     C:\www\espaco-dialogico\node_modules\node-pg-migrate\dist\bundle\index.js:2
[1]     import { glob } from "glob";
[1]     ^^^^^^
[1] 
[1]     SyntaxError: Cannot use import statement outside a module
[1] 
[1]     [0m [90m 4 |[39m [36masync[39m [36mfunction[39m getMigrate() {
[1]      [90m 5 |[39m   [36mtry[39m {
[1]     [31m[1m>[22m[39m[90m 6 |[39m     [36mconst[39m mod [33m=[39m [36mawait[39m [36mimport[39m([32m"node-pg-migrate"[39m)[33m;[39m
[1]      [90m   |[39m                       [31m[1m^[22m[39m
[1]      [90m 7 |[39m     
[1]      [90m 8 |[39m     [90m// node-pg-migrate >= 6.x exporta a fun├º├úo runner[39m
[1]      [90m 9 |[39m     [36mif[39m (mod [33m&&[39m [36mtypeof[39m mod[33m.[39mrunner [33m===[39m [32m"function"[39m) {[0m
[1] 
[1]       at Runtime.createScriptFromCode (node_modules/jest-runtime/build/index.js:1505:14)
[1]       at models/migrator.mjs:6:23
[1]       at getMigrate (models/migrator.mjs:6:17)
[1]       at Object.runPendingMigrations (models/migrator.mjs:56:26)
[1]       at Object.runPendingMigrations (tests/orchestrator.js:95:5)
[1]       at Object.<anonymous> (tests/integration/api/v1/admin/users/delete.test.js:48:3)
[1] 
[1]   ÔùÅ DELETE /api/v1/admin/users/[userId] ÔÇ║ Deve rejeitar exclus├úo quando o usu├írio n├úo existe
[1] 
[1]     Jest encountered an unexpected token
[1] 
[1]     Jest failed to parse a file. This happens e.g. when your code or its dependencies use non-standard JavaScript syntax, or when Jest is not configured to support such syntax.
[1] 
[1]     Out of the box Jest supports Babel, which will be used to transform your files into valid JS based on your Babel configuration.
[1] 
[1]     By default "node_modules" folder is ignored by transformers.
[1] 
[1]     Here's what you can do:
[1]      ÔÇó If you are trying to use ECMAScript Modules, see https://jestjs.io/docs/ecmascript-modules for how to enable it.
[1]      ÔÇó If you are trying to use TypeScript, see https://jestjs.io/docs/getting-started#using-typescript
[1]      ÔÇó To have some of your "node_modules" files transformed, you can specify a custom "transformIgnorePatterns" in your config.
[1]      ÔÇó If you need a custom transformation specify a "transform" option in your config.
[1]      ÔÇó If you simply want to mock your non-JS modules (e.g. binary assets) you can stub them out with the "moduleNameMapper" config option.
[1] 
[1]     You'll find more details and examples of these config options in the docs:
[1]     https://jestjs.io/docs/configuration
[1]     For information about custom transformations, see:
[1]     https://jestjs.io/docs/code-transformation
[1] 
[1]     Details:
[1] 
[1]     C:\www\espaco-dialogico\node_modules\node-pg-migrate\dist\bundle\index.js:2
[1]     import { glob } from "glob";
[1]     ^^^^^^
[1] 
[1]     SyntaxError: Cannot use import statement outside a module
[1] 
[1]     [0m [90m 4 |[39m [36masync[39m [36mfunction[39m getMigrate() {
[1]      [90m 5 |[39m   [36mtry[39m {
[1]     [31m[1m>[22m[39m[90m 6 |[39m     [36mconst[39m mod [33m=[39m [36mawait[39m [36mimport[39m([32m"node-pg-migrate"[39m)[33m;[39m
[1]      [90m   |[39m                       [31m[1m^[22m[39m
[1]      [90m 7 |[39m     
[1]      [90m 8 |[39m     [90m// node-pg-migrate >= 6.x exporta a fun├º├úo runner[39m
[1]      [90m 9 |[39m     [36mif[39m (mod [33m&&[39m [36mtypeof[39m mod[33m.[39mrunner [33m===[39m [32m"function"[39m) {[0m
[1] 
[1]       at Runtime.createScriptFromCode (node_modules/jest-runtime/build/index.js:1505:14)
[1]       at models/migrator.mjs:6:23
[1]       at getMigrate (models/migrator.mjs:6:17)
[1]       at Object.runPendingMigrations (models/migrator.mjs:56:26)
[1]       at Object.runPendingMigrations (tests/orchestrator.js:95:5)
[1]       at Object.<anonymous> (tests/integration/api/v1/admin/users/delete.test.js:48:3)
[1] 
[1]   ÔùÅ DELETE /api/v1/admin/users/[userId] ÔÇ║ Deve impedir que um administrador exclua sua pr├│pria conta
[1] 
[1]     Jest encountered an unexpected token
[1] 
[1]     Jest failed to parse a file. This happens e.g. when your code or its dependencies use non-standard JavaScript syntax, or when Jest is not configured to support such syntax.
[1] 
[1]     Out of the box Jest supports Babel, which will be used to transform your files into valid JS based on your Babel configuration.
[1] 
[1]     By default "node_modules" folder is ignored by transformers.
[1] 
[1]     Here's what you can do:
[1]      ÔÇó If you are trying to use ECMAScript Modules, see https://jestjs.io/docs/ecmascript-modules for how to enable it.
[1]      ÔÇó If you are trying to use TypeScript, see https://jestjs.io/docs/getting-started#using-typescript
[1]      ÔÇó To have some of your "node_modules" files transformed, you can specify a custom "transformIgnorePatterns" in your config.
[1]      ÔÇó If you need a custom transformation specify a "transform" option in your config.
[1]      ÔÇó If you simply want to mock your non-JS modules (e.g. binary assets) you can stub them out with the "moduleNameMapper" config option.
[1] 
[1]     You'll find more details and examples of these config options in the docs:
[1]     https://jestjs.io/docs/configuration
[1]     For information about custom transformations, see:
[1]     https://jestjs.io/docs/code-transformation
[1] 
[1]     Details:
[1] 
[1]     C:\www\espaco-dialogico\node_modules\node-pg-migrate\dist\bundle\index.js:2
[1]     import { glob } from "glob";
[1]     ^^^^^^
[1] 
[1]     SyntaxError: Cannot use import statement outside a module
[1] 
[1]     [0m [90m 4 |[39m [36masync[39m [36mfunction[39m getMigrate() {
[1]      [90m 5 |[39m   [36mtry[39m {
[1]     [31m[1m>[22m[39m[90m 6 |[39m     [36mconst[39m mod [33m=[39m [36mawait[39m [36mimport[39m([32m"node-pg-migrate"[39m)[33m;[39m
[1]      [90m   |[39m                       [31m[1m^[22m[39m
[1]      [90m 7 |[39m     
[1]      [90m 8 |[39m     [90m// node-pg-migrate >= 6.x exporta a fun├º├úo runner[39m
[1]      [90m 9 |[39m     [36mif[39m (mod [33m&&[39m [36mtypeof[39m mod[33m.[39mrunner [33m===[39m [32m"function"[39m) {[0m
[1] 
[1]       at Runtime.createScriptFromCode (node_modules/jest-runtime/build/index.js:1505:14)
[1]       at models/migrator.mjs:6:23
[1]       at getMigrate (models/migrator.mjs:6:17)
[1]       at Object.runPendingMigrations (models/migrator.mjs:56:26)
[1]       at Object.runPendingMigrations (tests/orchestrator.js:95:5)
[1]       at Object.<anonymous> (tests/integration/api/v1/admin/users/delete.test.js:48:3)
[1] 
[1]   ÔùÅ DELETE /api/v1/admin/users/[userId] ÔÇ║ Deve validar o token de autentica├º├úo
[1] 
[1]     Jest encountered an unexpected token
[1] 
[1]     Jest failed to parse a file. This happens e.g. when your code or its dependencies use non-standard JavaScript syntax, or when Jest is not configured to support such syntax.
[1] 
[1]     Out of the box Jest supports Babel, which will be used to transform your files into valid JS based on your Babel configuration.
[1] 
[1]     By default "node_modules" folder is ignored by transformers.
[1] 
[1]     Here's what you can do:
[1]      ÔÇó If you are trying to use ECMAScript Modules, see https://jestjs.io/docs/ecmascript-modules for how to enable it.
[1]      ÔÇó If you are trying to use TypeScript, see https://jestjs.io/docs/getting-started#using-typescript
[1]      ÔÇó To have some of your "node_modules" files transformed, you can specify a custom "transformIgnorePatterns" in your config.
[1]      ÔÇó If you need a custom transformation specify a "transform" option in your config.
[1]      ÔÇó If you simply want to mock your non-JS modules (e.g. binary assets) you can stub them out with the "moduleNameMapper" config option.
[1] 
[1]     You'll find more details and examples of these config options in the docs:
[1]     https://jestjs.io/docs/configuration
[1]     For information about custom transformations, see:
[1]     https://jestjs.io/docs/code-transformation
[1] 
[1]     Details:
[1] 
[1]     C:\www\espaco-dialogico\node_modules\node-pg-migrate\dist\bundle\index.js:2
[1]     import { glob } from "glob";
[1]     ^^^^^^
[1] 
[1]     SyntaxError: Cannot use import statement outside a module
[1] 
[1]     [0m [90m 4 |[39m [36masync[39m [36mfunction[39m getMigrate() {
[1]      [90m 5 |[39m   [36mtry[39m {
[1]     [31m[1m>[22m[39m[90m 6 |[39m     [36mconst[39m mod [33m=[39m [36mawait[39m [36mimport[39m([32m"node-pg-migrate"[39m)[33m;[39m
[1]      [90m   |[39m                       [31m[1m^[22m[39m
[1]      [90m 7 |[39m     
[1]      [90m 8 |[39m     [90m// node-pg-migrate >= 6.x exporta a fun├º├úo runner[39m
[1]      [90m 9 |[39m     [36mif[39m (mod [33m&&[39m [36mtypeof[39m mod[33m.[39mrunner [33m===[39m [32m"function"[39m) {[0m
[1] 
[1]       at Runtime.createScriptFromCode (node_modules/jest-runtime/build/index.js:1505:14)
[1]       at models/migrator.mjs:6:23
[1]       at getMigrate (models/migrator.mjs:6:17)
[1]       at Object.runPendingMigrations (models/migrator.mjs:56:26)
[1]       at Object.runPendingMigrations (tests/orchestrator.js:95:5)
[1]       at Object.<anonymous> (tests/integration/api/v1/admin/users/delete.test.js:48:3)
[1] 
[1]   ÔùÅ DELETE /api/v1/admin/users/[userId] ÔÇ║ Deve rejeitar token inv├ílido
[1] 
[1]     Jest encountered an unexpected token
[1] 
[1]     Jest failed to parse a file. This happens e.g. when your code or its dependencies use non-standard JavaScript syntax, or when Jest is not configured to support such syntax.
[1] 
[1]     Out of the box Jest supports Babel, which will be used to transform your files into valid JS based on your Babel configuration.
[1] 
[1]     By default "node_modules" folder is ignored by transformers.
[1] 
[1]     Here's what you can do:
[1]      ÔÇó If you are trying to use ECMAScript Modules, see https://jestjs.io/docs/ecmascript-modules for how to enable it.
[1]      ÔÇó If you are trying to use TypeScript, see https://jestjs.io/docs/getting-started#using-typescript
[1]      ÔÇó To have some of your "node_modules" files transformed, you can specify a custom "transformIgnorePatterns" in your config.
[1]      ÔÇó If you need a custom transformation specify a "transform" option in your config.
[1]      ÔÇó If you simply want to mock your non-JS modules (e.g. binary assets) you can stub them out with the "moduleNameMapper" config option.
[1] 
[1]     You'll find more details and examples of these config options in the docs:
[1]     https://jestjs.io/docs/configuration
[1]     For information about custom transformations, see:
[1]     https://jestjs.io/docs/code-transformation
[1] 
[1]     Details:
[1] 
[1]     C:\www\espaco-dialogico\node_modules\node-pg-migrate\dist\bundle\index.js:2
[1]     import { glob } from "glob";
[1]     ^^^^^^
[1] 
[1]     SyntaxError: Cannot use import statement outside a module
[1] 
[1]     [0m [90m 4 |[39m [36masync[39m [36mfunction[39m getMigrate() {
[1]      [90m 5 |[39m   [36mtry[39m {
[1]     [31m[1m>[22m[39m[90m 6 |[39m     [36mconst[39m mod [33m=[39m [36mawait[39m [36mimport[39m([32m"node-pg-migrate"[39m)[33m;[39m
[1]      [90m   |[39m                       [31m[1m^[22m[39m
[1]      [90m 7 |[39m     
[1]      [90m 8 |[39m     [90m// node-pg-migrate >= 6.x exporta a fun├º├úo runner[39m
[1]      [90m 9 |[39m     [36mif[39m (mod [33m&&[39m [36mtypeof[39m mod[33m.[39mrunner [33m===[39m [32m"function"[39m) {[0m
[1] 
[1]       at Runtime.createScriptFromCode (node_modules/jest-runtime/build/index.js:1505:14)
[1]       at models/migrator.mjs:6:23
[1]       at getMigrate (models/migrator.mjs:6:17)
[1]       at Object.runPendingMigrations (models/migrator.mjs:56:26)
[1]       at Object.runPendingMigrations (tests/orchestrator.js:95:5)
[1]       at Object.<anonymous> (tests/integration/api/v1/admin/users/delete.test.js:48:3)
[1] 
[0]  GET /api/v1/status/ 200 in 105ms
[1] FAIL tests/integration/api/v1/sessions/get.test.js
[1]   GET /api/v1/admin/sessions
[1]     ├ù Deve retornar erro 401 para usu├írio n├úo autenticado
[1]     ├ù Deve retornar erro 401 para token inv├ílido
[1]     ├ù Deve permitir acesso para usu├írio admin e listar sess├Áes
[1]   POST /api/v1/admin/sessions
[1]     ├ù Deve retornar erro 400 quando userId n├úo ├® fornecido
[1]     ├ù Deve retornar erro 401 para usu├írio n├úo autenticado tentando for├ºar logout
[1]     ├ù Deve retornar erro 401 para token inv├ílido tentando for├ºar logout
[1]     ├ù Deve funcionar corretamente o controle de sess├Áes do admin
[1]     ├ù Deve for├ºar a revalida├º├úo do token se a sess├úo n├úo existir no banco de dados
[1]     ├ù Deve manter apenas uma sess├úo ativa por usu├írio
[1]     ├ù Deve demonstrar o comportamento do sistema de intercepta├º├úo de sess├úo
[1] 
[1]   ÔùÅ GET /api/v1/admin/sessions ÔÇ║ Deve retornar erro 401 para usu├írio n├úo autenticado
[1] 
[1]     Jest encountered an unexpected token
[1] 
[1]     Jest failed to parse a file. This happens e.g. when your code or its dependencies use non-standard JavaScript syntax, or when Jest is not configured to support such syntax.
[1] 
[1]     Out of the box Jest supports Babel, which will be used to transform your files into valid JS based on your Babel configuration.
[1] 
[1]     By default "node_modules" folder is ignored by transformers.
[1] 
[1]     Here's what you can do:
[1]      ÔÇó If you are trying to use ECMAScript Modules, see https://jestjs.io/docs/ecmascript-modules for how to enable it.
[1]      ÔÇó If you are trying to use TypeScript, see https://jestjs.io/docs/getting-started#using-typescript
[1]      ÔÇó To have some of your "node_modules" files transformed, you can specify a custom "transformIgnorePatterns" in your config.
[1]      ÔÇó If you need a custom transformation specify a "transform" option in your config.
[1]      ÔÇó If you simply want to mock your non-JS modules (e.g. binary assets) you can stub them out with the "moduleNameMapper" config option.
[1] 
[1]     You'll find more details and examples of these config options in the docs:
[1]     https://jestjs.io/docs/configuration
[1]     For information about custom transformations, see:
[1]     https://jestjs.io/docs/code-transformation
[1] 
[1]     Details:
[1] 
[1]     C:\www\espaco-dialogico\node_modules\node-pg-migrate\dist\bundle\index.js:2
[1]     import { glob } from "glob";
[1]     ^^^^^^
[1] 
[1]     SyntaxError: Cannot use import statement outside a module
[1] 
[1]     [0m [90m 4 |[39m [36masync[39m [36mfunction[39m getMigrate() {
[1]      [90m 5 |[39m   [36mtry[39m {
[1]     [31m[1m>[22m[39m[90m 6 |[39m     [36mconst[39m mod [33m=[39m [36mawait[39m [36mimport[39m([32m"node-pg-migrate"[39m)[33m;[39m
[1]      [90m   |[39m                       [31m[1m^[22m[39m
[1]      [90m 7 |[39m     
[1]      [90m 8 |[39m     [90m// node-pg-migrate >= 6.x exporta a fun├º├úo runner[39m
[1]      [90m 9 |[39m     [36mif[39m (mod [33m&&[39m [36mtypeof[39m mod[33m.[39mrunner [33m===[39m [32m"function"[39m) {[0m
[1] 
[1]       at Runtime.createScriptFromCode (node_modules/jest-runtime/build/index.js:1505:14)
[1]       at models/migrator.mjs:6:23
[1]       at getMigrate (models/migrator.mjs:6:17)
[1]       at Object.runPendingMigrations (models/migrator.mjs:56:26)
[1]       at Object.runPendingMigrations (tests/orchestrator.js:95:5)
[1]       at Object.<anonymous> (tests/integration/api/v1/sessions/get.test.js:10:3)
[1] 
[1]   ÔùÅ GET /api/v1/admin/sessions ÔÇ║ Deve retornar erro 401 para token inv├ílido
[1] 
[1]     Jest encountered an unexpected token
[1] 
[1]     Jest failed to parse a file. This happens e.g. when your code or its dependencies use non-standard JavaScript syntax, or when Jest is not configured to support such syntax.
[1] 
[1]     Out of the box Jest supports Babel, which will be used to transform your files into valid JS based on your Babel configuration.
[1] 
[1]     By default "node_modules" folder is ignored by transformers.
[1] 
[1]     Here's what you can do:
[1]      ÔÇó If you are trying to use ECMAScript Modules, see https://jestjs.io/docs/ecmascript-modules for how to enable it.
[1]      ÔÇó If you are trying to use TypeScript, see https://jestjs.io/docs/getting-started#using-typescript
[1]      ÔÇó To have some of your "node_modules" files transformed, you can specify a custom "transformIgnorePatterns" in your config.
[1]      ÔÇó If you need a custom transformation specify a "transform" option in your config.
[1]      ÔÇó If you simply want to mock your non-JS modules (e.g. binary assets) you can stub them out with the "moduleNameMapper" config option.
[1] 
[1]     You'll find more details and examples of these config options in the docs:
[1]     https://jestjs.io/docs/configuration
[1]     For information about custom transformations, see:
[1]     https://jestjs.io/docs/code-transformation
[1] 
[1]     Details:
[1] 
[1]     C:\www\espaco-dialogico\node_modules\node-pg-migrate\dist\bundle\index.js:2
[1]     import { glob } from "glob";
[1]     ^^^^^^
[1] 
[1]     SyntaxError: Cannot use import statement outside a module
[1] 
[1]     [0m [90m 4 |[39m [36masync[39m [36mfunction[39m getMigrate() {
[1]      [90m 5 |[39m   [36mtry[39m {
[1]     [31m[1m>[22m[39m[90m 6 |[39m     [36mconst[39m mod [33m=[39m [36mawait[39m [36mimport[39m([32m"node-pg-migrate"[39m)[33m;[39m
[1]      [90m   |[39m                       [31m[1m^[22m[39m
[1]      [90m 7 |[39m     
[1]      [90m 8 |[39m     [90m// node-pg-migrate >= 6.x exporta a fun├º├úo runner[39m
[1]      [90m 9 |[39m     [36mif[39m (mod [33m&&[39m [36mtypeof[39m mod[33m.[39mrunner [33m===[39m [32m"function"[39m) {[0m
[1] 
[1]       at Runtime.createScriptFromCode (node_modules/jest-runtime/build/index.js:1505:14)
[1]       at models/migrator.mjs:6:23
[1]       at getMigrate (models/migrator.mjs:6:17)
[1]       at Object.runPendingMigrations (models/migrator.mjs:56:26)
[1]       at Object.runPendingMigrations (tests/orchestrator.js:95:5)
[1]       at Object.<anonymous> (tests/integration/api/v1/sessions/get.test.js:10:3)
[1] 
[1]   ÔùÅ GET /api/v1/admin/sessions ÔÇ║ Deve permitir acesso para usu├írio admin e listar sess├Áes
[1] 
[1]     Jest encountered an unexpected token
[1] 
[1]     Jest failed to parse a file. This happens e.g. when your code or its dependencies use non-standard JavaScript syntax, or when Jest is not configured to support such syntax.
[1] 
[1]     Out of the box Jest supports Babel, which will be used to transform your files into valid JS based on your Babel configuration.
[1] 
[1]     By default "node_modules" folder is ignored by transformers.
[1] 
[1]     Here's what you can do:
[1]      ÔÇó If you are trying to use ECMAScript Modules, see https://jestjs.io/docs/ecmascript-modules for how to enable it.
[1]      ÔÇó If you are trying to use TypeScript, see https://jestjs.io/docs/getting-started#using-typescript
[1]      ÔÇó To have some of your "node_modules" files transformed, you can specify a custom "transformIgnorePatterns" in your config.
[1]      ÔÇó If you need a custom transformation specify a "transform" option in your config.
[1]      ÔÇó If you simply want to mock your non-JS modules (e.g. binary assets) you can stub them out with the "moduleNameMapper" config option.
[1] 
[1]     You'll find more details and examples of these config options in the docs:
[1]     https://jestjs.io/docs/configuration
[1]     For information about custom transformations, see:
[1]     https://jestjs.io/docs/code-transformation
[1] 
[1]     Details:
[1] 
[1]     C:\www\espaco-dialogico\node_modules\node-pg-migrate\dist\bundle\index.js:2
[1]     import { glob } from "glob";
[1]     ^^^^^^
[1] 
[1]     SyntaxError: Cannot use import statement outside a module
[1] 
[1]     [0m [90m 4 |[39m [36masync[39m [36mfunction[39m getMigrate() {
[1]      [90m 5 |[39m   [36mtry[39m {
[1]     [31m[1m>[22m[39m[90m 6 |[39m     [36mconst[39m mod [33m=[39m [36mawait[39m [36mimport[39m([32m"node-pg-migrate"[39m)[33m;[39m
[1]      [90m   |[39m                       [31m[1m^[22m[39m
[1]      [90m 7 |[39m     
[1]      [90m 8 |[39m     [90m// node-pg-migrate >= 6.x exporta a fun├º├úo runner[39m
[1]      [90m 9 |[39m     [36mif[39m (mod [33m&&[39m [36mtypeof[39m mod[33m.[39mrunner [33m===[39m [32m"function"[39m) {[0m
[1] 
[1]       at Runtime.createScriptFromCode (node_modules/jest-runtime/build/index.js:1505:14)
[1]       at models/migrator.mjs:6:23
[1]       at getMigrate (models/migrator.mjs:6:17)
[1]       at Object.runPendingMigrations (models/migrator.mjs:56:26)
[1]       at Object.runPendingMigrations (tests/orchestrator.js:95:5)
[1]       at Object.<anonymous> (tests/integration/api/v1/sessions/get.test.js:10:3)
[1] 
[1]   ÔùÅ POST /api/v1/admin/sessions ÔÇ║ Deve retornar erro 400 quando userId n├úo ├® fornecido
[1] 
[1]     Jest encountered an unexpected token
[1] 
[1]     Jest failed to parse a file. This happens e.g. when your code or its dependencies use non-standard JavaScript syntax, or when Jest is not configured to support such syntax.
[1] 
[1]     Out of the box Jest supports Babel, which will be used to transform your files into valid JS based on your Babel configuration.
[1] 
[1]     By default "node_modules" folder is ignored by transformers.
[1] 
[1]     Here's what you can do:
[1]      ÔÇó If you are trying to use ECMAScript Modules, see https://jestjs.io/docs/ecmascript-modules for how to enable it.
[1]      ÔÇó If you are trying to use TypeScript, see https://jestjs.io/docs/getting-started#using-typescript
[1]      ÔÇó To have some of your "node_modules" files transformed, you can specify a custom "transformIgnorePatterns" in your config.
[1]      ÔÇó If you need a custom transformation specify a "transform" option in your config.
[1]      ÔÇó If you simply want to mock your non-JS modules (e.g. binary assets) you can stub them out with the "moduleNameMapper" config option.
[1] 
[1]     You'll find more details and examples of these config options in the docs:
[1]     https://jestjs.io/docs/configuration
[1]     For information about custom transformations, see:
[1]     https://jestjs.io/docs/code-transformation
[1] 
[1]     Details:
[1] 
[1]     C:\www\espaco-dialogico\node_modules\node-pg-migrate\dist\bundle\index.js:2
[1]     import { glob } from "glob";
[1]     ^^^^^^
[1] 
[1]     SyntaxError: Cannot use import statement outside a module
[1] 
[1]     [0m [90m 4 |[39m [36masync[39m [36mfunction[39m getMigrate() {
[1]      [90m 5 |[39m   [36mtry[39m {
[1]     [31m[1m>[22m[39m[90m 6 |[39m     [36mconst[39m mod [33m=[39m [36mawait[39m [36mimport[39m([32m"node-pg-migrate"[39m)[33m;[39m
[1]      [90m   |[39m                       [31m[1m^[22m[39m
[1]      [90m 7 |[39m     
[1]      [90m 8 |[39m     [90m// node-pg-migrate >= 6.x exporta a fun├º├úo runner[39m
[1]      [90m 9 |[39m     [36mif[39m (mod [33m&&[39m [36mtypeof[39m mod[33m.[39mrunner [33m===[39m [32m"function"[39m) {[0m
[1] 
[1]       at Runtime.createScriptFromCode (node_modules/jest-runtime/build/index.js:1505:14)
[1]       at models/migrator.mjs:6:23
[1]       at getMigrate (models/migrator.mjs:6:17)
[1]       at Object.runPendingMigrations (models/migrator.mjs:56:26)
[1]       at Object.runPendingMigrations (tests/orchestrator.js:95:5)
[1]       at Object.<anonymous> (tests/integration/api/v1/sessions/get.test.js:10:3)
[1] 
[1]   ÔùÅ POST /api/v1/admin/sessions ÔÇ║ Deve retornar erro 401 para usu├írio n├úo autenticado tentando for├ºar logout
[1] 
[1]     Jest encountered an unexpected token
[1] 
[1]     Jest failed to parse a file. This happens e.g. when your code or its dependencies use non-standard JavaScript syntax, or when Jest is not configured to support such syntax.
[1] 
[1]     Out of the box Jest supports Babel, which will be used to transform your files into valid JS based on your Babel configuration.
[1] 
[1]     By default "node_modules" folder is ignored by transformers.
[1] 
[1]     Here's what you can do:
[1]      ÔÇó If you are trying to use ECMAScript Modules, see https://jestjs.io/docs/ecmascript-modules for how to enable it.
[1]      ÔÇó If you are trying to use TypeScript, see https://jestjs.io/docs/getting-started#using-typescript
[1]      ÔÇó To have some of your "node_modules" files transformed, you can specify a custom "transformIgnorePatterns" in your config.
[1]      ÔÇó If you need a custom transformation specify a "transform" option in your config.
[1]      ÔÇó If you simply want to mock your non-JS modules (e.g. binary assets) you can stub them out with the "moduleNameMapper" config option.
[1] 
[1]     You'll find more details and examples of these config options in the docs:
[1]     https://jestjs.io/docs/configuration
[1]     For information about custom transformations, see:
[1]     https://jestjs.io/docs/code-transformation
[1] 
[1]     Details:
[1] 
[1]     C:\www\espaco-dialogico\node_modules\node-pg-migrate\dist\bundle\index.js:2
[1]     import { glob } from "glob";
[1]     ^^^^^^
[1] 
[1]     SyntaxError: Cannot use import statement outside a module
[1] 
[1]     [0m [90m 4 |[39m [36masync[39m [36mfunction[39m getMigrate() {
[1]      [90m 5 |[39m   [36mtry[39m {
[1]     [31m[1m>[22m[39m[90m 6 |[39m     [36mconst[39m mod [33m=[39m [36mawait[39m [36mimport[39m([32m"node-pg-migrate"[39m)[33m;[39m
[1]      [90m   |[39m                       [31m[1m^[22m[39m
[1]      [90m 7 |[39m     
[1]      [90m 8 |[39m     [90m// node-pg-migrate >= 6.x exporta a fun├º├úo runner[39m
[1]      [90m 9 |[39m     [36mif[39m (mod [33m&&[39m [36mtypeof[39m mod[33m.[39mrunner [33m===[39m [32m"function"[39m) {[0m
[1] 
[1]       at Runtime.createScriptFromCode (node_modules/jest-runtime/build/index.js:1505:14)
[1]       at models/migrator.mjs:6:23
[1]       at getMigrate (models/migrator.mjs:6:17)
[1]       at Object.runPendingMigrations (models/migrator.mjs:56:26)
[1]       at Object.runPendingMigrations (tests/orchestrator.js:95:5)
[1]       at Object.<anonymous> (tests/integration/api/v1/sessions/get.test.js:10:3)
[1] 
[1]   ÔùÅ POST /api/v1/admin/sessions ÔÇ║ Deve retornar erro 401 para token inv├ílido tentando for├ºar logout
[1] 
[1]     Jest encountered an unexpected token
[1] 
[1]     Jest failed to parse a file. This happens e.g. when your code or its dependencies use non-standard JavaScript syntax, or when Jest is not configured to support such syntax.
[1] 
[1]     Out of the box Jest supports Babel, which will be used to transform your files into valid JS based on your Babel configuration.
[1] 
[1]     By default "node_modules" folder is ignored by transformers.
[1] 
[1]     Here's what you can do:
[1]      ÔÇó If you are trying to use ECMAScript Modules, see https://jestjs.io/docs/ecmascript-modules for how to enable it.
[1]      ÔÇó If you are trying to use TypeScript, see https://jestjs.io/docs/getting-started#using-typescript
[1]      ÔÇó To have some of your "node_modules" files transformed, you can specify a custom "transformIgnorePatterns" in your config.
[1]      ÔÇó If you need a custom transformation specify a "transform" option in your config.
[1]      ÔÇó If you simply want to mock your non-JS modules (e.g. binary assets) you can stub them out with the "moduleNameMapper" config option.
[1] 
[1]     You'll find more details and examples of these config options in the docs:
[1]     https://jestjs.io/docs/configuration
[1]     For information about custom transformations, see:
[1]     https://jestjs.io/docs/code-transformation
[1] 
[1]     Details:
[1] 
[1]     C:\www\espaco-dialogico\node_modules\node-pg-migrate\dist\bundle\index.js:2
[1]     import { glob } from "glob";
[1]     ^^^^^^
[1] 
[1]     SyntaxError: Cannot use import statement outside a module
[1] 
[1]     [0m [90m 4 |[39m [36masync[39m [36mfunction[39m getMigrate() {
[1]      [90m 5 |[39m   [36mtry[39m {
[1]     [31m[1m>[22m[39m[90m 6 |[39m     [36mconst[39m mod [33m=[39m [36mawait[39m [36mimport[39m([32m"node-pg-migrate"[39m)[33m;[39m
[1]      [90m   |[39m                       [31m[1m^[22m[39m
[1]      [90m 7 |[39m     
[1]      [90m 8 |[39m     [90m// node-pg-migrate >= 6.x exporta a fun├º├úo runner[39m
[1]      [90m 9 |[39m     [36mif[39m (mod [33m&&[39m [36mtypeof[39m mod[33m.[39mrunner [33m===[39m [32m"function"[39m) {[0m
[1] 
[1]       at Runtime.createScriptFromCode (node_modules/jest-runtime/build/index.js:1505:14)
[1]       at models/migrator.mjs:6:23
[1]       at getMigrate (models/migrator.mjs:6:17)
[1]       at Object.runPendingMigrations (models/migrator.mjs:56:26)
[1]       at Object.runPendingMigrations (tests/orchestrator.js:95:5)
[1]       at Object.<anonymous> (tests/integration/api/v1/sessions/get.test.js:10:3)
[1] 
[1]   ÔùÅ POST /api/v1/admin/sessions ÔÇ║ Deve funcionar corretamente o controle de sess├Áes do admin
[1] 
[1]     Jest encountered an unexpected token
[1] 
[1]     Jest failed to parse a file. This happens e.g. when your code or its dependencies use non-standard JavaScript syntax, or when Jest is not configured to support such syntax.
[1] 
[1]     Out of the box Jest supports Babel, which will be used to transform your files into valid JS based on your Babel configuration.
[1] 
[1]     By default "node_modules" folder is ignored by transformers.
[1] 
[1]     Here's what you can do:
[1]      ÔÇó If you are trying to use ECMAScript Modules, see https://jestjs.io/docs/ecmascript-modules for how to enable it.
[1]      ÔÇó If you are trying to use TypeScript, see https://jestjs.io/docs/getting-started#using-typescript
[1]      ÔÇó To have some of your "node_modules" files transformed, you can specify a custom "transformIgnorePatterns" in your config.
[1]      ÔÇó If you need a custom transformation specify a "transform" option in your config.
[1]      ÔÇó If you simply want to mock your non-JS modules (e.g. binary assets) you can stub them out with the "moduleNameMapper" config option.
[1] 
[1]     You'll find more details and examples of these config options in the docs:
[1]     https://jestjs.io/docs/configuration
[1]     For information about custom transformations, see:
[1]     https://jestjs.io/docs/code-transformation
[1] 
[1]     Details:
[1] 
[1]     C:\www\espaco-dialogico\node_modules\node-pg-migrate\dist\bundle\index.js:2
[1]     import { glob } from "glob";
[1]     ^^^^^^
[1] 
[1]     SyntaxError: Cannot use import statement outside a module
[1] 
[1]     [0m [90m 4 |[39m [36masync[39m [36mfunction[39m getMigrate() {
[1]      [90m 5 |[39m   [36mtry[39m {
[1]     [31m[1m>[22m[39m[90m 6 |[39m     [36mconst[39m mod [33m=[39m [36mawait[39m [36mimport[39m([32m"node-pg-migrate"[39m)[33m;[39m
[1]      [90m   |[39m                       [31m[1m^[22m[39m
[1]      [90m 7 |[39m     
[1]      [90m 8 |[39m     [90m// node-pg-migrate >= 6.x exporta a fun├º├úo runner[39m
[1]      [90m 9 |[39m     [36mif[39m (mod [33m&&[39m [36mtypeof[39m mod[33m.[39mrunner [33m===[39m [32m"function"[39m) {[0m
[1] 
[1]       at Runtime.createScriptFromCode (node_modules/jest-runtime/build/index.js:1505:14)
[1]       at models/migrator.mjs:6:23
[1]       at getMigrate (models/migrator.mjs:6:17)
[1]       at Object.runPendingMigrations (models/migrator.mjs:56:26)
[1]       at Object.runPendingMigrations (tests/orchestrator.js:95:5)
[1]       at Object.<anonymous> (tests/integration/api/v1/sessions/get.test.js:10:3)
[1] 
[1]   ÔùÅ POST /api/v1/admin/sessions ÔÇ║ Deve for├ºar a revalida├º├úo do token se a sess├úo n├úo existir no banco de dados
[1] 
[1]     Jest encountered an unexpected token
[1] 
[1]     Jest failed to parse a file. This happens e.g. when your code or its dependencies use non-standard JavaScript syntax, or when Jest is not configured to support such syntax.
[1] 
[1]     Out of the box Jest supports Babel, which will be used to transform your files into valid JS based on your Babel configuration.
[1] 
[1]     By default "node_modules" folder is ignored by transformers.
[1] 
[1]     Here's what you can do:
[1]      ÔÇó If you are trying to use ECMAScript Modules, see https://jestjs.io/docs/ecmascript-modules for how to enable it.
[1]      ÔÇó If you are trying to use TypeScript, see https://jestjs.io/docs/getting-started#using-typescript
[1]      ÔÇó To have some of your "node_modules" files transformed, you can specify a custom "transformIgnorePatterns" in your config.
[1]      ÔÇó If you need a custom transformation specify a "transform" option in your config.
[1]      ÔÇó If you simply want to mock your non-JS modules (e.g. binary assets) you can stub them out with the "moduleNameMapper" config option.
[1] 
[1]     You'll find more details and examples of these config options in the docs:
[1]     https://jestjs.io/docs/configuration
[1]     For information about custom transformations, see:
[1]     https://jestjs.io/docs/code-transformation
[1] 
[1]     Details:
[1] 
[1]     C:\www\espaco-dialogico\node_modules\node-pg-migrate\dist\bundle\index.js:2
[1]     import { glob } from "glob";
[1]     ^^^^^^
[1] 
[1]     SyntaxError: Cannot use import statement outside a module
[1] 
[1]     [0m [90m 4 |[39m [36masync[39m [36mfunction[39m getMigrate() {
[1]      [90m 5 |[39m   [36mtry[39m {
[1]     [31m[1m>[22m[39m[90m 6 |[39m     [36mconst[39m mod [33m=[39m [36mawait[39m [36mimport[39m([32m"node-pg-migrate"[39m)[33m;[39m
[1]      [90m   |[39m                       [31m[1m^[22m[39m
[1]      [90m 7 |[39m     
[1]      [90m 8 |[39m     [90m// node-pg-migrate >= 6.x exporta a fun├º├úo runner[39m
[1]      [90m 9 |[39m     [36mif[39m (mod [33m&&[39m [36mtypeof[39m mod[33m.[39mrunner [33m===[39m [32m"function"[39m) {[0m
[1] 
[1]       at Runtime.createScriptFromCode (node_modules/jest-runtime/build/index.js:1505:14)
[1]       at models/migrator.mjs:6:23
[1]       at getMigrate (models/migrator.mjs:6:17)
[1]       at Object.runPendingMigrations (models/migrator.mjs:56:26)
[1]       at Object.runPendingMigrations (tests/orchestrator.js:95:5)
[1]       at Object.<anonymous> (tests/integration/api/v1/sessions/get.test.js:10:3)
[1] 
[1]   ÔùÅ POST /api/v1/admin/sessions ÔÇ║ Deve manter apenas uma sess├úo ativa por usu├írio
[1] 
[1]     Jest encountered an unexpected token
[1] 
[1]     Jest failed to parse a file. This happens e.g. when your code or its dependencies use non-standard JavaScript syntax, or when Jest is not configured to support such syntax.
[1] 
[1]     Out of the box Jest supports Babel, which will be used to transform your files into valid JS based on your Babel configuration.
[1] 
[1]     By default "node_modules" folder is ignored by transformers.
[1] 
[1]     Here's what you can do:
[1]      ÔÇó If you are trying to use ECMAScript Modules, see https://jestjs.io/docs/ecmascript-modules for how to enable it.
[1]      ÔÇó If you are trying to use TypeScript, see https://jestjs.io/docs/getting-started#using-typescript
[1]      ÔÇó To have some of your "node_modules" files transformed, you can specify a custom "transformIgnorePatterns" in your config.
[1]      ÔÇó If you need a custom transformation specify a "transform" option in your config.
[1]      ÔÇó If you simply want to mock your non-JS modules (e.g. binary assets) you can stub them out with the "moduleNameMapper" config option.
[1] 
[1]     You'll find more details and examples of these config options in the docs:
[1]     https://jestjs.io/docs/configuration
[1]     For information about custom transformations, see:
[1]     https://jestjs.io/docs/code-transformation
[1] 
[1]     Details:
[1] 
[1]     C:\www\espaco-dialogico\node_modules\node-pg-migrate\dist\bundle\index.js:2
[1]     import { glob } from "glob";
[1]     ^^^^^^
[1] 
[1]     SyntaxError: Cannot use import statement outside a module
[1] 
[1]     [0m [90m 4 |[39m [36masync[39m [36mfunction[39m getMigrate() {
[1]      [90m 5 |[39m   [36mtry[39m {
[1]     [31m[1m>[22m[39m[90m 6 |[39m     [36mconst[39m mod [33m=[39m [36mawait[39m [36mimport[39m([32m"node-pg-migrate"[39m)[33m;[39m
[1]      [90m   |[39m                       [31m[1m^[22m[39m
[1]      [90m 7 |[39m     
[1]      [90m 8 |[39m     [90m// node-pg-migrate >= 6.x exporta a fun├º├úo runner[39m
[1]      [90m 9 |[39m     [36mif[39m (mod [33m&&[39m [36mtypeof[39m mod[33m.[39mrunner [33m===[39m [32m"function"[39m) {[0m
[1] 
[1]       at Runtime.createScriptFromCode (node_modules/jest-runtime/build/index.js:1505:14)
[1]       at models/migrator.mjs:6:23
[1]       at getMigrate (models/migrator.mjs:6:17)
[1]       at Object.runPendingMigrations (models/migrator.mjs:56:26)
[1]       at Object.runPendingMigrations (tests/orchestrator.js:95:5)
[1]       at Object.<anonymous> (tests/integration/api/v1/sessions/get.test.js:10:3)
[1] 
[1]   ÔùÅ POST /api/v1/admin/sessions ÔÇ║ Deve demonstrar o comportamento do sistema de intercepta├º├úo de sess├úo
[1] 
[1]     Jest encountered an unexpected token
[1] 
[1]     Jest failed to parse a file. This happens e.g. when your code or its dependencies use non-standard JavaScript syntax, or when Jest is not configured to support such syntax.
[1] 
[1]     Out of the box Jest supports Babel, which will be used to transform your files into valid JS based on your Babel configuration.
[1] 
[1]     By default "node_modules" folder is ignored by transformers.
[1] 
[1]     Here's what you can do:
[1]      ÔÇó If you are trying to use ECMAScript Modules, see https://jestjs.io/docs/ecmascript-modules for how to enable it.
[1]      ÔÇó If you are trying to use TypeScript, see https://jestjs.io/docs/getting-started#using-typescript
[1]      ÔÇó To have some of your "node_modules" files transformed, you can specify a custom "transformIgnorePatterns" in your config.
[1]      ÔÇó If you need a custom transformation specify a "transform" option in your config.
[1]      ÔÇó If you simply want to mock your non-JS modules (e.g. binary assets) you can stub them out with the "moduleNameMapper" config option.
[1] 
[1]     You'll find more details and examples of these config options in the docs:
[1]     https://jestjs.io/docs/configuration
[1]     For information about custom transformations, see:
[1]     https://jestjs.io/docs/code-transformation
[1] 
[1]     Details:
[1] 
[1]     C:\www\espaco-dialogico\node_modules\node-pg-migrate\dist\bundle\index.js:2
[1]     import { glob } from "glob";
[1]     ^^^^^^
[1] 
[1]     SyntaxError: Cannot use import statement outside a module
[1] 
[1]     [0m [90m 4 |[39m [36masync[39m [36mfunction[39m getMigrate() {
[1]      [90m 5 |[39m   [36mtry[39m {
[1]     [31m[1m>[22m[39m[90m 6 |[39m     [36mconst[39m mod [33m=[39m [36mawait[39m [36mimport[39m([32m"node-pg-migrate"[39m)[33m;[39m
[1]      [90m   |[39m                       [31m[1m^[22m[39m
[1]      [90m 7 |[39m     
[1]      [90m 8 |[39m     [90m// node-pg-migrate >= 6.x exporta a fun├º├úo runner[39m
[1]      [90m 9 |[39m     [36mif[39m (mod [33m&&[39m [36mtypeof[39m mod[33m.[39mrunner [33m===[39m [32m"function"[39m) {[0m
[1] 
[1]       at Runtime.createScriptFromCode (node_modules/jest-runtime/build/index.js:1505:14)
[1]       at models/migrator.mjs:6:23
[1]       at getMigrate (models/migrator.mjs:6:17)
[1]       at Object.runPendingMigrations (models/migrator.mjs:56:26)
[1]       at Object.runPendingMigrations (tests/orchestrator.js:95:5)
[1]       at Object.<anonymous> (tests/integration/api/v1/sessions/get.test.js:10:3)
[1] 
[0]  GET /api/v1/status/ 200 in 103ms
[1] FAIL tests/integration/api/v1/auth/logout.test.js
[1]   POST /api/v1/auth/logout
[1]     ├ù deve fazer logout e invalidar a sess├úo (26 ms)
[1] 
[1]   ÔùÅ POST /api/v1/auth/logout ÔÇ║ deve fazer logout e invalidar a sess├úo
[1] 
[1]     Jest encountered an unexpected token
[1] 
[1]     Jest failed to parse a file. This happens e.g. when your code or its dependencies use non-standard JavaScript syntax, or when Jest is not configured to support such syntax.
[1] 
[1]     Out of the box Jest supports Babel, which will be used to transform your files into valid JS based on your Babel configuration.
[1] 
[1]     By default "node_modules" folder is ignored by transformers.
[1] 
[1]     Here's what you can do:
[1]      ÔÇó If you are trying to use ECMAScript Modules, see https://jestjs.io/docs/ecmascript-modules for how to enable it.
[1]      ÔÇó If you are trying to use TypeScript, see https://jestjs.io/docs/getting-started#using-typescript
[1]      ÔÇó To have some of your "node_modules" files transformed, you can specify a custom "transformIgnorePatterns" in your config.
[1]      ÔÇó If you need a custom transformation specify a "transform" option in your config.
[1]      ÔÇó If you simply want to mock your non-JS modules (e.g. binary assets) you can stub them out with the "moduleNameMapper" config option.
[1] 
[1]     You'll find more details and examples of these config options in the docs:
[1]     https://jestjs.io/docs/configuration
[1]     For information about custom transformations, see:
[1]     https://jestjs.io/docs/code-transformation
[1] 
[1]     Details:
[1] 
[1]     C:\www\espaco-dialogico\node_modules\node-pg-migrate\dist\bundle\index.js:2
[1]     import { glob } from "glob";
[1]     ^^^^^^
[1] 
[1]     SyntaxError: Cannot use import statement outside a module
[1] 
[1]     [0m [90m 4 |[39m [36masync[39m [36mfunction[39m getMigrate() {
[1]      [90m 5 |[39m   [36mtry[39m {
[1]     [31m[1m>[22m[39m[90m 6 |[39m     [36mconst[39m mod [33m=[39m [36mawait[39m [36mimport[39m([32m"node-pg-migrate"[39m)[33m;[39m
[1]      [90m   |[39m                       [31m[1m^[22m[39m
[1]      [90m 7 |[39m     
[1]      [90m 8 |[39m     [90m// node-pg-migrate >= 6.x exporta a fun├º├úo runner[39m
[1]      [90m 9 |[39m     [36mif[39m (mod [33m&&[39m [36mtypeof[39m mod[33m.[39mrunner [33m===[39m [32m"function"[39m) {[0m
[1] 
[1]       at Runtime.createScriptFromCode (node_modules/jest-runtime/build/index.js:1505:14)
[1]       at models/migrator.mjs:6:23
[1]       at getMigrate (models/migrator.mjs:6:17)
[1]       at Object.runPendingMigrations (models/migrator.mjs:56:26)
[1]       at Object.runPendingMigrations (tests/orchestrator.js:95:5)
[1]       at Object.<anonymous> (tests/integration/api/v1/auth/logout.test.js:57:3)
[1] 
[0]  GET /api/v1/status/ 200 in 89ms
[1] FAIL tests/integration/api/v1/terapeutas/get.test.js
[1]   GET /api/v1/terapeutas
[1]     Usu├írio autenticado
[1]       ├ù Recuperando terapeutas com autentica├º├úo
[1]     Usu├írio n├úo autenticado
[1]       ├ù Tentativa sem autentica├º├úo (1 ms)
[1] 
[1]   ÔùÅ GET /api/v1/terapeutas ÔÇ║ Usu├írio autenticado ÔÇ║ Recuperando terapeutas com autentica├º├úo
[1] 
[1]     Jest encountered an unexpected token
[1] 
[1]     Jest failed to parse a file. This happens e.g. when your code or its dependencies use non-standard JavaScript syntax, or when Jest is not configured to support such syntax.
[1] 
[1]     Out of the box Jest supports Babel, which will be used to transform your files into valid JS based on your Babel configuration.
[1] 
[1]     By default "node_modules" folder is ignored by transformers.
[1] 
[1]     Here's what you can do:
[1]      ÔÇó If you are trying to use ECMAScript Modules, see https://jestjs.io/docs/ecmascript-modules for how to enable it.
[1]      ÔÇó If you are trying to use TypeScript, see https://jestjs.io/docs/getting-started#using-typescript
[1]      ÔÇó To have some of your "node_modules" files transformed, you can specify a custom "transformIgnorePatterns" in your config.
[1]      ÔÇó If you need a custom transformation specify a "transform" option in your config.
[1]      ÔÇó If you simply want to mock your non-JS modules (e.g. binary assets) you can stub them out with the "moduleNameMapper" config option.
[1] 
[1]     You'll find more details and examples of these config options in the docs:
[1]     https://jestjs.io/docs/configuration
[1]     For information about custom transformations, see:
[1]     https://jestjs.io/docs/code-transformation
[1] 
[1]     Details:
[1] 
[1]     C:\www\espaco-dialogico\node_modules\node-pg-migrate\dist\bundle\index.js:2
[1]     import { glob } from "glob";
[1]     ^^^^^^
[1] 
[1]     SyntaxError: Cannot use import statement outside a module
[1] 
[1]     [0m [90m 4 |[39m [36masync[39m [36mfunction[39m getMigrate() {
[1]      [90m 5 |[39m   [36mtry[39m {
[1]     [31m[1m>[22m[39m[90m 6 |[39m     [36mconst[39m mod [33m=[39m [36mawait[39m [36mimport[39m([32m"node-pg-migrate"[39m)[33m;[39m
[1]      [90m   |[39m                       [31m[1m^[22m[39m
[1]      [90m 7 |[39m     
[1]      [90m 8 |[39m     [90m// node-pg-migrate >= 6.x exporta a fun├º├úo runner[39m
[1]      [90m 9 |[39m     [36mif[39m (mod [33m&&[39m [36mtypeof[39m mod[33m.[39mrunner [33m===[39m [32m"function"[39m) {[0m
[1] 
[1]       at Runtime.createScriptFromCode (node_modules/jest-runtime/build/index.js:1505:14)
[1]       at models/migrator.mjs:6:23
[1]       at getMigrate (models/migrator.mjs:6:17)
[1]       at Object.runPendingMigrations (models/migrator.mjs:56:26)
[1]       at Object.runPendingMigrations (tests/orchestrator.js:95:5)
[1]       at Object.<anonymous> (tests/integration/api/v1/terapeutas/get.test.js:16:3)
[1] 
[1]   ÔùÅ GET /api/v1/terapeutas ÔÇ║ Usu├írio n├úo autenticado ÔÇ║ Tentativa sem autentica├º├úo
[1] 
[1]     Jest encountered an unexpected token
[1] 
[1]     Jest failed to parse a file. This happens e.g. when your code or its dependencies use non-standard JavaScript syntax, or when Jest is not configured to support such syntax.
[1] 
[1]     Out of the box Jest supports Babel, which will be used to transform your files into valid JS based on your Babel configuration.
[1] 
[1]     By default "node_modules" folder is ignored by transformers.
[1] 
[1]     Here's what you can do:
[1]      ÔÇó If you are trying to use ECMAScript Modules, see https://jestjs.io/docs/ecmascript-modules for how to enable it.
[1]      ÔÇó If you are trying to use TypeScript, see https://jestjs.io/docs/getting-started#using-typescript
[1]      ÔÇó To have some of your "node_modules" files transformed, you can specify a custom "transformIgnorePatterns" in your config.
[1]      ÔÇó If you need a custom transformation specify a "transform" option in your config.
[1]      ÔÇó If you simply want to mock your non-JS modules (e.g. binary assets) you can stub them out with the "moduleNameMapper" config option.
[1] 
[1]     You'll find more details and examples of these config options in the docs:
[1]     https://jestjs.io/docs/configuration
[1]     For information about custom transformations, see:
[1]     https://jestjs.io/docs/code-transformation
[1] 
[1]     Details:
[1] 
[1]     C:\www\espaco-dialogico\node_modules\node-pg-migrate\dist\bundle\index.js:2
[1]     import { glob } from "glob";
[1]     ^^^^^^
[1] 
[1]     SyntaxError: Cannot use import statement outside a module
[1] 
[1]     [0m [90m 4 |[39m [36masync[39m [36mfunction[39m getMigrate() {
[1]      [90m 5 |[39m   [36mtry[39m {
[1]     [31m[1m>[22m[39m[90m 6 |[39m     [36mconst[39m mod [33m=[39m [36mawait[39m [36mimport[39m([32m"node-pg-migrate"[39m)[33m;[39m
[1]      [90m   |[39m                       [31m[1m^[22m[39m
[1]      [90m 7 |[39m     
[1]      [90m 8 |[39m     [90m// node-pg-migrate >= 6.x exporta a fun├º├úo runner[39m
[1]      [90m 9 |[39m     [36mif[39m (mod [33m&&[39m [36mtypeof[39m mod[33m.[39mrunner [33m===[39m [32m"function"[39m) {[0m
[1] 
[1]       at Runtime.createScriptFromCode (node_modules/jest-runtime/build/index.js:1505:14)
[1]       at models/migrator.mjs:6:23
[1]       at getMigrate (models/migrator.mjs:6:17)
[1]       at Object.runPendingMigrations (models/migrator.mjs:56:26)
[1]       at Object.runPendingMigrations (tests/orchestrator.js:95:5)
[1]       at Object.<anonymous> (tests/integration/api/v1/terapeutas/get.test.js:16:3)
[1] 
[0]  GET /api/v1/status/ 200 in 97ms
[1] FAIL tests/integration/api/v1/admin/users/put.test.js
[1]   PUT /api/v1/admin/users/[userId]
[1]     ├ù Deve atualizar o usu├írio quando solicitado por um administrador
[1]     ├ù Deve atualizar a senha quando solicitado por um administrador
[1]     ├ù Deve rejeitar atualiza├º├úo quando o usu├írio n├úo ├® um administrador
[1]     ├ù Deve rejeitar atualiza├º├úo quando o usu├írio n├úo existe
[1]     ├ù Deve rejeitar senha muito curta
[1]     ├ù Deve rejeitar requisi├º├úo sem dados para atualizar
[1] 
[1]   ÔùÅ PUT /api/v1/admin/users/[userId] ÔÇ║ Deve atualizar o usu├írio quando solicitado por um administrador
[1] 
[1]     Jest encountered an unexpected token
[1] 
[1]     Jest failed to parse a file. This happens e.g. when your code or its dependencies use non-standard JavaScript syntax, or when Jest is not configured to support such syntax.
[1] 
[1]     Out of the box Jest supports Babel, which will be used to transform your files into valid JS based on your Babel configuration.
[1] 
[1]     By default "node_modules" folder is ignored by transformers.
[1] 
[1]     Here's what you can do:
[1]      ÔÇó If you are trying to use ECMAScript Modules, see https://jestjs.io/docs/ecmascript-modules for how to enable it.
[1]      ÔÇó If you are trying to use TypeScript, see https://jestjs.io/docs/getting-started#using-typescript
[1]      ÔÇó To have some of your "node_modules" files transformed, you can specify a custom "transformIgnorePatterns" in your config.
[1]      ÔÇó If you need a custom transformation specify a "transform" option in your config.
[1]      ÔÇó If you simply want to mock your non-JS modules (e.g. binary assets) you can stub them out with the "moduleNameMapper" config option.
[1] 
[1]     You'll find more details and examples of these config options in the docs:
[1]     https://jestjs.io/docs/configuration
[1]     For information about custom transformations, see:
[1]     https://jestjs.io/docs/code-transformation
[1] 
[1]     Details:
[1] 
[1]     C:\www\espaco-dialogico\node_modules\node-pg-migrate\dist\bundle\index.js:2
[1]     import { glob } from "glob";
[1]     ^^^^^^
[1] 
[1]     SyntaxError: Cannot use import statement outside a module
[1] 
[1]     [0m [90m 4 |[39m [36masync[39m [36mfunction[39m getMigrate() {
[1]      [90m 5 |[39m   [36mtry[39m {
[1]     [31m[1m>[22m[39m[90m 6 |[39m     [36mconst[39m mod [33m=[39m [36mawait[39m [36mimport[39m([32m"node-pg-migrate"[39m)[33m;[39m
[1]      [90m   |[39m                       [31m[1m^[22m[39m
[1]      [90m 7 |[39m     
[1]      [90m 8 |[39m     [90m// node-pg-migrate >= 6.x exporta a fun├º├úo runner[39m
[1]      [90m 9 |[39m     [36mif[39m (mod [33m&&[39m [36mtypeof[39m mod[33m.[39mrunner [33m===[39m [32m"function"[39m) {[0m
[1] 
[1]       at Runtime.createScriptFromCode (node_modules/jest-runtime/build/index.js:1505:14)
[1]       at models/migrator.mjs:6:23
[1]       at getMigrate (models/migrator.mjs:6:17)
[1]       at Object.runPendingMigrations (models/migrator.mjs:56:26)
[1]       at Object.runPendingMigrations (tests/orchestrator.js:95:5)
[1]       at Object.<anonymous> (tests/integration/api/v1/admin/users/put.test.js:48:3)
[1] 
[1]   ÔùÅ PUT /api/v1/admin/users/[userId] ÔÇ║ Deve atualizar a senha quando solicitado por um administrador
[1] 
[1]     Jest encountered an unexpected token
[1] 
[1]     Jest failed to parse a file. This happens e.g. when your code or its dependencies use non-standard JavaScript syntax, or when Jest is not configured to support such syntax.
[1] 
[1]     Out of the box Jest supports Babel, which will be used to transform your files into valid JS based on your Babel configuration.
[1] 
[1]     By default "node_modules" folder is ignored by transformers.
[1] 
[1]     Here's what you can do:
[1]      ÔÇó If you are trying to use ECMAScript Modules, see https://jestjs.io/docs/ecmascript-modules for how to enable it.
[1]      ÔÇó If you are trying to use TypeScript, see https://jestjs.io/docs/getting-started#using-typescript
[1]      ÔÇó To have some of your "node_modules" files transformed, you can specify a custom "transformIgnorePatterns" in your config.
[1]      ÔÇó If you need a custom transformation specify a "transform" option in your config.
[1]      ÔÇó If you simply want to mock your non-JS modules (e.g. binary assets) you can stub them out with the "moduleNameMapper" config option.
[1] 
[1]     You'll find more details and examples of these config options in the docs:
[1]     https://jestjs.io/docs/configuration
[1]     For information about custom transformations, see:
[1]     https://jestjs.io/docs/code-transformation
[1] 
[1]     Details:
[1] 
[1]     C:\www\espaco-dialogico\node_modules\node-pg-migrate\dist\bundle\index.js:2
[1]     import { glob } from "glob";
[1]     ^^^^^^
[1] 
[1]     SyntaxError: Cannot use import statement outside a module
[1] 
[1]     [0m [90m 4 |[39m [36masync[39m [36mfunction[39m getMigrate() {
[1]      [90m 5 |[39m   [36mtry[39m {
[1]     [31m[1m>[22m[39m[90m 6 |[39m     [36mconst[39m mod [33m=[39m [36mawait[39m [36mimport[39m([32m"node-pg-migrate"[39m)[33m;[39m
[1]      [90m   |[39m                       [31m[1m^[22m[39m
[1]      [90m 7 |[39m     
[1]      [90m 8 |[39m     [90m// node-pg-migrate >= 6.x exporta a fun├º├úo runner[39m
[1]      [90m 9 |[39m     [36mif[39m (mod [33m&&[39m [36mtypeof[39m mod[33m.[39mrunner [33m===[39m [32m"function"[39m) {[0m
[1] 
[1]       at Runtime.createScriptFromCode (node_modules/jest-runtime/build/index.js:1505:14)
[1]       at models/migrator.mjs:6:23
[1]       at getMigrate (models/migrator.mjs:6:17)
[1]       at Object.runPendingMigrations (models/migrator.mjs:56:26)
[1]       at Object.runPendingMigrations (tests/orchestrator.js:95:5)
[1]       at Object.<anonymous> (tests/integration/api/v1/admin/users/put.test.js:48:3)
[1] 
[1]   ÔùÅ PUT /api/v1/admin/users/[userId] ÔÇ║ Deve rejeitar atualiza├º├úo quando o usu├írio n├úo ├® um administrador
[1] 
[1]     Jest encountered an unexpected token
[1] 
[1]     Jest failed to parse a file. This happens e.g. when your code or its dependencies use non-standard JavaScript syntax, or when Jest is not configured to support such syntax.
[1] 
[1]     Out of the box Jest supports Babel, which will be used to transform your files into valid JS based on your Babel configuration.
[1] 
[1]     By default "node_modules" folder is ignored by transformers.
[1] 
[1]     Here's what you can do:
[1]      ÔÇó If you are trying to use ECMAScript Modules, see https://jestjs.io/docs/ecmascript-modules for how to enable it.
[1]      ÔÇó If you are trying to use TypeScript, see https://jestjs.io/docs/getting-started#using-typescript
[1]      ÔÇó To have some of your "node_modules" files transformed, you can specify a custom "transformIgnorePatterns" in your config.
[1]      ÔÇó If you need a custom transformation specify a "transform" option in your config.
[1]      ÔÇó If you simply want to mock your non-JS modules (e.g. binary assets) you can stub them out with the "moduleNameMapper" config option.
[1] 
[1]     You'll find more details and examples of these config options in the docs:
[1]     https://jestjs.io/docs/configuration
[1]     For information about custom transformations, see:
[1]     https://jestjs.io/docs/code-transformation
[1] 
[1]     Details:
[1] 
[1]     C:\www\espaco-dialogico\node_modules\node-pg-migrate\dist\bundle\index.js:2
[1]     import { glob } from "glob";
[1]     ^^^^^^
[1] 
[1]     SyntaxError: Cannot use import statement outside a module
[1] 
[1]     [0m [90m 4 |[39m [36masync[39m [36mfunction[39m getMigrate() {
[1]      [90m 5 |[39m   [36mtry[39m {
[1]     [31m[1m>[22m[39m[90m 6 |[39m     [36mconst[39m mod [33m=[39m [36mawait[39m [36mimport[39m([32m"node-pg-migrate"[39m)[33m;[39m
[1]      [90m   |[39m                       [31m[1m^[22m[39m
[1]      [90m 7 |[39m     
[1]      [90m 8 |[39m     [90m// node-pg-migrate >= 6.x exporta a fun├º├úo runner[39m
[1]      [90m 9 |[39m     [36mif[39m (mod [33m&&[39m [36mtypeof[39m mod[33m.[39mrunner [33m===[39m [32m"function"[39m) {[0m
[1] 
[1]       at Runtime.createScriptFromCode (node_modules/jest-runtime/build/index.js:1505:14)
[1]       at models/migrator.mjs:6:23
[1]       at getMigrate (models/migrator.mjs:6:17)
[1]       at Object.runPendingMigrations (models/migrator.mjs:56:26)
[1]       at Object.runPendingMigrations (tests/orchestrator.js:95:5)
[1]       at Object.<anonymous> (tests/integration/api/v1/admin/users/put.test.js:48:3)
[1] 
[1]   ÔùÅ PUT /api/v1/admin/users/[userId] ÔÇ║ Deve rejeitar atualiza├º├úo quando o usu├írio n├úo existe
[1] 
[1]     Jest encountered an unexpected token
[1] 
[1]     Jest failed to parse a file. This happens e.g. when your code or its dependencies use non-standard JavaScript syntax, or when Jest is not configured to support such syntax.
[1] 
[1]     Out of the box Jest supports Babel, which will be used to transform your files into valid JS based on your Babel configuration.
[1] 
[1]     By default "node_modules" folder is ignored by transformers.
[1] 
[1]     Here's what you can do:
[1]      ÔÇó If you are trying to use ECMAScript Modules, see https://jestjs.io/docs/ecmascript-modules for how to enable it.
[1]      ÔÇó If you are trying to use TypeScript, see https://jestjs.io/docs/getting-started#using-typescript
[1]      ÔÇó To have some of your "node_modules" files transformed, you can specify a custom "transformIgnorePatterns" in your config.
[1]      ÔÇó If you need a custom transformation specify a "transform" option in your config.
[1]      ÔÇó If you simply want to mock your non-JS modules (e.g. binary assets) you can stub them out with the "moduleNameMapper" config option.
[1] 
[1]     You'll find more details and examples of these config options in the docs:
[1]     https://jestjs.io/docs/configuration
[1]     For information about custom transformations, see:
[1]     https://jestjs.io/docs/code-transformation
[1] 
[1]     Details:
[1] 
[1]     C:\www\espaco-dialogico\node_modules\node-pg-migrate\dist\bundle\index.js:2
[1]     import { glob } from "glob";
[1]     ^^^^^^
[1] 
[1]     SyntaxError: Cannot use import statement outside a module
[1] 
[1]     [0m [90m 4 |[39m [36masync[39m [36mfunction[39m getMigrate() {
[1]      [90m 5 |[39m   [36mtry[39m {
[1]     [31m[1m>[22m[39m[90m 6 |[39m     [36mconst[39m mod [33m=[39m [36mawait[39m [36mimport[39m([32m"node-pg-migrate"[39m)[33m;[39m
[1]      [90m   |[39m                       [31m[1m^[22m[39m
[1]      [90m 7 |[39m     
[1]      [90m 8 |[39m     [90m// node-pg-migrate >= 6.x exporta a fun├º├úo runner[39m
[1]      [90m 9 |[39m     [36mif[39m (mod [33m&&[39m [36mtypeof[39m mod[33m.[39mrunner [33m===[39m [32m"function"[39m) {[0m
[1] 
[1]       at Runtime.createScriptFromCode (node_modules/jest-runtime/build/index.js:1505:14)
[1]       at models/migrator.mjs:6:23
[1]       at getMigrate (models/migrator.mjs:6:17)
[1]       at Object.runPendingMigrations (models/migrator.mjs:56:26)
[1]       at Object.runPendingMigrations (tests/orchestrator.js:95:5)
[1]       at Object.<anonymous> (tests/integration/api/v1/admin/users/put.test.js:48:3)
[1] 
[1]   ÔùÅ PUT /api/v1/admin/users/[userId] ÔÇ║ Deve rejeitar senha muito curta
[1] 
[1]     Jest encountered an unexpected token
[1] 
[1]     Jest failed to parse a file. This happens e.g. when your code or its dependencies use non-standard JavaScript syntax, or when Jest is not configured to support such syntax.
[1] 
[1]     Out of the box Jest supports Babel, which will be used to transform your files into valid JS based on your Babel configuration.
[1] 
[1]     By default "node_modules" folder is ignored by transformers.
[1] 
[1]     Here's what you can do:
[1]      ÔÇó If you are trying to use ECMAScript Modules, see https://jestjs.io/docs/ecmascript-modules for how to enable it.
[1]      ÔÇó If you are trying to use TypeScript, see https://jestjs.io/docs/getting-started#using-typescript
[1]      ÔÇó To have some of your "node_modules" files transformed, you can specify a custom "transformIgnorePatterns" in your config.
[1]      ÔÇó If you need a custom transformation specify a "transform" option in your config.
[1]      ÔÇó If you simply want to mock your non-JS modules (e.g. binary assets) you can stub them out with the "moduleNameMapper" config option.
[1] 
[1]     You'll find more details and examples of these config options in the docs:
[1]     https://jestjs.io/docs/configuration
[1]     For information about custom transformations, see:
[1]     https://jestjs.io/docs/code-transformation
[1] 
[1]     Details:
[1] 
[1]     C:\www\espaco-dialogico\node_modules\node-pg-migrate\dist\bundle\index.js:2
[1]     import { glob } from "glob";
[1]     ^^^^^^
[1] 
[1]     SyntaxError: Cannot use import statement outside a module
[1] 
[1]     [0m [90m 4 |[39m [36masync[39m [36mfunction[39m getMigrate() {
[1]      [90m 5 |[39m   [36mtry[39m {
[1]     [31m[1m>[22m[39m[90m 6 |[39m     [36mconst[39m mod [33m=[39m [36mawait[39m [36mimport[39m([32m"node-pg-migrate"[39m)[33m;[39m
[1]      [90m   |[39m                       [31m[1m^[22m[39m
[1]      [90m 7 |[39m     
[1]      [90m 8 |[39m     [90m// node-pg-migrate >= 6.x exporta a fun├º├úo runner[39m
[1]      [90m 9 |[39m     [36mif[39m (mod [33m&&[39m [36mtypeof[39m mod[33m.[39mrunner [33m===[39m [32m"function"[39m) {[0m
[1] 
[1]       at Runtime.createScriptFromCode (node_modules/jest-runtime/build/index.js:1505:14)
[1]       at models/migrator.mjs:6:23
[1]       at getMigrate (models/migrator.mjs:6:17)
[1]       at Object.runPendingMigrations (models/migrator.mjs:56:26)
[1]       at Object.runPendingMigrations (tests/orchestrator.js:95:5)
[1]       at Object.<anonymous> (tests/integration/api/v1/admin/users/put.test.js:48:3)
[1] 
[1]   ÔùÅ PUT /api/v1/admin/users/[userId] ÔÇ║ Deve rejeitar requisi├º├úo sem dados para atualizar
[1] 
[1]     Jest encountered an unexpected token
[1] 
[1]     Jest failed to parse a file. This happens e.g. when your code or its dependencies use non-standard JavaScript syntax, or when Jest is not configured to support such syntax.
[1] 
[1]     Out of the box Jest supports Babel, which will be used to transform your files into valid JS based on your Babel configuration.
[1] 
[1]     By default "node_modules" folder is ignored by transformers.
[1] 
[1]     Here's what you can do:
[1]      ÔÇó If you are trying to use ECMAScript Modules, see https://jestjs.io/docs/ecmascript-modules for how to enable it.
[1]      ÔÇó If you are trying to use TypeScript, see https://jestjs.io/docs/getting-started#using-typescript
[1]      ÔÇó To have some of your "node_modules" files transformed, you can specify a custom "transformIgnorePatterns" in your config.
[1]      ÔÇó If you need a custom transformation specify a "transform" option in your config.
[1]      ÔÇó If you simply want to mock your non-JS modules (e.g. binary assets) you can stub them out with the "moduleNameMapper" config option.
[1] 
[1]     You'll find more details and examples of these config options in the docs:
[1]     https://jestjs.io/docs/configuration
[1]     For information about custom transformations, see:
[1]     https://jestjs.io/docs/code-transformation
[1] 
[1]     Details:
[1] 
[1]     C:\www\espaco-dialogico\node_modules\node-pg-migrate\dist\bundle\index.js:2
[1]     import { glob } from "glob";
[1]     ^^^^^^
[1] 
[1]     SyntaxError: Cannot use import statement outside a module
[1] 
[1]     [0m [90m 4 |[39m [36masync[39m [36mfunction[39m getMigrate() {
[1]      [90m 5 |[39m   [36mtry[39m {
[1]     [31m[1m>[22m[39m[90m 6 |[39m     [36mconst[39m mod [33m=[39m [36mawait[39m [36mimport[39m([32m"node-pg-migrate"[39m)[33m;[39m
[1]      [90m   |[39m                       [31m[1m^[22m[39m
[1]      [90m 7 |[39m     
[1]      [90m 8 |[39m     [90m// node-pg-migrate >= 6.x exporta a fun├º├úo runner[39m
[1]      [90m 9 |[39m     [36mif[39m (mod [33m&&[39m [36mtypeof[39m mod[33m.[39mrunner [33m===[39m [32m"function"[39m) {[0m
[1] 
[1]       at Runtime.createScriptFromCode (node_modules/jest-runtime/build/index.js:1505:14)
[1]       at models/migrator.mjs:6:23
[1]       at getMigrate (models/migrator.mjs:6:17)
[1]       at Object.runPendingMigrations (models/migrator.mjs:56:26)
[1]       at Object.runPendingMigrations (tests/orchestrator.js:95:5)
[1]       at Object.<anonymous> (tests/integration/api/v1/admin/users/put.test.js:48:3)
[1] 
[0]  GET /api/v1/status/ 200 in 103ms
[1] FAIL tests/integration/api/v1/transacoes/get.test.js
[1]   GET /api/v1/transacoes
[1]     Anonymous user
[1]       ├ù With no data (25 ms)
[1] 
[1]   ÔùÅ GET /api/v1/transacoes ÔÇ║ Anonymous user ÔÇ║ With no data
[1] 
[1]     Jest encountered an unexpected token
[1] 
[1]     Jest failed to parse a file. This happens e.g. when your code or its dependencies use non-standard JavaScript syntax, or when Jest is not configured to support such syntax.
[1] 
[1]     Out of the box Jest supports Babel, which will be used to transform your files into valid JS based on your Babel configuration.
[1] 
[1]     By default "node_modules" folder is ignored by transformers.
[1] 
[1]     Here's what you can do:
[1]      ÔÇó If you are trying to use ECMAScript Modules, see https://jestjs.io/docs/ecmascript-modules for how to enable it.
[1]      ÔÇó If you are trying to use TypeScript, see https://jestjs.io/docs/getting-started#using-typescript
[1]      ÔÇó To have some of your "node_modules" files transformed, you can specify a custom "transformIgnorePatterns" in your config.
[1]      ÔÇó If you need a custom transformation specify a "transform" option in your config.
[1]      ÔÇó If you simply want to mock your non-JS modules (e.g. binary assets) you can stub them out with the "moduleNameMapper" config option.
[1] 
[1]     You'll find more details and examples of these config options in the docs:
[1]     https://jestjs.io/docs/configuration
[1]     For information about custom transformations, see:
[1]     https://jestjs.io/docs/code-transformation
[1] 
[1]     Details:
[1] 
[1]     C:\www\espaco-dialogico\node_modules\node-pg-migrate\dist\bundle\index.js:2
[1]     import { glob } from "glob";
[1]     ^^^^^^
[1] 
[1]     SyntaxError: Cannot use import statement outside a module
[1] 
[1]     [0m [90m 4 |[39m [36masync[39m [36mfunction[39m getMigrate() {
[1]      [90m 5 |[39m   [36mtry[39m {
[1]     [31m[1m>[22m[39m[90m 6 |[39m     [36mconst[39m mod [33m=[39m [36mawait[39m [36mimport[39m([32m"node-pg-migrate"[39m)[33m;[39m
[1]      [90m   |[39m                       [31m[1m^[22m[39m
[1]      [90m 7 |[39m     
[1]      [90m 8 |[39m     [90m// node-pg-migrate >= 6.x exporta a fun├º├úo runner[39m
[1]      [90m 9 |[39m     [36mif[39m (mod [33m&&[39m [36mtypeof[39m mod[33m.[39mrunner [33m===[39m [32m"function"[39m) {[0m
[1] 
[1]       at Runtime.createScriptFromCode (node_modules/jest-runtime/build/index.js:1505:14)
[1]       at models/migrator.mjs:6:23
[1]       at getMigrate (models/migrator.mjs:6:17)
[1]       at Object.runPendingMigrations (models/migrator.mjs:56:26)
[1]       at Object.runPendingMigrations (tests/orchestrator.js:95:5)
[1]       at Object.<anonymous> (tests/integration/api/v1/transacoes/get.test.js:13:5)
[1] 
[0]  GET /api/v1/status/ 200 in 135ms
[1] FAIL tests/integration/api/v1/financeiro/get.test.js
[1]   GET /api/v1/dashboard/financeiro-otimizado
[1]     ├ù usu├írio admin deve conseguir acessar os dados financeiros
[1]     ├ù usu├írio n├úo autenticado deve receber 401
[1] 
[1]   ÔùÅ GET /api/v1/dashboard/financeiro-otimizado ÔÇ║ usu├írio admin deve conseguir acessar os dados financeiros
[1] 
[1]     Jest encountered an unexpected token
[1] 
[1]     Jest failed to parse a file. This happens e.g. when your code or its dependencies use non-standard JavaScript syntax, or when Jest is not configured to support such syntax.
[1] 
[1]     Out of the box Jest supports Babel, which will be used to transform your files into valid JS based on your Babel configuration.
[1] 
[1]     By default "node_modules" folder is ignored by transformers.
[1] 
[1]     Here's what you can do:
[1]      ÔÇó If you are trying to use ECMAScript Modules, see https://jestjs.io/docs/ecmascript-modules for how to enable it.
[1]      ÔÇó If you are trying to use TypeScript, see https://jestjs.io/docs/getting-started#using-typescript
[1]      ÔÇó To have some of your "node_modules" files transformed, you can specify a custom "transformIgnorePatterns" in your config.
[1]      ÔÇó If you need a custom transformation specify a "transform" option in your config.
[1]      ÔÇó If you simply want to mock your non-JS modules (e.g. binary assets) you can stub them out with the "moduleNameMapper" config option.
[1] 
[1]     You'll find more details and examples of these config options in the docs:
[1]     https://jestjs.io/docs/configuration
[1]     For information about custom transformations, see:
[1]     https://jestjs.io/docs/code-transformation
[1] 
[1]     Details:
[1] 
[1]     C:\www\espaco-dialogico\node_modules\node-pg-migrate\dist\bundle\index.js:2
[1]     import { glob } from "glob";
[1]     ^^^^^^
[1] 
[1]     SyntaxError: Cannot use import statement outside a module
[1] 
[1]     [0m [90m 4 |[39m [36masync[39m [36mfunction[39m getMigrate() {
[1]      [90m 5 |[39m   [36mtry[39m {
[1]     [31m[1m>[22m[39m[90m 6 |[39m     [36mconst[39m mod [33m=[39m [36mawait[39m [36mimport[39m([32m"node-pg-migrate"[39m)[33m;[39m
[1]      [90m   |[39m                       [31m[1m^[22m[39m
[1]      [90m 7 |[39m     
[1]      [90m 8 |[39m     [90m// node-pg-migrate >= 6.x exporta a fun├º├úo runner[39m
[1]      [90m 9 |[39m     [36mif[39m (mod [33m&&[39m [36mtypeof[39m mod[33m.[39mrunner [33m===[39m [32m"function"[39m) {[0m
[1] 
[1]       at Runtime.createScriptFromCode (node_modules/jest-runtime/build/index.js:1505:14)
[1]       at models/migrator.mjs:6:23
[1]       at getMigrate (models/migrator.mjs:6:17)
[1]       at Object.runPendingMigrations (models/migrator.mjs:56:26)
[1]       at Object.runPendingMigrations (tests/orchestrator.js:95:5)
[1]       at Object.<anonymous> (tests/integration/api/v1/financeiro/get.test.js:52:3)
[1] 
[1]   ÔùÅ GET /api/v1/dashboard/financeiro-otimizado ÔÇ║ usu├írio n├úo autenticado deve receber 401
[1] 
[1]     Jest encountered an unexpected token
[1] 
[1]     Jest failed to parse a file. This happens e.g. when your code or its dependencies use non-standard JavaScript syntax, or when Jest is not configured to support such syntax.
[1] 
[1]     Out of the box Jest supports Babel, which will be used to transform your files into valid JS based on your Babel configuration.
[1] 
[1]     By default "node_modules" folder is ignored by transformers.
[1] 
[1]     Here's what you can do:
[1]      ÔÇó If you are trying to use ECMAScript Modules, see https://jestjs.io/docs/ecmascript-modules for how to enable it.
[1]      ÔÇó If you are trying to use TypeScript, see https://jestjs.io/docs/getting-started#using-typescript
[1]      ÔÇó To have some of your "node_modules" files transformed, you can specify a custom "transformIgnorePatterns" in your config.
[1]      ÔÇó If you need a custom transformation specify a "transform" option in your config.
[1]      ÔÇó If you simply want to mock your non-JS modules (e.g. binary assets) you can stub them out with the "moduleNameMapper" config option.
[1] 
[1]     You'll find more details and examples of these config options in the docs:
[1]     https://jestjs.io/docs/configuration
[1]     For information about custom transformations, see:
[1]     https://jestjs.io/docs/code-transformation
[1] 
[1]     Details:
[1] 
[1]     C:\www\espaco-dialogico\node_modules\node-pg-migrate\dist\bundle\index.js:2
[1]     import { glob } from "glob";
[1]     ^^^^^^
[1] 
[1]     SyntaxError: Cannot use import statement outside a module
[1] 
[1]     [0m [90m 4 |[39m [36masync[39m [36mfunction[39m getMigrate() {
[1]      [90m 5 |[39m   [36mtry[39m {
[1]     [31m[1m>[22m[39m[90m 6 |[39m     [36mconst[39m mod [33m=[39m [36mawait[39m [36mimport[39m([32m"node-pg-migrate"[39m)[33m;[39m
[1]      [90m   |[39m                       [31m[1m^[22m[39m
[1]      [90m 7 |[39m     
[1]      [90m 8 |[39m     [90m// node-pg-migrate >= 6.x exporta a fun├º├úo runner[39m
[1]      [90m 9 |[39m     [36mif[39m (mod [33m&&[39m [36mtypeof[39m mod[33m.[39mrunner [33m===[39m [32m"function"[39m) {[0m
[1] 
[1]       at Runtime.createScriptFromCode (node_modules/jest-runtime/build/index.js:1505:14)
[1]       at models/migrator.mjs:6:23
[1]       at getMigrate (models/migrator.mjs:6:17)
[1]       at Object.runPendingMigrations (models/migrator.mjs:56:26)
[1]       at Object.runPendingMigrations (tests/orchestrator.js:95:5)
[1]       at Object.<anonymous> (tests/integration/api/v1/financeiro/get.test.js:52:3)
[1] 
[1] PASS tests/frontend/pages/dashboard/terapeutas/create.test.js
[1]   Criar Novo Terapeuta
[1]     ÔêÜ Deve abrir o modal e criar um novo terapeuta com sucesso (1672 ms)
[1] 
[1] PASS tests/frontend/pages/dashboard/terapeutas/edit.test.js
[1]   Editar Terapeuta
[1]     ÔêÜ Deve editar um terapeuta com sucesso (731 ms)
[1] 
[0]  GET /api/v1/status/ 200 in 95ms
[0]  Ô£ô Compiled /api/v1/migrations in 233ms (306 modules)
[0] Verifica├º├úo da coluna 'role' na tabela 'users' conclu├¡da
[0] Admin user Danilo (danilo2311@gmail.com) created or updated successfully
[0] Migra├º├úo de roles conclu├¡da: 'user' ÔåÆ 'terapeuta', adicionado 'secretaria'
[0] Migra├º├úo: Adicionada coluna last_email_sent na tabela invites
[0] Migra├º├úo de corre├º├úo de timestamp - campos dt_nascimento e origem j├í foram tornados opcionais anteriormente
[0] Migra├º├úo de corre├º├úo de timestamp - coluna 'curriculo' j├í foi removida anteriormente
[0]  POST /api/v1/migrations/ 201 in 794ms
[0]  POST /api/v1/migrations/ 200 in 35ms
[1] PASS tests/integration/api/v1/migrations/post.test.js
[1]   POST /api/v1/migrations
[1]     Anonymous user
[1]       Running pending migrations
[1]         ÔêÜ For the first time (802 ms)
[1]         ÔêÜ For the second time (41 ms)
[1] 
[1] PASS tests/frontend/pages/dashboard/terapeutas/delete.test.js
[1]   Excluir Terapeuta
[1]     ÔêÜ Deve abrir o modal de confirma├º├úo e excluir o terapeuta com sucesso (247 ms)
[1] 
[1] PASS tests/frontend/pages/dashboard/terapeutas/get.test.js
[1]   Dashboard Terapeutas
[1]     ÔêÜ P├ígina deve ser carregada corretamente (77 ms)
[1]     ÔêÜ Banco de dados deve estar ativo (1 ms)
[1]     ÔêÜ Tabela de terapeutas deve estar pronta para aceitar novos registros (50 ms)
[1] 
[1] PASS tests/frontend/pages/dashboard/convites/convites.test.js
[1]   Sistema de Convites
[1]     ÔêÜ Administrador pode acessar a p├ígina de convites (250 ms)
[1]     ÔêÜ Simular cria├º├úo de novo convite como administrador (1 ms)
[1] 
[0]  GET /api/v1/status/ 200 in 91ms
[0] Verifica├º├úo da coluna 'role' na tabela 'users' conclu├¡da
[0] Admin user Danilo (danilo2311@gmail.com) created or updated successfully
[0] Migra├º├úo de roles conclu├¡da: 'user' ÔåÆ 'terapeuta', adicionado 'secretaria'
[0] Migra├º├úo: Adicionada coluna last_email_sent na tabela invites
[0] Migra├º├úo de corre├º├úo de timestamp - campos dt_nascimento e origem j├í foram tornados opcionais anteriormente
[0] Migra├º├úo de corre├º├úo de timestamp - coluna 'curriculo' j├í foi removida anteriormente
[0]  GET /api/v1/migrations/ 200 in 110ms
[1] PASS tests/integration/api/v1/migrations/get.test.js
[1]   GET /api/v1/migrations
[1]     Anonymous user
[1]       ÔêÜ Retrieving pending migrations (115 ms)
[1] 
[0]  GET /api/v1/status/ 200 in 98ms
[0]  GET /api/v1/status/ 200 in 98ms
[1] PASS tests/integration/api/v1/status/get.test.js
[1]   GET /api/v1/status
[1]     Anonymous user
[1]       ÔêÜ Retrieving current system status (104 ms)
[1] 
[0]  GET /api/v1/status/ 200 in 97ms
[0]  POST /api/v1/status/ 405 in 5ms
[1] PASS tests/integration/api/v1/status/post.test.js
[1]   POST /api/v1/status
[1]     Anonymous user
[1]       ÔêÜ Retrieving current system status (11 ms)
[1] 
[1] PASS tests/frontend/hooks/useAuth.test.js
[1]   useAuth hook
[1]     ÔêÜ deve inicializar com usu├írio null e loading false (4 ms)
[1]     ÔêÜ deve carregar usu├írio do localStorage na inicializa├º├úo (2 ms)
[1]     ÔêÜ deve identificar corretamente um administrador (1 ms)
[1]     ÔêÜ deve fazer login com sucesso (8 ms)
[1]     ÔêÜ deve lidar com erro de login (2 ms)
[1]     ÔêÜ deve fazer logout corretamente (2 ms)
[1]     ÔêÜ deve lidar com erro no JSON ao carregar usu├írio do localStorage (1 ms)
[1]     ÔêÜ deve lidar com erro de rede durante login (1 ms)
[1] 
[1] PASS tests/utils/authenticatedFetch.test.js
[1]   authenticatedFetch utils
[1]     authenticatedFetch
[1]       ÔêÜ deve adicionar token de autentica├º├úo automaticamente (1 ms)
[1]       ÔêÜ deve interceptar erro 401 e for├ºar logout (8 ms)
[1]       ÔêÜ deve pular verifica├º├úo de auth quando skipAuthCheck ├® true
[1]       ÔêÜ deve mesclar headers personalizados com Authorization
[1]       ÔêÜ deve funcionar sem token quando skipAuthCheck ├® true (1 ms)
[1]       ÔêÜ deve interceptar diferentes tipos de erro 401 (62 ms)
[1]       ÔêÜ deve interceptar erro 401 mesmo quando n├úo consegue ler response (3 ms)
[1]     forceLogout
[1]       ÔêÜ deve limpar localStorage e redirecionar para login (1 ms)
[1]       ÔêÜ deve usar mensagem padr├úo quando n├úo fornecida
[1] 
[1] Summary of all failing tests
[1] FAIL tests/integration/api/v1/users/secretaria-role.test.js
[1]   ÔùÅ Role assignment: secretaria ÔÇ║ user created with secretaria invite has only role 'secretaria'
[1] 
[1]     Jest encountered an unexpected token
[1] 
[1]     Jest failed to parse a file. This happens e.g. when your code or its dependencies use non-standard JavaScript syntax, or when Jest is not configured to support such syntax.
[1] 
[1]     Out of the box Jest supports Babel, which will be used to transform your files into valid JS based on your Babel configuration.
[1] 
[1]     By default "node_modules" folder is ignored by transformers.
[1] 
[1]     Here's what you can do:
[1]      ÔÇó If you are trying to use ECMAScript Modules, see https://jestjs.io/docs/ecmascript-modules for how to enable it.
[1]      ÔÇó If you are trying to use TypeScript, see https://jestjs.io/docs/getting-started#using-typescript
[1]      ÔÇó To have some of your "node_modules" files transformed, you can specify a custom "transformIgnorePatterns" in your config.
[1]      ÔÇó If you need a custom transformation specify a "transform" option in your config.
[1]      ÔÇó If you simply want to mock your non-JS modules (e.g. binary assets) you can stub them out with the "moduleNameMapper" config option.
[1] 
[1]     You'll find more details and examples of these config options in the docs:
[1]     https://jestjs.io/docs/configuration
[1]     For information about custom transformations, see:
[1]     https://jestjs.io/docs/code-transformation
[1] 
[1]     Details:
[1] 
[1]     C:\www\espaco-dialogico\node_modules\node-pg-migrate\dist\bundle\index.js:2
[1]     import { glob } from "glob";
[1]     ^^^^^^
[1] 
[1]     SyntaxError: Cannot use import statement outside a module
[1] 
[1]     [0m [90m 4 |[39m [36masync[39m [36mfunction[39m getMigrate() {
[1]      [90m 5 |[39m   [36mtry[39m {
[1]     [31m[1m>[22m[39m[90m 6 |[39m     [36mconst[39m mod [33m=[39m [36mawait[39m [36mimport[39m([32m"node-pg-migrate"[39m)[33m;[39m
[1]      [90m   |[39m                       [31m[1m^[22m[39m
[1]      [90m 7 |[39m     
[1]      [90m 8 |[39m     [90m// node-pg-migrate >= 6.x exporta a fun├º├úo runner[39m
[1]      [90m 9 |[39m     [36mif[39m (mod [33m&&[39m [36mtypeof[39m mod[33m.[39mrunner [33m===[39m [32m"function"[39m) {[0m
[1] 
[1]       at Runtime.createScriptFromCode (node_modules/jest-runtime/build/index.js:1505:14)
[1]       at models/migrator.mjs:6:23
[1]       at getMigrate (models/migrator.mjs:6:17)
[1]       at Object.runPendingMigrations (models/migrator.mjs:56:26)
[1]       at Object.runPendingMigrations (tests/orchestrator.js:95:5)
[1]       at Object.<anonymous> (tests/integration/api/v1/users/secretaria-role.test.js:23:3)
[1] 
[1]   ÔùÅ Role assignment: secretaria ÔÇ║ user created with secretaria role can access secretaria routes
[1] 
[1]     Jest encountered an unexpected token
[1] 
[1]     Jest failed to parse a file. This happens e.g. when your code or its dependencies use non-standard JavaScript syntax, or when Jest is not configured to support such syntax.
[1] 
[1]     Out of the box Jest supports Babel, which will be used to transform your files into valid JS based on your Babel configuration.
[1] 
[1]     By default "node_modules" folder is ignored by transformers.
[1] 
[1]     Here's what you can do:
[1]      ÔÇó If you are trying to use ECMAScript Modules, see https://jestjs.io/docs/ecmascript-modules for how to enable it.
[1]      ÔÇó If you are trying to use TypeScript, see https://jestjs.io/docs/getting-started#using-typescript
[1]      ÔÇó To have some of your "node_modules" files transformed, you can specify a custom "transformIgnorePatterns" in your config.
[1]      ÔÇó If you need a custom transformation specify a "transform" option in your config.
[1]      ÔÇó If you simply want to mock your non-JS modules (e.g. binary assets) you can stub them out with the "moduleNameMapper" config option.
[1] 
[1]     You'll find more details and examples of these config options in the docs:
[1]     https://jestjs.io/docs/configuration
[1]     For information about custom transformations, see:
[1]     https://jestjs.io/docs/code-transformation
[1] 
[1]     Details:
[1] 
[1]     C:\www\espaco-dialogico\node_modules\node-pg-migrate\dist\bundle\index.js:2
[1]     import { glob } from "glob";
[1]     ^^^^^^
[1] 
[1]     SyntaxError: Cannot use import statement outside a module
[1] 
[1]     [0m [90m 4 |[39m [36masync[39m [36mfunction[39m getMigrate() {
[1]      [90m 5 |[39m   [36mtry[39m {
[1]     [31m[1m>[22m[39m[90m 6 |[39m     [36mconst[39m mod [33m=[39m [36mawait[39m [36mimport[39m([32m"node-pg-migrate"[39m)[33m;[39m
[1]      [90m   |[39m                       [31m[1m^[22m[39m
[1]      [90m 7 |[39m     
[1]      [90m 8 |[39m     [90m// node-pg-migrate >= 6.x exporta a fun├º├úo runner[39m
[1]      [90m 9 |[39m     [36mif[39m (mod [33m&&[39m [36mtypeof[39m mod[33m.[39mrunner [33m===[39m [32m"function"[39m) {[0m
[1] 
[1]       at Runtime.createScriptFromCode (node_modules/jest-runtime/build/index.js:1505:14)
[1]       at models/migrator.mjs:6:23
[1]       at getMigrate (models/migrator.mjs:6:17)
[1]       at Object.runPendingMigrations (models/migrator.mjs:56:26)
[1]       at Object.runPendingMigrations (tests/orchestrator.js:95:5)
[1]       at Object.<anonymous> (tests/integration/api/v1/users/secretaria-role.test.js:23:3)
[1] 
[1]   ÔùÅ Role assignment: secretaria ÔÇ║ secretaria pode visualizar e criar agendamentos para qualquer terapeuta
[1] 
[1]     Jest encountered an unexpected token
[1] 
[1]     Jest failed to parse a file. This happens e.g. when your code or its dependencies use non-standard JavaScript syntax, or when Jest is not configured to support such syntax.
[1] 
[1]     Out of the box Jest supports Babel, which will be used to transform your files into valid JS based on your Babel configuration.
[1] 
[1]     By default "node_modules" folder is ignored by transformers.
[1] 
[1]     Here's what you can do:
[1]      ÔÇó If you are trying to use ECMAScript Modules, see https://jestjs.io/docs/ecmascript-modules for how to enable it.
[1]      ÔÇó If you are trying to use TypeScript, see https://jestjs.io/docs/getting-started#using-typescript
[1]      ÔÇó To have some of your "node_modules" files transformed, you can specify a custom "transformIgnorePatterns" in your config.
[1]      ÔÇó If you need a custom transformation specify a "transform" option in your config.
[1]      ÔÇó If you simply want to mock your non-JS modules (e.g. binary assets) you can stub them out with the "moduleNameMapper" config option.
[1] 
[1]     You'll find more details and examples of these config options in the docs:
[1]     https://jestjs.io/docs/configuration
[1]     For information about custom transformations, see:
[1]     https://jestjs.io/docs/code-transformation
[1] 
[1]     Details:
[1] 
[1]     C:\www\espaco-dialogico\node_modules\node-pg-migrate\dist\bundle\index.js:2
[1]     import { glob } from "glob";
[1]     ^^^^^^
[1] 
[1]     SyntaxError: Cannot use import statement outside a module
[1] 
[1]     [0m [90m 4 |[39m [36masync[39m [36mfunction[39m getMigrate() {
[1]      [90m 5 |[39m   [36mtry[39m {
[1]     [31m[1m>[22m[39m[90m 6 |[39m     [36mconst[39m mod [33m=[39m [36mawait[39m [36mimport[39m([32m"node-pg-migrate"[39m)[33m;[39m
[1]      [90m   |[39m                       [31m[1m^[22m[39m
[1]      [90m 7 |[39m     
[1]      [90m 8 |[39m     [90m// node-pg-migrate >= 6.x exporta a fun├º├úo runner[39m
[1]      [90m 9 |[39m     [36mif[39m (mod [33m&&[39m [36mtypeof[39m mod[33m.[39mrunner [33m===[39m [32m"function"[39m) {[0m
[1] 
[1]       at Runtime.createScriptFromCode (node_modules/jest-runtime/build/index.js:1505:14)
[1]       at models/migrator.mjs:6:23
[1]       at getMigrate (models/migrator.mjs:6:17)
[1]       at Object.runPendingMigrations (models/migrator.mjs:56:26)
[1]       at Object.runPendingMigrations (tests/orchestrator.js:95:5)
[1]       at Object.<anonymous> (tests/integration/api/v1/users/secretaria-role.test.js:23:3)
[1] 
[1]   ÔùÅ Role assignment: secretaria ÔÇ║ secretaria pode visualizar e cadastrar pacientes para qualquer terapeuta
[1] 
[1]     Jest encountered an unexpected token
[1] 
[1]     Jest failed to parse a file. This happens e.g. when your code or its dependencies use non-standard JavaScript syntax, or when Jest is not configured to support such syntax.
[1] 
[1]     Out of the box Jest supports Babel, which will be used to transform your files into valid JS based on your Babel configuration.
[1] 
[1]     By default "node_modules" folder is ignored by transformers.
[1] 
[1]     Here's what you can do:
[1]      ÔÇó If you are trying to use ECMAScript Modules, see https://jestjs.io/docs/ecmascript-modules for how to enable it.
[1]      ÔÇó If you are trying to use TypeScript, see https://jestjs.io/docs/getting-started#using-typescript
[1]      ÔÇó To have some of your "node_modules" files transformed, you can specify a custom "transformIgnorePatterns" in your config.
[1]      ÔÇó If you need a custom transformation specify a "transform" option in your config.
[1]      ÔÇó If you simply want to mock your non-JS modules (e.g. binary assets) you can stub them out with the "moduleNameMapper" config option.
[1] 
[1]     You'll find more details and examples of these config options in the docs:
[1]     https://jestjs.io/docs/configuration
[1]     For information about custom transformations, see:
[1]     https://jestjs.io/docs/code-transformation
[1] 
[1]     Details:
[1] 
[1]     C:\www\espaco-dialogico\node_modules\node-pg-migrate\dist\bundle\index.js:2
[1]     import { glob } from "glob";
[1]     ^^^^^^
[1] 
[1]     SyntaxError: Cannot use import statement outside a module
[1] 
[1]     [0m [90m 4 |[39m [36masync[39m [36mfunction[39m getMigrate() {
[1]      [90m 5 |[39m   [36mtry[39m {
[1]     [31m[1m>[22m[39m[90m 6 |[39m     [36mconst[39m mod [33m=[39m [36mawait[39m [36mimport[39m([32m"node-pg-migrate"[39m)[33m;[39m
[1]      [90m   |[39m                       [31m[1m^[22m[39m
[1]      [90m 7 |[39m     
[1]      [90m 8 |[39m     [90m// node-pg-migrate >= 6.x exporta a fun├º├úo runner[39m
[1]      [90m 9 |[39m     [36mif[39m (mod [33m&&[39m [36mtypeof[39m mod[33m.[39mrunner [33m===[39m [32m"function"[39m) {[0m
[1] 
[1]       at Runtime.createScriptFromCode (node_modules/jest-runtime/build/index.js:1505:14)
[1]       at models/migrator.mjs:6:23
[1]       at getMigrate (models/migrator.mjs:6:17)
[1]       at Object.runPendingMigrations (models/migrator.mjs:56:26)
[1]       at Object.runPendingMigrations (tests/orchestrator.js:95:5)
[1]       at Object.<anonymous> (tests/integration/api/v1/users/secretaria-role.test.js:23:3)
[1] 
[1]   ÔùÅ Role assignment: secretaria ÔÇ║ secretaria pode visualizar e cadastrar terapeutas
[1] 
[1]     Jest encountered an unexpected token
[1] 
[1]     Jest failed to parse a file. This happens e.g. when your code or its dependencies use non-standard JavaScript syntax, or when Jest is not configured to support such syntax.
[1] 
[1]     Out of the box Jest supports Babel, which will be used to transform your files into valid JS based on your Babel configuration.
[1] 
[1]     By default "node_modules" folder is ignored by transformers.
[1] 
[1]     Here's what you can do:
[1]      ÔÇó If you are trying to use ECMAScript Modules, see https://jestjs.io/docs/ecmascript-modules for how to enable it.
[1]      ÔÇó If you are trying to use TypeScript, see https://jestjs.io/docs/getting-started#using-typescript
[1]      ÔÇó To have some of your "node_modules" files transformed, you can specify a custom "transformIgnorePatterns" in your config.
[1]      ÔÇó If you need a custom transformation specify a "transform" option in your config.
[1]      ÔÇó If you simply want to mock your non-JS modules (e.g. binary assets) you can stub them out with the "moduleNameMapper" config option.
[1] 
[1]     You'll find more details and examples of these config options in the docs:
[1]     https://jestjs.io/docs/configuration
[1]     For information about custom transformations, see:
[1]     https://jestjs.io/docs/code-transformation
[1] 
[1]     Details:
[1] 
[1]     C:\www\espaco-dialogico\node_modules\node-pg-migrate\dist\bundle\index.js:2
[1]     import { glob } from "glob";
[1]     ^^^^^^
[1] 
[1]     SyntaxError: Cannot use import statement outside a module
[1] 
[1]     [0m [90m 4 |[39m [36masync[39m [36mfunction[39m getMigrate() {
[1]      [90m 5 |[39m   [36mtry[39m {
[1]     [31m[1m>[22m[39m[90m 6 |[39m     [36mconst[39m mod [33m=[39m [36mawait[39m [36mimport[39m([32m"node-pg-migrate"[39m)[33m;[39m
[1]      [90m   |[39m                       [31m[1m^[22m[39m
[1]      [90m 7 |[39m     
[1]      [90m 8 |[39m     [90m// node-pg-migrate >= 6.x exporta a fun├º├úo runner[39m
[1]      [90m 9 |[39m     [36mif[39m (mod [33m&&[39m [36mtypeof[39m mod[33m.[39mrunner [33m===[39m [32m"function"[39m) {[0m
[1] 
[1]       at Runtime.createScriptFromCode (node_modules/jest-runtime/build/index.js:1505:14)
[1]       at models/migrator.mjs:6:23
[1]       at getMigrate (models/migrator.mjs:6:17)
[1]       at Object.runPendingMigrations (models/migrator.mjs:56:26)
[1]       at Object.runPendingMigrations (tests/orchestrator.js:95:5)
[1]       at Object.<anonymous> (tests/integration/api/v1/users/secretaria-role.test.js:23:3)
[1] 
[1]   ÔùÅ Role assignment: secretaria ÔÇ║ secretaria pode atualizar status de nota fiscal das sess├Áes
[1] 
[1]     Jest encountered an unexpected token
[1] 
[1]     Jest failed to parse a file. This happens e.g. when your code or its dependencies use non-standard JavaScript syntax, or when Jest is not configured to support such syntax.
[1] 
[1]     Out of the box Jest supports Babel, which will be used to transform your files into valid JS based on your Babel configuration.
[1] 
[1]     By default "node_modules" folder is ignored by transformers.
[1] 
[1]     Here's what you can do:
[1]      ÔÇó If you are trying to use ECMAScript Modules, see https://jestjs.io/docs/ecmascript-modules for how to enable it.
[1]      ÔÇó If you are trying to use TypeScript, see https://jestjs.io/docs/getting-started#using-typescript
[1]      ÔÇó To have some of your "node_modules" files transformed, you can specify a custom "transformIgnorePatterns" in your config.
[1]      ÔÇó If you need a custom transformation specify a "transform" option in your config.
[1]      ÔÇó If you simply want to mock your non-JS modules (e.g. binary assets) you can stub them out with the "moduleNameMapper" config option.
[1] 
[1]     You'll find more details and examples of these config options in the docs:
[1]     https://jestjs.io/docs/configuration
[1]     For information about custom transformations, see:
[1]     https://jestjs.io/docs/code-transformation
[1] 
[1]     Details:
[1] 
[1]     C:\www\espaco-dialogico\node_modules\node-pg-migrate\dist\bundle\index.js:2
[1]     import { glob } from "glob";
[1]     ^^^^^^
[1] 
[1]     SyntaxError: Cannot use import statement outside a module
[1] 
[1]     [0m [90m 4 |[39m [36masync[39m [36mfunction[39m getMigrate() {
[1]      [90m 5 |[39m   [36mtry[39m {
[1]     [31m[1m>[22m[39m[90m 6 |[39m     [36mconst[39m mod [33m=[39m [36mawait[39m [36mimport[39m([32m"node-pg-migrate"[39m)[33m;[39m
[1]      [90m   |[39m                       [31m[1m^[22m[39m
[1]      [90m 7 |[39m     
[1]      [90m 8 |[39m     [90m// node-pg-migrate >= 6.x exporta a fun├º├úo runner[39m
[1]      [90m 9 |[39m     [36mif[39m (mod [33m&&[39m [36mtypeof[39m mod[33m.[39mrunner [33m===[39m [32m"function"[39m) {[0m
[1] 
[1]       at Runtime.createScriptFromCode (node_modules/jest-runtime/build/index.js:1505:14)
[1]       at models/migrator.mjs:6:23
[1]       at getMigrate (models/migrator.mjs:6:17)
[1]       at Object.runPendingMigrations (models/migrator.mjs:56:26)
[1]       at Object.runPendingMigrations (tests/orchestrator.js:95:5)
[1]       at Object.<anonymous> (tests/integration/api/v1/users/secretaria-role.test.js:23:3)
[1] 
[1]   ÔùÅ Role assignment: secretaria ÔÇ║ secretaria pode visualizar e registrar sess├Áes
[1] 
[1]     Jest encountered an unexpected token
[1] 
[1]     Jest failed to parse a file. This happens e.g. when your code or its dependencies use non-standard JavaScript syntax, or when Jest is not configured to support such syntax.
[1] 
[1]     Out of the box Jest supports Babel, which will be used to transform your files into valid JS based on your Babel configuration.
[1] 
[1]     By default "node_modules" folder is ignored by transformers.
[1] 
[1]     Here's what you can do:
[1]      ÔÇó If you are trying to use ECMAScript Modules, see https://jestjs.io/docs/ecmascript-modules for how to enable it.
[1]      ÔÇó If you are trying to use TypeScript, see https://jestjs.io/docs/getting-started#using-typescript
[1]      ÔÇó To have some of your "node_modules" files transformed, you can specify a custom "transformIgnorePatterns" in your config.
[1]      ÔÇó If you need a custom transformation specify a "transform" option in your config.
[1]      ÔÇó If you simply want to mock your non-JS modules (e.g. binary assets) you can stub them out with the "moduleNameMapper" config option.
[1] 
[1]     You'll find more details and examples of these config options in the docs:
[1]     https://jestjs.io/docs/configuration
[1]     For information about custom transformations, see:
[1]     https://jestjs.io/docs/code-transformation
[1] 
[1]     Details:
[1] 
[1]     C:\www\espaco-dialogico\node_modules\node-pg-migrate\dist\bundle\index.js:2
[1]     import { glob } from "glob";
[1]     ^^^^^^
[1] 
[1]     SyntaxError: Cannot use import statement outside a module
[1] 
[1]     [0m [90m 4 |[39m [36masync[39m [36mfunction[39m getMigrate() {
[1]      [90m 5 |[39m   [36mtry[39m {
[1]     [31m[1m>[22m[39m[90m 6 |[39m     [36mconst[39m mod [33m=[39m [36mawait[39m [36mimport[39m([32m"node-pg-migrate"[39m)[33m;[39m
[1]      [90m   |[39m                       [31m[1m^[22m[39m
[1]      [90m 7 |[39m     
[1]      [90m 8 |[39m     [90m// node-pg-migrate >= 6.x exporta a fun├º├úo runner[39m
[1]      [90m 9 |[39m     [36mif[39m (mod [33m&&[39m [36mtypeof[39m mod[33m.[39mrunner [33m===[39m [32m"function"[39m) {[0m
[1] 
[1]       at Runtime.createScriptFromCode (node_modules/jest-runtime/build/index.js:1505:14)
[1]       at models/migrator.mjs:6:23
[1]       at getMigrate (models/migrator.mjs:6:17)
[1]       at Object.runPendingMigrations (models/migrator.mjs:56:26)
[1]       at Object.runPendingMigrations (tests/orchestrator.js:95:5)
[1]       at Object.<anonymous> (tests/integration/api/v1/users/secretaria-role.test.js:23:3)
[1] 
[1]   ÔùÅ Role assignment: secretaria ÔÇ║ secretaria n├úo pode acessar ou enviar convites
[1] 
[1]     Jest encountered an unexpected token
[1] 
[1]     Jest failed to parse a file. This happens e.g. when your code or its dependencies use non-standard JavaScript syntax, or when Jest is not configured to support such syntax.
[1] 
[1]     Out of the box Jest supports Babel, which will be used to transform your files into valid JS based on your Babel configuration.
[1] 
[1]     By default "node_modules" folder is ignored by transformers.
[1] 
[1]     Here's what you can do:
[1]      ÔÇó If you are trying to use ECMAScript Modules, see https://jestjs.io/docs/ecmascript-modules for how to enable it.
[1]      ÔÇó If you are trying to use TypeScript, see https://jestjs.io/docs/getting-started#using-typescript
[1]      ÔÇó To have some of your "node_modules" files transformed, you can specify a custom "transformIgnorePatterns" in your config.
[1]      ÔÇó If you need a custom transformation specify a "transform" option in your config.
[1]      ÔÇó If you simply want to mock your non-JS modules (e.g. binary assets) you can stub them out with the "moduleNameMapper" config option.
[1] 
[1]     You'll find more details and examples of these config options in the docs:
[1]     https://jestjs.io/docs/configuration
[1]     For information about custom transformations, see:
[1]     https://jestjs.io/docs/code-transformation
[1] 
[1]     Details:
[1] 
[1]     C:\www\espaco-dialogico\node_modules\node-pg-migrate\dist\bundle\index.js:2
[1]     import { glob } from "glob";
[1]     ^^^^^^
[1] 
[1]     SyntaxError: Cannot use import statement outside a module
[1] 
[1]     [0m [90m 4 |[39m [36masync[39m [36mfunction[39m getMigrate() {
[1]      [90m 5 |[39m   [36mtry[39m {
[1]     [31m[1m>[22m[39m[90m 6 |[39m     [36mconst[39m mod [33m=[39m [36mawait[39m [36mimport[39m([32m"node-pg-migrate"[39m)[33m;[39m
[1]      [90m   |[39m                       [31m[1m^[22m[39m
[1]      [90m 7 |[39m     
[1]      [90m 8 |[39m     [90m// node-pg-migrate >= 6.x exporta a fun├º├úo runner[39m
[1]      [90m 9 |[39m     [36mif[39m (mod [33m&&[39m [36mtypeof[39m mod[33m.[39mrunner [33m===[39m [32m"function"[39m) {[0m
[1] 
[1]       at Runtime.createScriptFromCode (node_modules/jest-runtime/build/index.js:1505:14)
[1]       at models/migrator.mjs:6:23
[1]       at getMigrate (models/migrator.mjs:6:17)
[1]       at Object.runPendingMigrations (models/migrator.mjs:56:26)
[1]       at Object.runPendingMigrations (tests/orchestrator.js:95:5)
[1]       at Object.<anonymous> (tests/integration/api/v1/users/secretaria-role.test.js:23:3)
[1] 
[1]   ÔùÅ Role assignment: secretaria ÔÇ║ secretaria pode criar agendamentos com a nova Sala 321
[1] 
[1]     Jest encountered an unexpected token
[1] 
[1]     Jest failed to parse a file. This happens e.g. when your code or its dependencies use non-standard JavaScript syntax, or when Jest is not configured to support such syntax.
[1] 
[1]     Out of the box Jest supports Babel, which will be used to transform your files into valid JS based on your Babel configuration.
[1] 
[1]     By default "node_modules" folder is ignored by transformers.
[1] 
[1]     Here's what you can do:
[1]      ÔÇó If you are trying to use ECMAScript Modules, see https://jestjs.io/docs/ecmascript-modules for how to enable it.
[1]      ÔÇó If you are trying to use TypeScript, see https://jestjs.io/docs/getting-started#using-typescript
[1]      ÔÇó To have some of your "node_modules" files transformed, you can specify a custom "transformIgnorePatterns" in your config.
[1]      ÔÇó If you need a custom transformation specify a "transform" option in your config.
[1]      ÔÇó If you simply want to mock your non-JS modules (e.g. binary assets) you can stub them out with the "moduleNameMapper" config option.
[1] 
[1]     You'll find more details and examples of these config options in the docs:
[1]     https://jestjs.io/docs/configuration
[1]     For information about custom transformations, see:
[1]     https://jestjs.io/docs/code-transformation
[1] 
[1]     Details:
[1] 
[1]     C:\www\espaco-dialogico\node_modules\node-pg-migrate\dist\bundle\index.js:2
[1]     import { glob } from "glob";
[1]     ^^^^^^
[1] 
[1]     SyntaxError: Cannot use import statement outside a module
[1] 
[1]     [0m [90m 4 |[39m [36masync[39m [36mfunction[39m getMigrate() {
[1]      [90m 5 |[39m   [36mtry[39m {
[1]     [31m[1m>[22m[39m[90m 6 |[39m     [36mconst[39m mod [33m=[39m [36mawait[39m [36mimport[39m([32m"node-pg-migrate"[39m)[33m;[39m
[1]      [90m   |[39m                       [31m[1m^[22m[39m
[1]      [90m 7 |[39m     
[1]      [90m 8 |[39m     [90m// node-pg-migrate >= 6.x exporta a fun├º├úo runner[39m
[1]      [90m 9 |[39m     [36mif[39m (mod [33m&&[39m [36mtypeof[39m mod[33m.[39mrunner [33m===[39m [32m"function"[39m) {[0m
[1] 
[1]       at Runtime.createScriptFromCode (node_modules/jest-runtime/build/index.js:1505:14)
[1]       at models/migrator.mjs:6:23
[1]       at getMigrate (models/migrator.mjs:6:17)
[1]       at Object.runPendingMigrations (models/migrator.mjs:56:26)
[1]       at Object.runPendingMigrations (tests/orchestrator.js:95:5)
[1]       at Object.<anonymous> (tests/integration/api/v1/users/secretaria-role.test.js:23:3)
[1] 
[1]   ÔùÅ Role assignment: secretaria ÔÇ║ n├úo deve aceitar valores inv├ílidos para localAgendamento
[1] 
[1]     Jest encountered an unexpected token
[1] 
[1]     Jest failed to parse a file. This happens e.g. when your code or its dependencies use non-standard JavaScript syntax, or when Jest is not configured to support such syntax.
[1] 
[1]     Out of the box Jest supports Babel, which will be used to transform your files into valid JS based on your Babel configuration.
[1] 
[1]     By default "node_modules" folder is ignored by transformers.
[1] 
[1]     Here's what you can do:
[1]      ÔÇó If you are trying to use ECMAScript Modules, see https://jestjs.io/docs/ecmascript-modules for how to enable it.
[1]      ÔÇó If you are trying to use TypeScript, see https://jestjs.io/docs/getting-started#using-typescript
[1]      ÔÇó To have some of your "node_modules" files transformed, you can specify a custom "transformIgnorePatterns" in your config.
[1]      ÔÇó If you need a custom transformation specify a "transform" option in your config.
[1]      ÔÇó If you simply want to mock your non-JS modules (e.g. binary assets) you can stub them out with the "moduleNameMapper" config option.
[1] 
[1]     You'll find more details and examples of these config options in the docs:
[1]     https://jestjs.io/docs/configuration
[1]     For information about custom transformations, see:
[1]     https://jestjs.io/docs/code-transformation
[1] 
[1]     Details:
[1] 
[1]     C:\www\espaco-dialogico\node_modules\node-pg-migrate\dist\bundle\index.js:2
[1]     import { glob } from "glob";
[1]     ^^^^^^
[1] 
[1]     SyntaxError: Cannot use import statement outside a module
[1] 
[1]     [0m [90m 4 |[39m [36masync[39m [36mfunction[39m getMigrate() {
[1]      [90m 5 |[39m   [36mtry[39m {
[1]     [31m[1m>[22m[39m[90m 6 |[39m     [36mconst[39m mod [33m=[39m [36mawait[39m [36mimport[39m([32m"node-pg-migrate"[39m)[33m;[39m
[1]      [90m   |[39m                       [31m[1m^[22m[39m
[1]      [90m 7 |[39m     
[1]      [90m 8 |[39m     [90m// node-pg-migrate >= 6.x exporta a fun├º├úo runner[39m
[1]      [90m 9 |[39m     [36mif[39m (mod [33m&&[39m [36mtypeof[39m mod[33m.[39mrunner [33m===[39m [32m"function"[39m) {[0m
[1] 
[1]       at Runtime.createScriptFromCode (node_modules/jest-runtime/build/index.js:1505:14)
[1]       at models/migrator.mjs:6:23
[1]       at getMigrate (models/migrator.mjs:6:17)
[1]       at Object.runPendingMigrations (models/migrator.mjs:56:26)
[1]       at Object.runPendingMigrations (tests/orchestrator.js:95:5)
[1]       at Object.<anonymous> (tests/integration/api/v1/users/secretaria-role.test.js:23:3)
[1] 
[1] FAIL tests/integration/api/v1/users/[username]/get.test.js
[1]   ÔùÅ GET /api/v1/users/[username] ÔÇ║ Logged User ÔÇ║ Authentication setup is successful
[1] 
[1]     ServiceError: Erro na conex├úo com o Banco ou na Query.
[1] 
[1]     [0m [90m  9 |[39m     [36mreturn[39m result[33m;[39m
[1]      [90m 10 |[39m   } [36mcatch[39m (error) {
[1]     [31m[1m>[22m[39m[90m 11 |[39m     [36mconst[39m serviceErrorObject [33m=[39m [36mnew[39m [33mServiceError[39m({
[1]      [90m    |[39m                                [31m[1m^[22m[39m
[1]      [90m 12 |[39m       message[33m:[39m [32m"Erro na conex├úo com o Banco ou na Query."[39m[33m,[39m
[1]      [90m 13 |[39m       cause[33m:[39m error[33m,[39m
[1]      [90m 14 |[39m     })[33m;[39m[0m
[1] 
[1]       at Object.query (infra/database.js:11:32)
[1]       at ensureDevAdminExists (tests/helpers/auth.js:12:25)
[1]       at Object.<anonymous> (tests/integration/api/v1/users/[username]/get.test.js:30:5)
[1] 
[1]     Cause:
[1]     error: relation "users" does not exist
[1] 
[1]     [0m [90m  6 |[39m   [36mtry[39m {
[1]      [90m  7 |[39m     client [33m=[39m [36mawait[39m getNewClient()[33m;[39m
[1]     [31m[1m>[22m[39m[90m  8 |[39m     [36mconst[39m result [33m=[39m [36mawait[39m client[33m.[39mquery(queryObject)[33m;[39m
[1]      [90m    |[39m                    [31m[1m^[22m[39m
[1]      [90m  9 |[39m     [36mreturn[39m result[33m;[39m
[1]      [90m 10 |[39m   } [36mcatch[39m (error) {
[1]      [90m 11 |[39m     [36mconst[39m serviceErrorObject [33m=[39m [36mnew[39m [33mServiceError[39m({[0m
[1] 
[1]       at node_modules/pg/lib/client.js:535:17
[1]       at Object.query (infra/database.js:8:20)
[1]       at ensureDevAdminExists (tests/helpers/auth.js:12:25)
[1]       at Object.<anonymous> (tests/integration/api/v1/users/[username]/get.test.js:30:5)
[1] 
[1]   ÔùÅ GET /api/v1/users/[username] ÔÇ║ Logged User ÔÇ║ With exact case match
[1] 
[1]     ServiceError: Erro na conex├úo com o Banco ou na Query.
[1] 
[1]     [0m [90m  9 |[39m     [36mreturn[39m result[33m;[39m
[1]      [90m 10 |[39m   } [36mcatch[39m (error) {
[1]     [31m[1m>[22m[39m[90m 11 |[39m     [36mconst[39m serviceErrorObject [33m=[39m [36mnew[39m [33mServiceError[39m({
[1]      [90m    |[39m                                [31m[1m^[22m[39m
[1]      [90m 12 |[39m       message[33m:[39m [32m"Erro na conex├úo com o Banco ou na Query."[39m[33m,[39m
[1]      [90m 13 |[39m       cause[33m:[39m error[33m,[39m
[1]      [90m 14 |[39m     })[33m;[39m[0m
[1] 
[1]       at Object.query (infra/database.js:11:32)
[1]       at ensureDevAdminExists (tests/helpers/auth.js:12:25)
[1]       at Object.<anonymous> (tests/integration/api/v1/users/[username]/get.test.js:30:5)
[1] 
[1]     Cause:
[1]     error: relation "users" does not exist
[1] 
[1]     [0m [90m  6 |[39m   [36mtry[39m {
[1]      [90m  7 |[39m     client [33m=[39m [36mawait[39m getNewClient()[33m;[39m
[1]     [31m[1m>[22m[39m[90m  8 |[39m     [36mconst[39m result [33m=[39m [36mawait[39m client[33m.[39mquery(queryObject)[33m;[39m
[1]      [90m    |[39m                    [31m[1m^[22m[39m
[1]      [90m  9 |[39m     [36mreturn[39m result[33m;[39m
[1]      [90m 10 |[39m   } [36mcatch[39m (error) {
[1]      [90m 11 |[39m     [36mconst[39m serviceErrorObject [33m=[39m [36mnew[39m [33mServiceError[39m({[0m
[1] 
[1]       at node_modules/pg/lib/client.js:535:17
[1]       at Object.query (infra/database.js:8:20)
[1]       at ensureDevAdminExists (tests/helpers/auth.js:12:25)
[1]       at Object.<anonymous> (tests/integration/api/v1/users/[username]/get.test.js:30:5)
[1] 
[1]   ÔùÅ GET /api/v1/users/[username] ÔÇ║ Logged User ÔÇ║ With case mismatch
[1] 
[1]     ServiceError: Erro na conex├úo com o Banco ou na Query.
[1] 
[1]     [0m [90m  9 |[39m     [36mreturn[39m result[33m;[39m
[1]      [90m 10 |[39m   } [36mcatch[39m (error) {
[1]     [31m[1m>[22m[39m[90m 11 |[39m     [36mconst[39m serviceErrorObject [33m=[39m [36mnew[39m [33mServiceError[39m({
[1]      [90m    |[39m                                [31m[1m^[22m[39m
[1]      [90m 12 |[39m       message[33m:[39m [32m"Erro na conex├úo com o Banco ou na Query."[39m[33m,[39m
[1]      [90m 13 |[39m       cause[33m:[39m error[33m,[39m
[1]      [90m 14 |[39m     })[33m;[39m[0m
[1] 
[1]       at Object.query (infra/database.js:11:32)
[1]       at ensureDevAdminExists (tests/helpers/auth.js:12:25)
[1]       at Object.<anonymous> (tests/integration/api/v1/users/[username]/get.test.js:30:5)
[1] 
[1]     Cause:
[1]     error: relation "users" does not exist
[1] 
[1]     [0m [90m  6 |[39m   [36mtry[39m {
[1]      [90m  7 |[39m     client [33m=[39m [36mawait[39m getNewClient()[33m;[39m
[1]     [31m[1m>[22m[39m[90m  8 |[39m     [36mconst[39m result [33m=[39m [36mawait[39m client[33m.[39mquery(queryObject)[33m;[39m
[1]      [90m    |[39m                    [31m[1m^[22m[39m
[1]      [90m  9 |[39m     [36mreturn[39m result[33m;[39m
[1]      [90m 10 |[39m   } [36mcatch[39m (error) {
[1]      [90m 11 |[39m     [36mconst[39m serviceErrorObject [33m=[39m [36mnew[39m [33mServiceError[39m({[0m
[1] 
[1]       at node_modules/pg/lib/client.js:535:17
[1]       at Object.query (infra/database.js:8:20)
[1]       at ensureDevAdminExists (tests/helpers/auth.js:12:25)
[1]       at Object.<anonymous> (tests/integration/api/v1/users/[username]/get.test.js:30:5)
[1] 
[1]   ÔùÅ GET /api/v1/users/[username] ÔÇ║ Logged User ÔÇ║ With username not found
[1] 
[1]     ServiceError: Erro na conex├úo com o Banco ou na Query.
[1] 
[1]     [0m [90m  9 |[39m     [36mreturn[39m result[33m;[39m
[1]      [90m 10 |[39m   } [36mcatch[39m (error) {
[1]     [31m[1m>[22m[39m[90m 11 |[39m     [36mconst[39m serviceErrorObject [33m=[39m [36mnew[39m [33mServiceError[39m({
[1]      [90m    |[39m                                [31m[1m^[22m[39m
[1]      [90m 12 |[39m       message[33m:[39m [32m"Erro na conex├úo com o Banco ou na Query."[39m[33m,[39m
[1]      [90m 13 |[39m       cause[33m:[39m error[33m,[39m
[1]      [90m 14 |[39m     })[33m;[39m[0m
[1] 
[1]       at Object.query (infra/database.js:11:32)
[1]       at ensureDevAdminExists (tests/helpers/auth.js:12:25)
[1]       at Object.<anonymous> (tests/integration/api/v1/users/[username]/get.test.js:30:5)
[1] 
[1]     Cause:
[1]     error: relation "users" does not exist
[1] 
[1]     [0m [90m  6 |[39m   [36mtry[39m {
[1]      [90m  7 |[39m     client [33m=[39m [36mawait[39m getNewClient()[33m;[39m
[1]     [31m[1m>[22m[39m[90m  8 |[39m     [36mconst[39m result [33m=[39m [36mawait[39m client[33m.[39mquery(queryObject)[33m;[39m
[1]      [90m    |[39m                    [31m[1m^[22m[39m
[1]      [90m  9 |[39m     [36mreturn[39m result[33m;[39m
[1]      [90m 10 |[39m   } [36mcatch[39m (error) {
[1]      [90m 11 |[39m     [36mconst[39m serviceErrorObject [33m=[39m [36mnew[39m [33mServiceError[39m({[0m
[1] 
[1]       at node_modules/pg/lib/client.js:535:17
[1]       at Object.query (infra/database.js:8:20)
[1]       at ensureDevAdminExists (tests/helpers/auth.js:12:25)
[1]       at Object.<anonymous> (tests/integration/api/v1/users/[username]/get.test.js:30:5)
[1] 
[1] FAIL tests/integration/api/v1/users/post.test.js
[1]   ÔùÅ POST /api/v1/users ÔÇ║ Creating user with valid invite code
[1] 
[1]     Jest encountered an unexpected token
[1] 
[1]     Jest failed to parse a file. This happens e.g. when your code or its dependencies use non-standard JavaScript syntax, or when Jest is not configured to support such syntax.
[1] 
[1]     Out of the box Jest supports Babel, which will be used to transform your files into valid JS based on your Babel configuration.
[1] 
[1]     By default "node_modules" folder is ignored by transformers.
[1] 
[1]     Here's what you can do:
[1]      ÔÇó If you are trying to use ECMAScript Modules, see https://jestjs.io/docs/ecmascript-modules for how to enable it.
[1]      ÔÇó If you are trying to use TypeScript, see https://jestjs.io/docs/getting-started#using-typescript
[1]      ÔÇó To have some of your "node_modules" files transformed, you can specify a custom "transformIgnorePatterns" in your config.
[1]      ÔÇó If you need a custom transformation specify a "transform" option in your config.
[1]      ÔÇó If you simply want to mock your non-JS modules (e.g. binary assets) you can stub them out with the "moduleNameMapper" config option.
[1] 
[1]     You'll find more details and examples of these config options in the docs:
[1]     https://jestjs.io/docs/configuration
[1]     For information about custom transformations, see:
[1]     https://jestjs.io/docs/code-transformation
[1] 
[1]     Details:
[1] 
[1]     C:\www\espaco-dialogico\node_modules\node-pg-migrate\dist\bundle\index.js:2
[1]     import { glob } from "glob";
[1]     ^^^^^^
[1] 
[1]     SyntaxError: Cannot use import statement outside a module
[1] 
[1]     [0m [90m 4 |[39m [36masync[39m [36mfunction[39m getMigrate() {
[1]      [90m 5 |[39m   [36mtry[39m {
[1]     [31m[1m>[22m[39m[90m 6 |[39m     [36mconst[39m mod [33m=[39m [36mawait[39m [36mimport[39m([32m"node-pg-migrate"[39m)[33m;[39m
[1]      [90m   |[39m                       [31m[1m^[22m[39m
[1]      [90m 7 |[39m     
[1]      [90m 8 |[39m     [90m// node-pg-migrate >= 6.x exporta a fun├º├úo runner[39m
[1]      [90m 9 |[39m     [36mif[39m (mod [33m&&[39m [36mtypeof[39m mod[33m.[39mrunner [33m===[39m [32m"function"[39m) {[0m
[1] 
[1]       at Runtime.createScriptFromCode (node_modules/jest-runtime/build/index.js:1505:14)
[1]       at models/migrator.mjs:6:23
[1]       at getMigrate (models/migrator.mjs:6:17)
[1]       at Object.runPendingMigrations (models/migrator.mjs:56:26)
[1]       at Object.runPendingMigrations (tests/orchestrator.js:95:5)
[1]       at Object.<anonymous> (tests/integration/api/v1/users/post.test.js:22:3)
[1] 
[1]   ÔùÅ POST /api/v1/users ÔÇ║ Creating user with different role with invite code
[1] 
[1]     Jest encountered an unexpected token
[1] 
[1]     Jest failed to parse a file. This happens e.g. when your code or its dependencies use non-standard JavaScript syntax, or when Jest is not configured to support such syntax.
[1] 
[1]     Out of the box Jest supports Babel, which will be used to transform your files into valid JS based on your Babel configuration.
[1] 
[1]     By default "node_modules" folder is ignored by transformers.
[1] 
[1]     Here's what you can do:
[1]      ÔÇó If you are trying to use ECMAScript Modules, see https://jestjs.io/docs/ecmascript-modules for how to enable it.
[1]      ÔÇó If you are trying to use TypeScript, see https://jestjs.io/docs/getting-started#using-typescript
[1]      ÔÇó To have some of your "node_modules" files transformed, you can specify a custom "transformIgnorePatterns" in your config.
[1]      ÔÇó If you need a custom transformation specify a "transform" option in your config.
[1]      ÔÇó If you simply want to mock your non-JS modules (e.g. binary assets) you can stub them out with the "moduleNameMapper" config option.
[1] 
[1]     You'll find more details and examples of these config options in the docs:
[1]     https://jestjs.io/docs/configuration
[1]     For information about custom transformations, see:
[1]     https://jestjs.io/docs/code-transformation
[1] 
[1]     Details:
[1] 
[1]     C:\www\espaco-dialogico\node_modules\node-pg-migrate\dist\bundle\index.js:2
[1]     import { glob } from "glob";
[1]     ^^^^^^
[1] 
[1]     SyntaxError: Cannot use import statement outside a module
[1] 
[1]     [0m [90m 4 |[39m [36masync[39m [36mfunction[39m getMigrate() {
[1]      [90m 5 |[39m   [36mtry[39m {
[1]     [31m[1m>[22m[39m[90m 6 |[39m     [36mconst[39m mod [33m=[39m [36mawait[39m [36mimport[39m([32m"node-pg-migrate"[39m)[33m;[39m
[1]      [90m   |[39m                       [31m[1m^[22m[39m
[1]      [90m 7 |[39m     
[1]      [90m 8 |[39m     [90m// node-pg-migrate >= 6.x exporta a fun├º├úo runner[39m
[1]      [90m 9 |[39m     [36mif[39m (mod [33m&&[39m [36mtypeof[39m mod[33m.[39mrunner [33m===[39m [32m"function"[39m) {[0m
[1] 
[1]       at Runtime.createScriptFromCode (node_modules/jest-runtime/build/index.js:1505:14)
[1]       at models/migrator.mjs:6:23
[1]       at getMigrate (models/migrator.mjs:6:17)
[1]       at Object.runPendingMigrations (models/migrator.mjs:56:26)
[1]       at Object.runPendingMigrations (tests/orchestrator.js:95:5)
[1]       at Object.<anonymous> (tests/integration/api/v1/users/post.test.js:22:3)
[1] 
[1]   ÔùÅ POST /api/v1/users ÔÇ║ With invalid invite code
[1] 
[1]     Jest encountered an unexpected token
[1] 
[1]     Jest failed to parse a file. This happens e.g. when your code or its dependencies use non-standard JavaScript syntax, or when Jest is not configured to support such syntax.
[1] 
[1]     Out of the box Jest supports Babel, which will be used to transform your files into valid JS based on your Babel configuration.
[1] 
[1]     By default "node_modules" folder is ignored by transformers.
[1] 
[1]     Here's what you can do:
[1]      ÔÇó If you are trying to use ECMAScript Modules, see https://jestjs.io/docs/ecmascript-modules for how to enable it.
[1]      ÔÇó If you are trying to use TypeScript, see https://jestjs.io/docs/getting-started#using-typescript
[1]      ÔÇó To have some of your "node_modules" files transformed, you can specify a custom "transformIgnorePatterns" in your config.
[1]      ÔÇó If you need a custom transformation specify a "transform" option in your config.
[1]      ÔÇó If you simply want to mock your non-JS modules (e.g. binary assets) you can stub them out with the "moduleNameMapper" config option.
[1] 
[1]     You'll find more details and examples of these config options in the docs:
[1]     https://jestjs.io/docs/configuration
[1]     For information about custom transformations, see:
[1]     https://jestjs.io/docs/code-transformation
[1] 
[1]     Details:
[1] 
[1]     C:\www\espaco-dialogico\node_modules\node-pg-migrate\dist\bundle\index.js:2
[1]     import { glob } from "glob";
[1]     ^^^^^^
[1] 
[1]     SyntaxError: Cannot use import statement outside a module
[1] 
[1]     [0m [90m 4 |[39m [36masync[39m [36mfunction[39m getMigrate() {
[1]      [90m 5 |[39m   [36mtry[39m {
[1]     [31m[1m>[22m[39m[90m 6 |[39m     [36mconst[39m mod [33m=[39m [36mawait[39m [36mimport[39m([32m"node-pg-migrate"[39m)[33m;[39m
[1]      [90m   |[39m                       [31m[1m^[22m[39m
[1]      [90m 7 |[39m     
[1]      [90m 8 |[39m     [90m// node-pg-migrate >= 6.x exporta a fun├º├úo runner[39m
[1]      [90m 9 |[39m     [36mif[39m (mod [33m&&[39m [36mtypeof[39m mod[33m.[39mrunner [33m===[39m [32m"function"[39m) {[0m
[1] 
[1]       at Runtime.createScriptFromCode (node_modules/jest-runtime/build/index.js:1505:14)
[1]       at models/migrator.mjs:6:23
[1]       at getMigrate (models/migrator.mjs:6:17)
[1]       at Object.runPendingMigrations (models/migrator.mjs:56:26)
[1]       at Object.runPendingMigrations (tests/orchestrator.js:95:5)
[1]       at Object.<anonymous> (tests/integration/api/v1/users/post.test.js:22:3)
[1] 
[1]   ÔùÅ POST /api/v1/users ÔÇ║ With duplicated email
[1] 
[1]     Jest encountered an unexpected token
[1] 
[1]     Jest failed to parse a file. This happens e.g. when your code or its dependencies use non-standard JavaScript syntax, or when Jest is not configured to support such syntax.
[1] 
[1]     Out of the box Jest supports Babel, which will be used to transform your files into valid JS based on your Babel configuration.
[1] 
[1]     By default "node_modules" folder is ignored by transformers.
[1] 
[1]     Here's what you can do:
[1]      ÔÇó If you are trying to use ECMAScript Modules, see https://jestjs.io/docs/ecmascript-modules for how to enable it.
[1]      ÔÇó If you are trying to use TypeScript, see https://jestjs.io/docs/getting-started#using-typescript
[1]      ÔÇó To have some of your "node_modules" files transformed, you can specify a custom "transformIgnorePatterns" in your config.
[1]      ÔÇó If you need a custom transformation specify a "transform" option in your config.
[1]      ÔÇó If you simply want to mock your non-JS modules (e.g. binary assets) you can stub them out with the "moduleNameMapper" config option.
[1] 
[1]     You'll find more details and examples of these config options in the docs:
[1]     https://jestjs.io/docs/configuration
[1]     For information about custom transformations, see:
[1]     https://jestjs.io/docs/code-transformation
[1] 
[1]     Details:
[1] 
[1]     C:\www\espaco-dialogico\node_modules\node-pg-migrate\dist\bundle\index.js:2
[1]     import { glob } from "glob";
[1]     ^^^^^^
[1] 
[1]     SyntaxError: Cannot use import statement outside a module
[1] 
[1]     [0m [90m 4 |[39m [36masync[39m [36mfunction[39m getMigrate() {
[1]      [90m 5 |[39m   [36mtry[39m {
[1]     [31m[1m>[22m[39m[90m 6 |[39m     [36mconst[39m mod [33m=[39m [36mawait[39m [36mimport[39m([32m"node-pg-migrate"[39m)[33m;[39m
[1]      [90m   |[39m                       [31m[1m^[22m[39m
[1]      [90m 7 |[39m     
[1]      [90m 8 |[39m     [90m// node-pg-migrate >= 6.x exporta a fun├º├úo runner[39m
[1]      [90m 9 |[39m     [36mif[39m (mod [33m&&[39m [36mtypeof[39m mod[33m.[39mrunner [33m===[39m [32m"function"[39m) {[0m
[1] 
[1]       at Runtime.createScriptFromCode (node_modules/jest-runtime/build/index.js:1505:14)
[1]       at models/migrator.mjs:6:23
[1]       at getMigrate (models/migrator.mjs:6:17)
[1]       at Object.runPendingMigrations (models/migrator.mjs:56:26)
[1]       at Object.runPendingMigrations (tests/orchestrator.js:95:5)
[1]       at Object.<anonymous> (tests/integration/api/v1/users/post.test.js:22:3)
[1] 
[1] FAIL tests/integration/api/v1/users/get.test.js
[1]   ÔùÅ GET /api/v1/users ÔÇ║ Anonymous user ÔÇ║ With no data
[1] 
[1]     Jest encountered an unexpected token
[1] 
[1]     Jest failed to parse a file. This happens e.g. when your code or its dependencies use non-standard JavaScript syntax, or when Jest is not configured to support such syntax.
[1] 
[1]     Out of the box Jest supports Babel, which will be used to transform your files into valid JS based on your Babel configuration.
[1] 
[1]     By default "node_modules" folder is ignored by transformers.
[1] 
[1]     Here's what you can do:
[1]      ÔÇó If you are trying to use ECMAScript Modules, see https://jestjs.io/docs/ecmascript-modules for how to enable it.
[1]      ÔÇó If you are trying to use TypeScript, see https://jestjs.io/docs/getting-started#using-typescript
[1]      ÔÇó To have some of your "node_modules" files transformed, you can specify a custom "transformIgnorePatterns" in your config.
[1]      ÔÇó If you need a custom transformation specify a "transform" option in your config.
[1]      ÔÇó If you simply want to mock your non-JS modules (e.g. binary assets) you can stub them out with the "moduleNameMapper" config option.
[1] 
[1]     You'll find more details and examples of these config options in the docs:
[1]     https://jestjs.io/docs/configuration
[1]     For information about custom transformations, see:
[1]     https://jestjs.io/docs/code-transformation
[1] 
[1]     Details:
[1] 
[1]     C:\www\espaco-dialogico\node_modules\node-pg-migrate\dist\bundle\index.js:2
[1]     import { glob } from "glob";
[1]     ^^^^^^
[1] 
[1]     SyntaxError: Cannot use import statement outside a module
[1] 
[1]     [0m [90m 4 |[39m [36masync[39m [36mfunction[39m getMigrate() {
[1]      [90m 5 |[39m   [36mtry[39m {
[1]     [31m[1m>[22m[39m[90m 6 |[39m     [36mconst[39m mod [33m=[39m [36mawait[39m [36mimport[39m([32m"node-pg-migrate"[39m)[33m;[39m
[1]      [90m   |[39m                       [31m[1m^[22m[39m
[1]      [90m 7 |[39m     
[1]      [90m 8 |[39m     [90m// node-pg-migrate >= 6.x exporta a fun├º├úo runner[39m
[1]      [90m 9 |[39m     [36mif[39m (mod [33m&&[39m [36mtypeof[39m mod[33m.[39mrunner [33m===[39m [32m"function"[39m) {[0m
[1] 
[1]       at Runtime.createScriptFromCode (node_modules/jest-runtime/build/index.js:1505:14)
[1]       at models/migrator.mjs:6:23
[1]       at getMigrate (models/migrator.mjs:6:17)
[1]       at Object.runPendingMigrations (models/migrator.mjs:56:26)
[1]       at Object.runPendingMigrations (tests/orchestrator.js:95:5)
[1]       at Object.<anonymous> (tests/integration/api/v1/users/get.test.js:20:3)
[1] 
[1] FAIL tests/integration/api/v1/terapeutas/post.test.js
[1]   ÔùÅ POST /api/v1/terapeutas ÔÇ║ Usu├írio autenticado ÔÇ║ Authentication setup is successful
[1] 
[1]     Jest encountered an unexpected token
[1] 
[1]     Jest failed to parse a file. This happens e.g. when your code or its dependencies use non-standard JavaScript syntax, or when Jest is not configured to support such syntax.
[1] 
[1]     Out of the box Jest supports Babel, which will be used to transform your files into valid JS based on your Babel configuration.
[1] 
[1]     By default "node_modules" folder is ignored by transformers.
[1] 
[1]     Here's what you can do:
[1]      ÔÇó If you are trying to use ECMAScript Modules, see https://jestjs.io/docs/ecmascript-modules for how to enable it.
[1]      ÔÇó If you are trying to use TypeScript, see https://jestjs.io/docs/getting-started#using-typescript
[1]      ÔÇó To have some of your "node_modules" files transformed, you can specify a custom "transformIgnorePatterns" in your config.
[1]      ÔÇó If you need a custom transformation specify a "transform" option in your config.
[1]      ÔÇó If you simply want to mock your non-JS modules (e.g. binary assets) you can stub them out with the "moduleNameMapper" config option.
[1] 
[1]     You'll find more details and examples of these config options in the docs:
[1]     https://jestjs.io/docs/configuration
[1]     For information about custom transformations, see:
[1]     https://jestjs.io/docs/code-transformation
[1] 
[1]     Details:
[1] 
[1]     C:\www\espaco-dialogico\node_modules\node-pg-migrate\dist\bundle\index.js:2
[1]     import { glob } from "glob";
[1]     ^^^^^^
[1] 
[1]     SyntaxError: Cannot use import statement outside a module
[1] 
[1]     [0m [90m 4 |[39m [36masync[39m [36mfunction[39m getMigrate() {
[1]      [90m 5 |[39m   [36mtry[39m {
[1]     [31m[1m>[22m[39m[90m 6 |[39m     [36mconst[39m mod [33m=[39m [36mawait[39m [36mimport[39m([32m"node-pg-migrate"[39m)[33m;[39m
[1]      [90m   |[39m                       [31m[1m^[22m[39m
[1]      [90m 7 |[39m     
[1]      [90m 8 |[39m     [90m// node-pg-migrate >= 6.x exporta a fun├º├úo runner[39m
[1]      [90m 9 |[39m     [36mif[39m (mod [33m&&[39m [36mtypeof[39m mod[33m.[39mrunner [33m===[39m [32m"function"[39m) {[0m
[1] 
[1]       at Runtime.createScriptFromCode (node_modules/jest-runtime/build/index.js:1505:14)
[1]       at models/migrator.mjs:6:23
[1]       at getMigrate (models/migrator.mjs:6:17)
[1]       at Object.runPendingMigrations (models/migrator.mjs:56:26)
[1]       at Object.runPendingMigrations (tests/orchestrator.js:95:5)
[1]       at Object.<anonymous> (tests/integration/api/v1/terapeutas/post.test.js:25:5)
[1] 
[1]   ÔùÅ POST /api/v1/terapeutas ÔÇ║ Usu├írio autenticado ÔÇ║ Com token v├ílido e dados completos
[1] 
[1]     Jest encountered an unexpected token
[1] 
[1]     Jest failed to parse a file. This happens e.g. when your code or its dependencies use non-standard JavaScript syntax, or when Jest is not configured to support such syntax.
[1] 
[1]     Out of the box Jest supports Babel, which will be used to transform your files into valid JS based on your Babel configuration.
[1] 
[1]     By default "node_modules" folder is ignored by transformers.
[1] 
[1]     Here's what you can do:
[1]      ÔÇó If you are trying to use ECMAScript Modules, see https://jestjs.io/docs/ecmascript-modules for how to enable it.
[1]      ÔÇó If you are trying to use TypeScript, see https://jestjs.io/docs/getting-started#using-typescript
[1]      ÔÇó To have some of your "node_modules" files transformed, you can specify a custom "transformIgnorePatterns" in your config.
[1]      ÔÇó If you need a custom transformation specify a "transform" option in your config.
[1]      ÔÇó If you simply want to mock your non-JS modules (e.g. binary assets) you can stub them out with the "moduleNameMapper" config option.
[1] 
[1]     You'll find more details and examples of these config options in the docs:
[1]     https://jestjs.io/docs/configuration
[1]     For information about custom transformations, see:
[1]     https://jestjs.io/docs/code-transformation
[1] 
[1]     Details:
[1] 
[1]     C:\www\espaco-dialogico\node_modules\node-pg-migrate\dist\bundle\index.js:2
[1]     import { glob } from "glob";
[1]     ^^^^^^
[1] 
[1]     SyntaxError: Cannot use import statement outside a module
[1] 
[1]     [0m [90m 4 |[39m [36masync[39m [36mfunction[39m getMigrate() {
[1]      [90m 5 |[39m   [36mtry[39m {
[1]     [31m[1m>[22m[39m[90m 6 |[39m     [36mconst[39m mod [33m=[39m [36mawait[39m [36mimport[39m([32m"node-pg-migrate"[39m)[33m;[39m
[1]      [90m   |[39m                       [31m[1m^[22m[39m
[1]      [90m 7 |[39m     
[1]      [90m 8 |[39m     [90m// node-pg-migrate >= 6.x exporta a fun├º├úo runner[39m
[1]      [90m 9 |[39m     [36mif[39m (mod [33m&&[39m [36mtypeof[39m mod[33m.[39mrunner [33m===[39m [32m"function"[39m) {[0m
[1] 
[1]       at Runtime.createScriptFromCode (node_modules/jest-runtime/build/index.js:1505:14)
[1]       at models/migrator.mjs:6:23
[1]       at getMigrate (models/migrator.mjs:6:17)
[1]       at Object.runPendingMigrations (models/migrator.mjs:56:26)
[1]       at Object.runPendingMigrations (tests/orchestrator.js:95:5)
[1]       at Object.<anonymous> (tests/integration/api/v1/terapeutas/post.test.js:25:5)
[1] 
[1]   ÔùÅ POST /api/v1/terapeutas ÔÇ║ Usu├írio autenticado ÔÇ║ Com email duplicado
[1] 
[1]     Jest encountered an unexpected token
[1] 
[1]     Jest failed to parse a file. This happens e.g. when your code or its dependencies use non-standard JavaScript syntax, or when Jest is not configured to support such syntax.
[1] 
[1]     Out of the box Jest supports Babel, which will be used to transform your files into valid JS based on your Babel configuration.
[1] 
[1]     By default "node_modules" folder is ignored by transformers.
[1] 
[1]     Here's what you can do:
[1]      ÔÇó If you are trying to use ECMAScript Modules, see https://jestjs.io/docs/ecmascript-modules for how to enable it.
[1]      ÔÇó If you are trying to use TypeScript, see https://jestjs.io/docs/getting-started#using-typescript
[1]      ÔÇó To have some of your "node_modules" files transformed, you can specify a custom "transformIgnorePatterns" in your config.
[1]      ÔÇó If you need a custom transformation specify a "transform" option in your config.
[1]      ÔÇó If you simply want to mock your non-JS modules (e.g. binary assets) you can stub them out with the "moduleNameMapper" config option.
[1] 
[1]     You'll find more details and examples of these config options in the docs:
[1]     https://jestjs.io/docs/configuration
[1]     For information about custom transformations, see:
[1]     https://jestjs.io/docs/code-transformation
[1] 
[1]     Details:
[1] 
[1]     C:\www\espaco-dialogico\node_modules\node-pg-migrate\dist\bundle\index.js:2
[1]     import { glob } from "glob";
[1]     ^^^^^^
[1] 
[1]     SyntaxError: Cannot use import statement outside a module
[1] 
[1]     [0m [90m 4 |[39m [36masync[39m [36mfunction[39m getMigrate() {
[1]      [90m 5 |[39m   [36mtry[39m {
[1]     [31m[1m>[22m[39m[90m 6 |[39m     [36mconst[39m mod [33m=[39m [36mawait[39m [36mimport[39m([32m"node-pg-migrate"[39m)[33m;[39m
[1]      [90m   |[39m                       [31m[1m^[22m[39m
[1]      [90m 7 |[39m     
[1]      [90m 8 |[39m     [90m// node-pg-migrate >= 6.x exporta a fun├º├úo runner[39m
[1]      [90m 9 |[39m     [36mif[39m (mod [33m&&[39m [36mtypeof[39m mod[33m.[39mrunner [33m===[39m [32m"function"[39m) {[0m
[1] 
[1]       at Runtime.createScriptFromCode (node_modules/jest-runtime/build/index.js:1505:14)
[1]       at models/migrator.mjs:6:23
[1]       at getMigrate (models/migrator.mjs:6:17)
[1]       at Object.runPendingMigrations (models/migrator.mjs:56:26)
[1]       at Object.runPendingMigrations (tests/orchestrator.js:95:5)
[1]       at Object.<anonymous> (tests/integration/api/v1/terapeutas/post.test.js:25:5)
[1] 
[1]   ÔùÅ POST /api/v1/terapeutas ÔÇ║ Usu├írio n├úo autenticado ÔÇ║ Tentativa sem autentica├º├úo
[1] 
[1]     Jest encountered an unexpected token
[1] 
[1]     Jest failed to parse a file. This happens e.g. when your code or its dependencies use non-standard JavaScript syntax, or when Jest is not configured to support such syntax.
[1] 
[1]     Out of the box Jest supports Babel, which will be used to transform your files into valid JS based on your Babel configuration.
[1] 
[1]     By default "node_modules" folder is ignored by transformers.
[1] 
[1]     Here's what you can do:
[1]      ÔÇó If you are trying to use ECMAScript Modules, see https://jestjs.io/docs/ecmascript-modules for how to enable it.
[1]      ÔÇó If you are trying to use TypeScript, see https://jestjs.io/docs/getting-started#using-typescript
[1]      ÔÇó To have some of your "node_modules" files transformed, you can specify a custom "transformIgnorePatterns" in your config.
[1]      ÔÇó If you need a custom transformation specify a "transform" option in your config.
[1]      ÔÇó If you simply want to mock your non-JS modules (e.g. binary assets) you can stub them out with the "moduleNameMapper" config option.
[1] 
[1]     You'll find more details and examples of these config options in the docs:
[1]     https://jestjs.io/docs/configuration
[1]     For information about custom transformations, see:
[1]     https://jestjs.io/docs/code-transformation
[1] 
[1]     Details:
[1] 
[1]     C:\www\espaco-dialogico\node_modules\node-pg-migrate\dist\bundle\index.js:2
[1]     import { glob } from "glob";
[1]     ^^^^^^
[1] 
[1]     SyntaxError: Cannot use import statement outside a module
[1] 
[1]     [0m [90m 4 |[39m [36masync[39m [36mfunction[39m getMigrate() {
[1]      [90m 5 |[39m   [36mtry[39m {
[1]     [31m[1m>[22m[39m[90m 6 |[39m     [36mconst[39m mod [33m=[39m [36mawait[39m [36mimport[39m([32m"node-pg-migrate"[39m)[33m;[39m
[1]      [90m   |[39m                       [31m[1m^[22m[39m
[1]      [90m 7 |[39m     
[1]      [90m 8 |[39m     [90m// node-pg-migrate >= 6.x exporta a fun├º├úo runner[39m
[1]      [90m 9 |[39m     [36mif[39m (mod [33m&&[39m [36mtypeof[39m mod[33m.[39mrunner [33m===[39m [32m"function"[39m) {[0m
[1] 
[1]       at Runtime.createScriptFromCode (node_modules/jest-runtime/build/index.js:1505:14)
[1]       at models/migrator.mjs:6:23
[1]       at getMigrate (models/migrator.mjs:6:17)
[1]       at Object.runPendingMigrations (models/migrator.mjs:56:26)
[1]       at Object.runPendingMigrations (tests/orchestrator.js:95:5)
[1]       at Object.<anonymous> (tests/integration/api/v1/terapeutas/post.test.js:25:5)
[1] 
[1] FAIL tests/integration/api/v1/auth/login.test.js
[1]   ÔùÅ POST /api/v1/auth/login ÔÇ║ deve autenticar com credenciais v├ílidas e criar uma sess├úo
[1] 
[1]     Jest encountered an unexpected token
[1] 
[1]     Jest failed to parse a file. This happens e.g. when your code or its dependencies use non-standard JavaScript syntax, or when Jest is not configured to support such syntax.
[1] 
[1]     Out of the box Jest supports Babel, which will be used to transform your files into valid JS based on your Babel configuration.
[1] 
[1]     By default "node_modules" folder is ignored by transformers.
[1] 
[1]     Here's what you can do:
[1]      ÔÇó If you are trying to use ECMAScript Modules, see https://jestjs.io/docs/ecmascript-modules for how to enable it.
[1]      ÔÇó If you are trying to use TypeScript, see https://jestjs.io/docs/getting-started#using-typescript
[1]      ÔÇó To have some of your "node_modules" files transformed, you can specify a custom "transformIgnorePatterns" in your config.
[1]      ÔÇó If you need a custom transformation specify a "transform" option in your config.
[1]      ÔÇó If you simply want to mock your non-JS modules (e.g. binary assets) you can stub them out with the "moduleNameMapper" config option.
[1] 
[1]     You'll find more details and examples of these config options in the docs:
[1]     https://jestjs.io/docs/configuration
[1]     For information about custom transformations, see:
[1]     https://jestjs.io/docs/code-transformation
[1] 
[1]     Details:
[1] 
[1]     C:\www\espaco-dialogico\node_modules\node-pg-migrate\dist\bundle\index.js:2
[1]     import { glob } from "glob";
[1]     ^^^^^^
[1] 
[1]     SyntaxError: Cannot use import statement outside a module
[1] 
[1]     [0m [90m 4 |[39m [36masync[39m [36mfunction[39m getMigrate() {
[1]      [90m 5 |[39m   [36mtry[39m {
[1]     [31m[1m>[22m[39m[90m 6 |[39m     [36mconst[39m mod [33m=[39m [36mawait[39m [36mimport[39m([32m"node-pg-migrate"[39m)[33m;[39m
[1]      [90m   |[39m                       [31m[1m^[22m[39m
[1]      [90m 7 |[39m     
[1]      [90m 8 |[39m     [90m// node-pg-migrate >= 6.x exporta a fun├º├úo runner[39m
[1]      [90m 9 |[39m     [36mif[39m (mod [33m&&[39m [36mtypeof[39m mod[33m.[39mrunner [33m===[39m [32m"function"[39m) {[0m
[1] 
[1]       at Runtime.createScriptFromCode (node_modules/jest-runtime/build/index.js:1505:14)
[1]       at models/migrator.mjs:6:23
[1]       at getMigrate (models/migrator.mjs:6:17)
[1]       at Object.runPendingMigrations (models/migrator.mjs:56:26)
[1]       at Object.runPendingMigrations (tests/orchestrator.js:95:5)
[1]       at Object.<anonymous> (tests/integration/api/v1/auth/login.test.js:52:3)
[1] 
[1]   ÔùÅ POST /api/v1/auth/login ÔÇ║ n├úo deve autenticar com senha incorreta
[1] 
[1]     Jest encountered an unexpected token
[1] 
[1]     Jest failed to parse a file. This happens e.g. when your code or its dependencies use non-standard JavaScript syntax, or when Jest is not configured to support such syntax.
[1] 
[1]     Out of the box Jest supports Babel, which will be used to transform your files into valid JS based on your Babel configuration.
[1] 
[1]     By default "node_modules" folder is ignored by transformers.
[1] 
[1]     Here's what you can do:
[1]      ÔÇó If you are trying to use ECMAScript Modules, see https://jestjs.io/docs/ecmascript-modules for how to enable it.
[1]      ÔÇó If you are trying to use TypeScript, see https://jestjs.io/docs/getting-started#using-typescript
[1]      ÔÇó To have some of your "node_modules" files transformed, you can specify a custom "transformIgnorePatterns" in your config.
[1]      ÔÇó If you need a custom transformation specify a "transform" option in your config.
[1]      ÔÇó If you simply want to mock your non-JS modules (e.g. binary assets) you can stub them out with the "moduleNameMapper" config option.
[1] 
[1]     You'll find more details and examples of these config options in the docs:
[1]     https://jestjs.io/docs/configuration
[1]     For information about custom transformations, see:
[1]     https://jestjs.io/docs/code-transformation
[1] 
[1]     Details:
[1] 
[1]     C:\www\espaco-dialogico\node_modules\node-pg-migrate\dist\bundle\index.js:2
[1]     import { glob } from "glob";
[1]     ^^^^^^
[1] 
[1]     SyntaxError: Cannot use import statement outside a module
[1] 
[1]     [0m [90m 4 |[39m [36masync[39m [36mfunction[39m getMigrate() {
[1]      [90m 5 |[39m   [36mtry[39m {
[1]     [31m[1m>[22m[39m[90m 6 |[39m     [36mconst[39m mod [33m=[39m [36mawait[39m [36mimport[39m([32m"node-pg-migrate"[39m)[33m;[39m
[1]      [90m   |[39m                       [31m[1m^[22m[39m
[1]      [90m 7 |[39m     
[1]      [90m 8 |[39m     [90m// node-pg-migrate >= 6.x exporta a fun├º├úo runner[39m
[1]      [90m 9 |[39m     [36mif[39m (mod [33m&&[39m [36mtypeof[39m mod[33m.[39mrunner [33m===[39m [32m"function"[39m) {[0m
[1] 
[1]       at Runtime.createScriptFromCode (node_modules/jest-runtime/build/index.js:1505:14)
[1]       at models/migrator.mjs:6:23
[1]       at getMigrate (models/migrator.mjs:6:17)
[1]       at Object.runPendingMigrations (models/migrator.mjs:56:26)
[1]       at Object.runPendingMigrations (tests/orchestrator.js:95:5)
[1]       at Object.<anonymous> (tests/integration/api/v1/auth/login.test.js:52:3)
[1] 
[1] FAIL tests/integration/api/v1/admin/users/delete.test.js
[1]   ÔùÅ DELETE /api/v1/admin/users/[userId] ÔÇ║ Deve excluir o usu├írio quando solicitado por um administrador
[1] 
[1]     Jest encountered an unexpected token
[1] 
[1]     Jest failed to parse a file. This happens e.g. when your code or its dependencies use non-standard JavaScript syntax, or when Jest is not configured to support such syntax.
[1] 
[1]     Out of the box Jest supports Babel, which will be used to transform your files into valid JS based on your Babel configuration.
[1] 
[1]     By default "node_modules" folder is ignored by transformers.
[1] 
[1]     Here's what you can do:
[1]      ÔÇó If you are trying to use ECMAScript Modules, see https://jestjs.io/docs/ecmascript-modules for how to enable it.
[1]      ÔÇó If you are trying to use TypeScript, see https://jestjs.io/docs/getting-started#using-typescript
[1]      ÔÇó To have some of your "node_modules" files transformed, you can specify a custom "transformIgnorePatterns" in your config.
[1]      ÔÇó If you need a custom transformation specify a "transform" option in your config.
[1]      ÔÇó If you simply want to mock your non-JS modules (e.g. binary assets) you can stub them out with the "moduleNameMapper" config option.
[1] 
[1]     You'll find more details and examples of these config options in the docs:
[1]     https://jestjs.io/docs/configuration
[1]     For information about custom transformations, see:
[1]     https://jestjs.io/docs/code-transformation
[1] 
[1]     Details:
[1] 
[1]     C:\www\espaco-dialogico\node_modules\node-pg-migrate\dist\bundle\index.js:2
[1]     import { glob } from "glob";
[1]     ^^^^^^
[1] 
[1]     SyntaxError: Cannot use import statement outside a module
[1] 
[1]     [0m [90m 4 |[39m [36masync[39m [36mfunction[39m getMigrate() {
[1]      [90m 5 |[39m   [36mtry[39m {
[1]     [31m[1m>[22m[39m[90m 6 |[39m     [36mconst[39m mod [33m=[39m [36mawait[39m [36mimport[39m([32m"node-pg-migrate"[39m)[33m;[39m
[1]      [90m   |[39m                       [31m[1m^[22m[39m
[1]      [90m 7 |[39m     
[1]      [90m 8 |[39m     [90m// node-pg-migrate >= 6.x exporta a fun├º├úo runner[39m
[1]      [90m 9 |[39m     [36mif[39m (mod [33m&&[39m [36mtypeof[39m mod[33m.[39mrunner [33m===[39m [32m"function"[39m) {[0m
[1] 
[1]       at Runtime.createScriptFromCode (node_modules/jest-runtime/build/index.js:1505:14)
[1]       at models/migrator.mjs:6:23
[1]       at getMigrate (models/migrator.mjs:6:17)
[1]       at Object.runPendingMigrations (models/migrator.mjs:56:26)
[1]       at Object.runPendingMigrations (tests/orchestrator.js:95:5)
[1]       at Object.<anonymous> (tests/integration/api/v1/admin/users/delete.test.js:48:3)
[1] 
[1]   ÔùÅ DELETE /api/v1/admin/users/[userId] ÔÇ║ Deve excluir m├║ltiplos usu├írios em sequ├¬ncia
[1] 
[1]     Jest encountered an unexpected token
[1] 
[1]     Jest failed to parse a file. This happens e.g. when your code or its dependencies use non-standard JavaScript syntax, or when Jest is not configured to support such syntax.
[1] 
[1]     Out of the box Jest supports Babel, which will be used to transform your files into valid JS based on your Babel configuration.
[1] 
[1]     By default "node_modules" folder is ignored by transformers.
[1] 
[1]     Here's what you can do:
[1]      ÔÇó If you are trying to use ECMAScript Modules, see https://jestjs.io/docs/ecmascript-modules for how to enable it.
[1]      ÔÇó If you are trying to use TypeScript, see https://jestjs.io/docs/getting-started#using-typescript
[1]      ÔÇó To have some of your "node_modules" files transformed, you can specify a custom "transformIgnorePatterns" in your config.
[1]      ÔÇó If you need a custom transformation specify a "transform" option in your config.
[1]      ÔÇó If you simply want to mock your non-JS modules (e.g. binary assets) you can stub them out with the "moduleNameMapper" config option.
[1] 
[1]     You'll find more details and examples of these config options in the docs:
[1]     https://jestjs.io/docs/configuration
[1]     For information about custom transformations, see:
[1]     https://jestjs.io/docs/code-transformation
[1] 
[1]     Details:
[1] 
[1]     C:\www\espaco-dialogico\node_modules\node-pg-migrate\dist\bundle\index.js:2
[1]     import { glob } from "glob";
[1]     ^^^^^^
[1] 
[1]     SyntaxError: Cannot use import statement outside a module
[1] 
[1]     [0m [90m 4 |[39m [36masync[39m [36mfunction[39m getMigrate() {
[1]      [90m 5 |[39m   [36mtry[39m {
[1]     [31m[1m>[22m[39m[90m 6 |[39m     [36mconst[39m mod [33m=[39m [36mawait[39m [36mimport[39m([32m"node-pg-migrate"[39m)[33m;[39m
[1]      [90m   |[39m                       [31m[1m^[22m[39m
[1]      [90m 7 |[39m     
[1]      [90m 8 |[39m     [90m// node-pg-migrate >= 6.x exporta a fun├º├úo runner[39m
[1]      [90m 9 |[39m     [36mif[39m (mod [33m&&[39m [36mtypeof[39m mod[33m.[39mrunner [33m===[39m [32m"function"[39m) {[0m
[1] 
[1]       at Runtime.createScriptFromCode (node_modules/jest-runtime/build/index.js:1505:14)
[1]       at models/migrator.mjs:6:23
[1]       at getMigrate (models/migrator.mjs:6:17)
[1]       at Object.runPendingMigrations (models/migrator.mjs:56:26)
[1]       at Object.runPendingMigrations (tests/orchestrator.js:95:5)
[1]       at Object.<anonymous> (tests/integration/api/v1/admin/users/delete.test.js:48:3)
[1] 
[1]   ÔùÅ DELETE /api/v1/admin/users/[userId] ÔÇ║ Deve rejeitar exclus├úo quando o usu├írio n├úo ├® um administrador
[1] 
[1]     Jest encountered an unexpected token
[1] 
[1]     Jest failed to parse a file. This happens e.g. when your code or its dependencies use non-standard JavaScript syntax, or when Jest is not configured to support such syntax.
[1] 
[1]     Out of the box Jest supports Babel, which will be used to transform your files into valid JS based on your Babel configuration.
[1] 
[1]     By default "node_modules" folder is ignored by transformers.
[1] 
[1]     Here's what you can do:
[1]      ÔÇó If you are trying to use ECMAScript Modules, see https://jestjs.io/docs/ecmascript-modules for how to enable it.
[1]      ÔÇó If you are trying to use TypeScript, see https://jestjs.io/docs/getting-started#using-typescript
[1]      ÔÇó To have some of your "node_modules" files transformed, you can specify a custom "transformIgnorePatterns" in your config.
[1]      ÔÇó If you need a custom transformation specify a "transform" option in your config.
[1]      ÔÇó If you simply want to mock your non-JS modules (e.g. binary assets) you can stub them out with the "moduleNameMapper" config option.
[1] 
[1]     You'll find more details and examples of these config options in the docs:
[1]     https://jestjs.io/docs/configuration
[1]     For information about custom transformations, see:
[1]     https://jestjs.io/docs/code-transformation
[1] 
[1]     Details:
[1] 
[1]     C:\www\espaco-dialogico\node_modules\node-pg-migrate\dist\bundle\index.js:2
[1]     import { glob } from "glob";
[1]     ^^^^^^
[1] 
[1]     SyntaxError: Cannot use import statement outside a module
[1] 
[1]     [0m [90m 4 |[39m [36masync[39m [36mfunction[39m getMigrate() {
[1]      [90m 5 |[39m   [36mtry[39m {
[1]     [31m[1m>[22m[39m[90m 6 |[39m     [36mconst[39m mod [33m=[39m [36mawait[39m [36mimport[39m([32m"node-pg-migrate"[39m)[33m;[39m
[1]      [90m   |[39m                       [31m[1m^[22m[39m
[1]      [90m 7 |[39m     
[1]      [90m 8 |[39m     [90m// node-pg-migrate >= 6.x exporta a fun├º├úo runner[39m
[1]      [90m 9 |[39m     [36mif[39m (mod [33m&&[39m [36mtypeof[39m mod[33m.[39mrunner [33m===[39m [32m"function"[39m) {[0m
[1] 
[1]       at Runtime.createScriptFromCode (node_modules/jest-runtime/build/index.js:1505:14)
[1]       at models/migrator.mjs:6:23
[1]       at getMigrate (models/migrator.mjs:6:17)
[1]       at Object.runPendingMigrations (models/migrator.mjs:56:26)
[1]       at Object.runPendingMigrations (tests/orchestrator.js:95:5)
[1]       at Object.<anonymous> (tests/integration/api/v1/admin/users/delete.test.js:48:3)
[1] 
[1]   ÔùÅ DELETE /api/v1/admin/users/[userId] ÔÇ║ Deve rejeitar exclus├úo quando o usu├írio n├úo existe
[1] 
[1]     Jest encountered an unexpected token
[1] 
[1]     Jest failed to parse a file. This happens e.g. when your code or its dependencies use non-standard JavaScript syntax, or when Jest is not configured to support such syntax.
[1] 
[1]     Out of the box Jest supports Babel, which will be used to transform your files into valid JS based on your Babel configuration.
[1] 
[1]     By default "node_modules" folder is ignored by transformers.
[1] 
[1]     Here's what you can do:
[1]      ÔÇó If you are trying to use ECMAScript Modules, see https://jestjs.io/docs/ecmascript-modules for how to enable it.
[1]      ÔÇó If you are trying to use TypeScript, see https://jestjs.io/docs/getting-started#using-typescript
[1]      ÔÇó To have some of your "node_modules" files transformed, you can specify a custom "transformIgnorePatterns" in your config.
[1]      ÔÇó If you need a custom transformation specify a "transform" option in your config.
[1]      ÔÇó If you simply want to mock your non-JS modules (e.g. binary assets) you can stub them out with the "moduleNameMapper" config option.
[1] 
[1]     You'll find more details and examples of these config options in the docs:
[1]     https://jestjs.io/docs/configuration
[1]     For information about custom transformations, see:
[1]     https://jestjs.io/docs/code-transformation
[1] 
[1]     Details:
[1] 
[1]     C:\www\espaco-dialogico\node_modules\node-pg-migrate\dist\bundle\index.js:2
[1]     import { glob } from "glob";
[1]     ^^^^^^
[1] 
[1]     SyntaxError: Cannot use import statement outside a module
[1] 
[1]     [0m [90m 4 |[39m [36masync[39m [36mfunction[39m getMigrate() {
[1]      [90m 5 |[39m   [36mtry[39m {
[1]     [31m[1m>[22m[39m[90m 6 |[39m     [36mconst[39m mod [33m=[39m [36mawait[39m [36mimport[39m([32m"node-pg-migrate"[39m)[33m;[39m
[1]      [90m   |[39m                       [31m[1m^[22m[39m
[1]      [90m 7 |[39m     
[1]      [90m 8 |[39m     [90m// node-pg-migrate >= 6.x exporta a fun├º├úo runner[39m
[1]      [90m 9 |[39m     [36mif[39m (mod [33m&&[39m [36mtypeof[39m mod[33m.[39mrunner [33m===[39m [32m"function"[39m) {[0m
[1] 
[1]       at Runtime.createScriptFromCode (node_modules/jest-runtime/build/index.js:1505:14)
[1]       at models/migrator.mjs:6:23
[1]       at getMigrate (models/migrator.mjs:6:17)
[1]       at Object.runPendingMigrations (models/migrator.mjs:56:26)
[1]       at Object.runPendingMigrations (tests/orchestrator.js:95:5)
[1]       at Object.<anonymous> (tests/integration/api/v1/admin/users/delete.test.js:48:3)
[1] 
[1]   ÔùÅ DELETE /api/v1/admin/users/[userId] ÔÇ║ Deve impedir que um administrador exclua sua pr├│pria conta
[1] 
[1]     Jest encountered an unexpected token
[1] 
[1]     Jest failed to parse a file. This happens e.g. when your code or its dependencies use non-standard JavaScript syntax, or when Jest is not configured to support such syntax.
[1] 
[1]     Out of the box Jest supports Babel, which will be used to transform your files into valid JS based on your Babel configuration.
[1] 
[1]     By default "node_modules" folder is ignored by transformers.
[1] 
[1]     Here's what you can do:
[1]      ÔÇó If you are trying to use ECMAScript Modules, see https://jestjs.io/docs/ecmascript-modules for how to enable it.
[1]      ÔÇó If you are trying to use TypeScript, see https://jestjs.io/docs/getting-started#using-typescript
[1]      ÔÇó To have some of your "node_modules" files transformed, you can specify a custom "transformIgnorePatterns" in your config.
[1]      ÔÇó If you need a custom transformation specify a "transform" option in your config.
[1]      ÔÇó If you simply want to mock your non-JS modules (e.g. binary assets) you can stub them out with the "moduleNameMapper" config option.
[1] 
[1]     You'll find more details and examples of these config options in the docs:
[1]     https://jestjs.io/docs/configuration
[1]     For information about custom transformations, see:
[1]     https://jestjs.io/docs/code-transformation
[1] 
[1]     Details:
[1] 
[1]     C:\www\espaco-dialogico\node_modules\node-pg-migrate\dist\bundle\index.js:2
[1]     import { glob } from "glob";
[1]     ^^^^^^
[1] 
[1]     SyntaxError: Cannot use import statement outside a module
[1] 
[1]     [0m [90m 4 |[39m [36masync[39m [36mfunction[39m getMigrate() {
[1]      [90m 5 |[39m   [36mtry[39m {
[1]     [31m[1m>[22m[39m[90m 6 |[39m     [36mconst[39m mod [33m=[39m [36mawait[39m [36mimport[39m([32m"node-pg-migrate"[39m)[33m;[39m
[1]      [90m   |[39m                       [31m[1m^[22m[39m
[1]      [90m 7 |[39m     
[1]      [90m 8 |[39m     [90m// node-pg-migrate >= 6.x exporta a fun├º├úo runner[39m
[1]      [90m 9 |[39m     [36mif[39m (mod [33m&&[39m [36mtypeof[39m mod[33m.[39mrunner [33m===[39m [32m"function"[39m) {[0m
[1] 
[1]       at Runtime.createScriptFromCode (node_modules/jest-runtime/build/index.js:1505:14)
[1]       at models/migrator.mjs:6:23
[1]       at getMigrate (models/migrator.mjs:6:17)
[1]       at Object.runPendingMigrations (models/migrator.mjs:56:26)
[1]       at Object.runPendingMigrations (tests/orchestrator.js:95:5)
[1]       at Object.<anonymous> (tests/integration/api/v1/admin/users/delete.test.js:48:3)
[1] 
[1]   ÔùÅ DELETE /api/v1/admin/users/[userId] ÔÇ║ Deve validar o token de autentica├º├úo
[1] 
[1]     Jest encountered an unexpected token
[1] 
[1]     Jest failed to parse a file. This happens e.g. when your code or its dependencies use non-standard JavaScript syntax, or when Jest is not configured to support such syntax.
[1] 
[1]     Out of the box Jest supports Babel, which will be used to transform your files into valid JS based on your Babel configuration.
[1] 
[1]     By default "node_modules" folder is ignored by transformers.
[1] 
[1]     Here's what you can do:
[1]      ÔÇó If you are trying to use ECMAScript Modules, see https://jestjs.io/docs/ecmascript-modules for how to enable it.
[1]      ÔÇó If you are trying to use TypeScript, see https://jestjs.io/docs/getting-started#using-typescript
[1]      ÔÇó To have some of your "node_modules" files transformed, you can specify a custom "transformIgnorePatterns" in your config.
[1]      ÔÇó If you need a custom transformation specify a "transform" option in your config.
[1]      ÔÇó If you simply want to mock your non-JS modules (e.g. binary assets) you can stub them out with the "moduleNameMapper" config option.
[1] 
[1]     You'll find more details and examples of these config options in the docs:
[1]     https://jestjs.io/docs/configuration
[1]     For information about custom transformations, see:
[1]     https://jestjs.io/docs/code-transformation
[1] 
[1]     Details:
[1] 
[1]     C:\www\espaco-dialogico\node_modules\node-pg-migrate\dist\bundle\index.js:2
[1]     import { glob } from "glob";
[1]     ^^^^^^
[1] 
[1]     SyntaxError: Cannot use import statement outside a module
[1] 
[1]     [0m [90m 4 |[39m [36masync[39m [36mfunction[39m getMigrate() {
[1]      [90m 5 |[39m   [36mtry[39m {
[1]     [31m[1m>[22m[39m[90m 6 |[39m     [36mconst[39m mod [33m=[39m [36mawait[39m [36mimport[39m([32m"node-pg-migrate"[39m)[33m;[39m
[1]      [90m   |[39m                       [31m[1m^[22m[39m
[1]      [90m 7 |[39m     
[1]      [90m 8 |[39m     [90m// node-pg-migrate >= 6.x exporta a fun├º├úo runner[39m
[1]      [90m 9 |[39m     [36mif[39m (mod [33m&&[39m [36mtypeof[39m mod[33m.[39mrunner [33m===[39m [32m"function"[39m) {[0m
[1] 
[1]       at Runtime.createScriptFromCode (node_modules/jest-runtime/build/index.js:1505:14)
[1]       at models/migrator.mjs:6:23
[1]       at getMigrate (models/migrator.mjs:6:17)
[1]       at Object.runPendingMigrations (models/migrator.mjs:56:26)
[1]       at Object.runPendingMigrations (tests/orchestrator.js:95:5)
[1]       at Object.<anonymous> (tests/integration/api/v1/admin/users/delete.test.js:48:3)
[1] 
[1]   ÔùÅ DELETE /api/v1/admin/users/[userId] ÔÇ║ Deve rejeitar token inv├ílido
[1] 
[1]     Jest encountered an unexpected token
[1] 
[1]     Jest failed to parse a file. This happens e.g. when your code or its dependencies use non-standard JavaScript syntax, or when Jest is not configured to support such syntax.
[1] 
[1]     Out of the box Jest supports Babel, which will be used to transform your files into valid JS based on your Babel configuration.
[1] 
[1]     By default "node_modules" folder is ignored by transformers.
[1] 
[1]     Here's what you can do:
[1]      ÔÇó If you are trying to use ECMAScript Modules, see https://jestjs.io/docs/ecmascript-modules for how to enable it.
[1]      ÔÇó If you are trying to use TypeScript, see https://jestjs.io/docs/getting-started#using-typescript
[1]      ÔÇó To have some of your "node_modules" files transformed, you can specify a custom "transformIgnorePatterns" in your config.
[1]      ÔÇó If you need a custom transformation specify a "transform" option in your config.
[1]      ÔÇó If you simply want to mock your non-JS modules (e.g. binary assets) you can stub them out with the "moduleNameMapper" config option.
[1] 
[1]     You'll find more details and examples of these config options in the docs:
[1]     https://jestjs.io/docs/configuration
[1]     For information about custom transformations, see:
[1]     https://jestjs.io/docs/code-transformation
[1] 
[1]     Details:
[1] 
[1]     C:\www\espaco-dialogico\node_modules\node-pg-migrate\dist\bundle\index.js:2
[1]     import { glob } from "glob";
[1]     ^^^^^^
[1] 
[1]     SyntaxError: Cannot use import statement outside a module
[1] 
[1]     [0m [90m 4 |[39m [36masync[39m [36mfunction[39m getMigrate() {
[1]      [90m 5 |[39m   [36mtry[39m {
[1]     [31m[1m>[22m[39m[90m 6 |[39m     [36mconst[39m mod [33m=[39m [36mawait[39m [36mimport[39m([32m"node-pg-migrate"[39m)[33m;[39m
[1]      [90m   |[39m                       [31m[1m^[22m[39m
[1]      [90m 7 |[39m     
[1]      [90m 8 |[39m     [90m// node-pg-migrate >= 6.x exporta a fun├º├úo runner[39m
[1]      [90m 9 |[39m     [36mif[39m (mod [33m&&[39m [36mtypeof[39m mod[33m.[39mrunner [33m===[39m [32m"function"[39m) {[0m
[1] 
[1]       at Runtime.createScriptFromCode (node_modules/jest-runtime/build/index.js:1505:14)
[1]       at models/migrator.mjs:6:23
[1]       at getMigrate (models/migrator.mjs:6:17)
[1]       at Object.runPendingMigrations (models/migrator.mjs:56:26)
[1]       at Object.runPendingMigrations (tests/orchestrator.js:95:5)
[1]       at Object.<anonymous> (tests/integration/api/v1/admin/users/delete.test.js:48:3)
[1] 
[1] FAIL tests/integration/api/v1/sessions/get.test.js
[1]   ÔùÅ GET /api/v1/admin/sessions ÔÇ║ Deve retornar erro 401 para usu├írio n├úo autenticado
[1] 
[1]     Jest encountered an unexpected token
[1] 
[1]     Jest failed to parse a file. This happens e.g. when your code or its dependencies use non-standard JavaScript syntax, or when Jest is not configured to support such syntax.
[1] 
[1]     Out of the box Jest supports Babel, which will be used to transform your files into valid JS based on your Babel configuration.
[1] 
[1]     By default "node_modules" folder is ignored by transformers.
[1] 
[1]     Here's what you can do:
[1]      ÔÇó If you are trying to use ECMAScript Modules, see https://jestjs.io/docs/ecmascript-modules for how to enable it.
[1]      ÔÇó If you are trying to use TypeScript, see https://jestjs.io/docs/getting-started#using-typescript
[1]      ÔÇó To have some of your "node_modules" files transformed, you can specify a custom "transformIgnorePatterns" in your config.
[1]      ÔÇó If you need a custom transformation specify a "transform" option in your config.
[1]      ÔÇó If you simply want to mock your non-JS modules (e.g. binary assets) you can stub them out with the "moduleNameMapper" config option.
[1] 
[1]     You'll find more details and examples of these config options in the docs:
[1]     https://jestjs.io/docs/configuration
[1]     For information about custom transformations, see:
[1]     https://jestjs.io/docs/code-transformation
[1] 
[1]     Details:
[1] 
[1]     C:\www\espaco-dialogico\node_modules\node-pg-migrate\dist\bundle\index.js:2
[1]     import { glob } from "glob";
[1]     ^^^^^^
[1] 
[1]     SyntaxError: Cannot use import statement outside a module
[1] 
[1]     [0m [90m 4 |[39m [36masync[39m [36mfunction[39m getMigrate() {
[1]      [90m 5 |[39m   [36mtry[39m {
[1]     [31m[1m>[22m[39m[90m 6 |[39m     [36mconst[39m mod [33m=[39m [36mawait[39m [36mimport[39m([32m"node-pg-migrate"[39m)[33m;[39m
[1]      [90m   |[39m                       [31m[1m^[22m[39m
[1]      [90m 7 |[39m     
[1]      [90m 8 |[39m     [90m// node-pg-migrate >= 6.x exporta a fun├º├úo runner[39m
[1]      [90m 9 |[39m     [36mif[39m (mod [33m&&[39m [36mtypeof[39m mod[33m.[39mrunner [33m===[39m [32m"function"[39m) {[0m
[1] 
[1]       at Runtime.createScriptFromCode (node_modules/jest-runtime/build/index.js:1505:14)
[1]       at models/migrator.mjs:6:23
[1]       at getMigrate (models/migrator.mjs:6:17)
[1]       at Object.runPendingMigrations (models/migrator.mjs:56:26)
[1]       at Object.runPendingMigrations (tests/orchestrator.js:95:5)
[1]       at Object.<anonymous> (tests/integration/api/v1/sessions/get.test.js:10:3)
[1] 
[1]   ÔùÅ GET /api/v1/admin/sessions ÔÇ║ Deve retornar erro 401 para token inv├ílido
[1] 
[1]     Jest encountered an unexpected token
[1] 
[1]     Jest failed to parse a file. This happens e.g. when your code or its dependencies use non-standard JavaScript syntax, or when Jest is not configured to support such syntax.
[1] 
[1]     Out of the box Jest supports Babel, which will be used to transform your files into valid JS based on your Babel configuration.
[1] 
[1]     By default "node_modules" folder is ignored by transformers.
[1] 
[1]     Here's what you can do:
[1]      ÔÇó If you are trying to use ECMAScript Modules, see https://jestjs.io/docs/ecmascript-modules for how to enable it.
[1]      ÔÇó If you are trying to use TypeScript, see https://jestjs.io/docs/getting-started#using-typescript
[1]      ÔÇó To have some of your "node_modules" files transformed, you can specify a custom "transformIgnorePatterns" in your config.
[1]      ÔÇó If you need a custom transformation specify a "transform" option in your config.
[1]      ÔÇó If you simply want to mock your non-JS modules (e.g. binary assets) you can stub them out with the "moduleNameMapper" config option.
[1] 
[1]     You'll find more details and examples of these config options in the docs:
[1]     https://jestjs.io/docs/configuration
[1]     For information about custom transformations, see:
[1]     https://jestjs.io/docs/code-transformation
[1] 
[1]     Details:
[1] 
[1]     C:\www\espaco-dialogico\node_modules\node-pg-migrate\dist\bundle\index.js:2
[1]     import { glob } from "glob";
[1]     ^^^^^^
[1] 
[1]     SyntaxError: Cannot use import statement outside a module
[1] 
[1]     [0m [90m 4 |[39m [36masync[39m [36mfunction[39m getMigrate() {
[1]      [90m 5 |[39m   [36mtry[39m {
[1]     [31m[1m>[22m[39m[90m 6 |[39m     [36mconst[39m mod [33m=[39m [36mawait[39m [36mimport[39m([32m"node-pg-migrate"[39m)[33m;[39m
[1]      [90m   |[39m                       [31m[1m^[22m[39m
[1]      [90m 7 |[39m     
[1]      [90m 8 |[39m     [90m// node-pg-migrate >= 6.x exporta a fun├º├úo runner[39m
[1]      [90m 9 |[39m     [36mif[39m (mod [33m&&[39m [36mtypeof[39m mod[33m.[39mrunner [33m===[39m [32m"function"[39m) {[0m
[1] 
[1]       at Runtime.createScriptFromCode (node_modules/jest-runtime/build/index.js:1505:14)
[1]       at models/migrator.mjs:6:23
[1]       at getMigrate (models/migrator.mjs:6:17)
[1]       at Object.runPendingMigrations (models/migrator.mjs:56:26)
[1]       at Object.runPendingMigrations (tests/orchestrator.js:95:5)
[1]       at Object.<anonymous> (tests/integration/api/v1/sessions/get.test.js:10:3)
[1] 
[1]   ÔùÅ GET /api/v1/admin/sessions ÔÇ║ Deve permitir acesso para usu├írio admin e listar sess├Áes
[1] 
[1]     Jest encountered an unexpected token
[1] 
[1]     Jest failed to parse a file. This happens e.g. when your code or its dependencies use non-standard JavaScript syntax, or when Jest is not configured to support such syntax.
[1] 
[1]     Out of the box Jest supports Babel, which will be used to transform your files into valid JS based on your Babel configuration.
[1] 
[1]     By default "node_modules" folder is ignored by transformers.
[1] 
[1]     Here's what you can do:
[1]      ÔÇó If you are trying to use ECMAScript Modules, see https://jestjs.io/docs/ecmascript-modules for how to enable it.
[1]      ÔÇó If you are trying to use TypeScript, see https://jestjs.io/docs/getting-started#using-typescript
[1]      ÔÇó To have some of your "node_modules" files transformed, you can specify a custom "transformIgnorePatterns" in your config.
[1]      ÔÇó If you need a custom transformation specify a "transform" option in your config.
[1]      ÔÇó If you simply want to mock your non-JS modules (e.g. binary assets) you can stub them out with the "moduleNameMapper" config option.
[1] 
[1]     You'll find more details and examples of these config options in the docs:
[1]     https://jestjs.io/docs/configuration
[1]     For information about custom transformations, see:
[1]     https://jestjs.io/docs/code-transformation
[1] 
[1]     Details:
[1] 
[1]     C:\www\espaco-dialogico\node_modules\node-pg-migrate\dist\bundle\index.js:2
[1]     import { glob } from "glob";
[1]     ^^^^^^
[1] 
[1]     SyntaxError: Cannot use import statement outside a module
[1] 
[1]     [0m [90m 4 |[39m [36masync[39m [36mfunction[39m getMigrate() {
[1]      [90m 5 |[39m   [36mtry[39m {
[1]     [31m[1m>[22m[39m[90m 6 |[39m     [36mconst[39m mod [33m=[39m [36mawait[39m [36mimport[39m([32m"node-pg-migrate"[39m)[33m;[39m
[1]      [90m   |[39m                       [31m[1m^[22m[39m
[1]      [90m 7 |[39m     
[1]      [90m 8 |[39m     [90m// node-pg-migrate >= 6.x exporta a fun├º├úo runner[39m
[1]      [90m 9 |[39m     [36mif[39m (mod [33m&&[39m [36mtypeof[39m mod[33m.[39mrunner [33m===[39m [32m"function"[39m) {[0m
[1] 
[1]       at Runtime.createScriptFromCode (node_modules/jest-runtime/build/index.js:1505:14)
[1]       at models/migrator.mjs:6:23
[1]       at getMigrate (models/migrator.mjs:6:17)
[1]       at Object.runPendingMigrations (models/migrator.mjs:56:26)
[1]       at Object.runPendingMigrations (tests/orchestrator.js:95:5)
[1]       at Object.<anonymous> (tests/integration/api/v1/sessions/get.test.js:10:3)
[1] 
[1]   ÔùÅ POST /api/v1/admin/sessions ÔÇ║ Deve retornar erro 400 quando userId n├úo ├® fornecido
[1] 
[1]     Jest encountered an unexpected token
[1] 
[1]     Jest failed to parse a file. This happens e.g. when your code or its dependencies use non-standard JavaScript syntax, or when Jest is not configured to support such syntax.
[1] 
[1]     Out of the box Jest supports Babel, which will be used to transform your files into valid JS based on your Babel configuration.
[1] 
[1]     By default "node_modules" folder is ignored by transformers.
[1] 
[1]     Here's what you can do:
[1]      ÔÇó If you are trying to use ECMAScript Modules, see https://jestjs.io/docs/ecmascript-modules for how to enable it.
[1]      ÔÇó If you are trying to use TypeScript, see https://jestjs.io/docs/getting-started#using-typescript
[1]      ÔÇó To have some of your "node_modules" files transformed, you can specify a custom "transformIgnorePatterns" in your config.
[1]      ÔÇó If you need a custom transformation specify a "transform" option in your config.
[1]      ÔÇó If you simply want to mock your non-JS modules (e.g. binary assets) you can stub them out with the "moduleNameMapper" config option.
[1] 
[1]     You'll find more details and examples of these config options in the docs:
[1]     https://jestjs.io/docs/configuration
[1]     For information about custom transformations, see:
[1]     https://jestjs.io/docs/code-transformation
[1] 
[1]     Details:
[1] 
[1]     C:\www\espaco-dialogico\node_modules\node-pg-migrate\dist\bundle\index.js:2
[1]     import { glob } from "glob";
[1]     ^^^^^^
[1] 
[1]     SyntaxError: Cannot use import statement outside a module
[1] 
[1]     [0m [90m 4 |[39m [36masync[39m [36mfunction[39m getMigrate() {
[1]      [90m 5 |[39m   [36mtry[39m {
[1]     [31m[1m>[22m[39m[90m 6 |[39m     [36mconst[39m mod [33m=[39m [36mawait[39m [36mimport[39m([32m"node-pg-migrate"[39m)[33m;[39m
[1]      [90m   |[39m                       [31m[1m^[22m[39m
[1]      [90m 7 |[39m     
[1]      [90m 8 |[39m     [90m// node-pg-migrate >= 6.x exporta a fun├º├úo runner[39m
[1]      [90m 9 |[39m     [36mif[39m (mod [33m&&[39m [36mtypeof[39m mod[33m.[39mrunner [33m===[39m [32m"function"[39m) {[0m
[1] 
[1]       at Runtime.createScriptFromCode (node_modules/jest-runtime/build/index.js:1505:14)
[1]       at models/migrator.mjs:6:23
[1]       at getMigrate (models/migrator.mjs:6:17)
[1]       at Object.runPendingMigrations (models/migrator.mjs:56:26)
[1]       at Object.runPendingMigrations (tests/orchestrator.js:95:5)
[1]       at Object.<anonymous> (tests/integration/api/v1/sessions/get.test.js:10:3)
[1] 
[1]   ÔùÅ POST /api/v1/admin/sessions ÔÇ║ Deve retornar erro 401 para usu├írio n├úo autenticado tentando for├ºar logout
[1] 
[1]     Jest encountered an unexpected token
[1] 
[1]     Jest failed to parse a file. This happens e.g. when your code or its dependencies use non-standard JavaScript syntax, or when Jest is not configured to support such syntax.
[1] 
[1]     Out of the box Jest supports Babel, which will be used to transform your files into valid JS based on your Babel configuration.
[1] 
[1]     By default "node_modules" folder is ignored by transformers.
[1] 
[1]     Here's what you can do:
[1]      ÔÇó If you are trying to use ECMAScript Modules, see https://jestjs.io/docs/ecmascript-modules for how to enable it.
[1]      ÔÇó If you are trying to use TypeScript, see https://jestjs.io/docs/getting-started#using-typescript
[1]      ÔÇó To have some of your "node_modules" files transformed, you can specify a custom "transformIgnorePatterns" in your config.
[1]      ÔÇó If you need a custom transformation specify a "transform" option in your config.
[1]      ÔÇó If you simply want to mock your non-JS modules (e.g. binary assets) you can stub them out with the "moduleNameMapper" config option.
[1] 
[1]     You'll find more details and examples of these config options in the docs:
[1]     https://jestjs.io/docs/configuration
[1]     For information about custom transformations, see:
[1]     https://jestjs.io/docs/code-transformation
[1] 
[1]     Details:
[1] 
[1]     C:\www\espaco-dialogico\node_modules\node-pg-migrate\dist\bundle\index.js:2
[1]     import { glob } from "glob";
[1]     ^^^^^^
[1] 
[1]     SyntaxError: Cannot use import statement outside a module
[1] 
[1]     [0m [90m 4 |[39m [36masync[39m [36mfunction[39m getMigrate() {
[1]      [90m 5 |[39m   [36mtry[39m {
[1]     [31m[1m>[22m[39m[90m 6 |[39m     [36mconst[39m mod [33m=[39m [36mawait[39m [36mimport[39m([32m"node-pg-migrate"[39m)[33m;[39m
[1]      [90m   |[39m                       [31m[1m^[22m[39m
[1]      [90m 7 |[39m     
[1]      [90m 8 |[39m     [90m// node-pg-migrate >= 6.x exporta a fun├º├úo runner[39m
[1]      [90m 9 |[39m     [36mif[39m (mod [33m&&[39m [36mtypeof[39m mod[33m.[39mrunner [33m===[39m [32m"function"[39m) {[0m
[1] 
[1]       at Runtime.createScriptFromCode (node_modules/jest-runtime/build/index.js:1505:14)
[1]       at models/migrator.mjs:6:23
[1]       at getMigrate (models/migrator.mjs:6:17)
[1]       at Object.runPendingMigrations (models/migrator.mjs:56:26)
[1]       at Object.runPendingMigrations (tests/orchestrator.js:95:5)
[1]       at Object.<anonymous> (tests/integration/api/v1/sessions/get.test.js:10:3)
[1] 
[1]   ÔùÅ POST /api/v1/admin/sessions ÔÇ║ Deve retornar erro 401 para token inv├ílido tentando for├ºar logout
[1] 
[1]     Jest encountered an unexpected token
[1] 
[1]     Jest failed to parse a file. This happens e.g. when your code or its dependencies use non-standard JavaScript syntax, or when Jest is not configured to support such syntax.
[1] 
[1]     Out of the box Jest supports Babel, which will be used to transform your files into valid JS based on your Babel configuration.
[1] 
[1]     By default "node_modules" folder is ignored by transformers.
[1] 
[1]     Here's what you can do:
[1]      ÔÇó If you are trying to use ECMAScript Modules, see https://jestjs.io/docs/ecmascript-modules for how to enable it.
[1]      ÔÇó If you are trying to use TypeScript, see https://jestjs.io/docs/getting-started#using-typescript
[1]      ÔÇó To have some of your "node_modules" files transformed, you can specify a custom "transformIgnorePatterns" in your config.
[1]      ÔÇó If you need a custom transformation specify a "transform" option in your config.
[1]      ÔÇó If you simply want to mock your non-JS modules (e.g. binary assets) you can stub them out with the "moduleNameMapper" config option.
[1] 
[1]     You'll find more details and examples of these config options in the docs:
[1]     https://jestjs.io/docs/configuration
[1]     For information about custom transformations, see:
[1]     https://jestjs.io/docs/code-transformation
[1] 
[1]     Details:
[1] 
[1]     C:\www\espaco-dialogico\node_modules\node-pg-migrate\dist\bundle\index.js:2
[1]     import { glob } from "glob";
[1]     ^^^^^^
[1] 
[1]     SyntaxError: Cannot use import statement outside a module
[1] 
[1]     [0m [90m 4 |[39m [36masync[39m [36mfunction[39m getMigrate() {
[1]      [90m 5 |[39m   [36mtry[39m {
[1]     [31m[1m>[22m[39m[90m 6 |[39m     [36mconst[39m mod [33m=[39m [36mawait[39m [36mimport[39m([32m"node-pg-migrate"[39m)[33m;[39m
[1]      [90m   |[39m                       [31m[1m^[22m[39m
[1]      [90m 7 |[39m     
[1]      [90m 8 |[39m     [90m// node-pg-migrate >= 6.x exporta a fun├º├úo runner[39m
[1]      [90m 9 |[39m     [36mif[39m (mod [33m&&[39m [36mtypeof[39m mod[33m.[39mrunner [33m===[39m [32m"function"[39m) {[0m
[1] 
[1]       at Runtime.createScriptFromCode (node_modules/jest-runtime/build/index.js:1505:14)
[1]       at models/migrator.mjs:6:23
[1]       at getMigrate (models/migrator.mjs:6:17)
[1]       at Object.runPendingMigrations (models/migrator.mjs:56:26)
[1]       at Object.runPendingMigrations (tests/orchestrator.js:95:5)
[1]       at Object.<anonymous> (tests/integration/api/v1/sessions/get.test.js:10:3)
[1] 
[1]   ÔùÅ POST /api/v1/admin/sessions ÔÇ║ Deve funcionar corretamente o controle de sess├Áes do admin
[1] 
[1]     Jest encountered an unexpected token
[1] 
[1]     Jest failed to parse a file. This happens e.g. when your code or its dependencies use non-standard JavaScript syntax, or when Jest is not configured to support such syntax.
[1] 
[1]     Out of the box Jest supports Babel, which will be used to transform your files into valid JS based on your Babel configuration.
[1] 
[1]     By default "node_modules" folder is ignored by transformers.
[1] 
[1]     Here's what you can do:
[1]      ÔÇó If you are trying to use ECMAScript Modules, see https://jestjs.io/docs/ecmascript-modules for how to enable it.
[1]      ÔÇó If you are trying to use TypeScript, see https://jestjs.io/docs/getting-started#using-typescript
[1]      ÔÇó To have some of your "node_modules" files transformed, you can specify a custom "transformIgnorePatterns" in your config.
[1]      ÔÇó If you need a custom transformation specify a "transform" option in your config.
[1]      ÔÇó If you simply want to mock your non-JS modules (e.g. binary assets) you can stub them out with the "moduleNameMapper" config option.
[1] 
[1]     You'll find more details and examples of these config options in the docs:
[1]     https://jestjs.io/docs/configuration
[1]     For information about custom transformations, see:
[1]     https://jestjs.io/docs/code-transformation
[1] 
[1]     Details:
[1] 
[1]     C:\www\espaco-dialogico\node_modules\node-pg-migrate\dist\bundle\index.js:2
[1]     import { glob } from "glob";
[1]     ^^^^^^
[1] 
[1]     SyntaxError: Cannot use import statement outside a module
[1] 
[1]     [0m [90m 4 |[39m [36masync[39m [36mfunction[39m getMigrate() {
[1]      [90m 5 |[39m   [36mtry[39m {
[1]     [31m[1m>[22m[39m[90m 6 |[39m     [36mconst[39m mod [33m=[39m [36mawait[39m [36mimport[39m([32m"node-pg-migrate"[39m)[33m;[39m
[1]      [90m   |[39m                       [31m[1m^[22m[39m
[1]      [90m 7 |[39m     
[1]      [90m 8 |[39m     [90m// node-pg-migrate >= 6.x exporta a fun├º├úo runner[39m
[1]      [90m 9 |[39m     [36mif[39m (mod [33m&&[39m [36mtypeof[39m mod[33m.[39mrunner [33m===[39m [32m"function"[39m) {[0m
[1] 
[1]       at Runtime.createScriptFromCode (node_modules/jest-runtime/build/index.js:1505:14)
[1]       at models/migrator.mjs:6:23
[1]       at getMigrate (models/migrator.mjs:6:17)
[1]       at Object.runPendingMigrations (models/migrator.mjs:56:26)
[1]       at Object.runPendingMigrations (tests/orchestrator.js:95:5)
[1]       at Object.<anonymous> (tests/integration/api/v1/sessions/get.test.js:10:3)
[1] 
[1]   ÔùÅ POST /api/v1/admin/sessions ÔÇ║ Deve for├ºar a revalida├º├úo do token se a sess├úo n├úo existir no banco de dados
[1] 
[1]     Jest encountered an unexpected token
[1] 
[1]     Jest failed to parse a file. This happens e.g. when your code or its dependencies use non-standard JavaScript syntax, or when Jest is not configured to support such syntax.
[1] 
[1]     Out of the box Jest supports Babel, which will be used to transform your files into valid JS based on your Babel configuration.
[1] 
[1]     By default "node_modules" folder is ignored by transformers.
[1] 
[1]     Here's what you can do:
[1]      ÔÇó If you are trying to use ECMAScript Modules, see https://jestjs.io/docs/ecmascript-modules for how to enable it.
[1]      ÔÇó If you are trying to use TypeScript, see https://jestjs.io/docs/getting-started#using-typescript
[1]      ÔÇó To have some of your "node_modules" files transformed, you can specify a custom "transformIgnorePatterns" in your config.
[1]      ÔÇó If you need a custom transformation specify a "transform" option in your config.
[1]      ÔÇó If you simply want to mock your non-JS modules (e.g. binary assets) you can stub them out with the "moduleNameMapper" config option.
[1] 
[1]     You'll find more details and examples of these config options in the docs:
[1]     https://jestjs.io/docs/configuration
[1]     For information about custom transformations, see:
[1]     https://jestjs.io/docs/code-transformation
[1] 
[1]     Details:
[1] 
[1]     C:\www\espaco-dialogico\node_modules\node-pg-migrate\dist\bundle\index.js:2
[1]     import { glob } from "glob";
[1]     ^^^^^^
[1] 
[1]     SyntaxError: Cannot use import statement outside a module
[1] 
[1]     [0m [90m 4 |[39m [36masync[39m [36mfunction[39m getMigrate() {
[1]      [90m 5 |[39m   [36mtry[39m {
[1]     [31m[1m>[22m[39m[90m 6 |[39m     [36mconst[39m mod [33m=[39m [36mawait[39m [36mimport[39m([32m"node-pg-migrate"[39m)[33m;[39m
[1]      [90m   |[39m                       [31m[1m^[22m[39m
[1]      [90m 7 |[39m     
[1]      [90m 8 |[39m     [90m// node-pg-migrate >= 6.x exporta a fun├º├úo runner[39m
[1]      [90m 9 |[39m     [36mif[39m (mod [33m&&[39m [36mtypeof[39m mod[33m.[39mrunner [33m===[39m [32m"function"[39m) {[0m
[1] 
[1]       at Runtime.createScriptFromCode (node_modules/jest-runtime/build/index.js:1505:14)
[1]       at models/migrator.mjs:6:23
[1]       at getMigrate (models/migrator.mjs:6:17)
[1]       at Object.runPendingMigrations (models/migrator.mjs:56:26)
[1]       at Object.runPendingMigrations (tests/orchestrator.js:95:5)
[1]       at Object.<anonymous> (tests/integration/api/v1/sessions/get.test.js:10:3)
[1] 
[1]   ÔùÅ POST /api/v1/admin/sessions ÔÇ║ Deve manter apenas uma sess├úo ativa por usu├írio
[1] 
[1]     Jest encountered an unexpected token
[1] 
[1]     Jest failed to parse a file. This happens e.g. when your code or its dependencies use non-standard JavaScript syntax, or when Jest is not configured to support such syntax.
[1] 
[1]     Out of the box Jest supports Babel, which will be used to transform your files into valid JS based on your Babel configuration.
[1] 
[1]     By default "node_modules" folder is ignored by transformers.
[1] 
[1]     Here's what you can do:
[1]      ÔÇó If you are trying to use ECMAScript Modules, see https://jestjs.io/docs/ecmascript-modules for how to enable it.
[1]      ÔÇó If you are trying to use TypeScript, see https://jestjs.io/docs/getting-started#using-typescript
[1]      ÔÇó To have some of your "node_modules" files transformed, you can specify a custom "transformIgnorePatterns" in your config.
[1]      ÔÇó If you need a custom transformation specify a "transform" option in your config.
[1]      ÔÇó If you simply want to mock your non-JS modules (e.g. binary assets) you can stub them out with the "moduleNameMapper" config option.
[1] 
[1]     You'll find more details and examples of these config options in the docs:
[1]     https://jestjs.io/docs/configuration
[1]     For information about custom transformations, see:
[1]     https://jestjs.io/docs/code-transformation
[1] 
[1]     Details:
[1] 
[1]     C:\www\espaco-dialogico\node_modules\node-pg-migrate\dist\bundle\index.js:2
[1]     import { glob } from "glob";
[1]     ^^^^^^
[1] 
[1]     SyntaxError: Cannot use import statement outside a module
[1] 
[1]     [0m [90m 4 |[39m [36masync[39m [36mfunction[39m getMigrate() {
[1]      [90m 5 |[39m   [36mtry[39m {
[1]     [31m[1m>[22m[39m[90m 6 |[39m     [36mconst[39m mod [33m=[39m [36mawait[39m [36mimport[39m([32m"node-pg-migrate"[39m)[33m;[39m
[1]      [90m   |[39m                       [31m[1m^[22m[39m
[1]      [90m 7 |[39m     
[1]      [90m 8 |[39m     [90m// node-pg-migrate >= 6.x exporta a fun├º├úo runner[39m
[1]      [90m 9 |[39m     [36mif[39m (mod [33m&&[39m [36mtypeof[39m mod[33m.[39mrunner [33m===[39m [32m"function"[39m) {[0m
[1] 
[1]       at Runtime.createScriptFromCode (node_modules/jest-runtime/build/index.js:1505:14)
[1]       at models/migrator.mjs:6:23
[1]       at getMigrate (models/migrator.mjs:6:17)
[1]       at Object.runPendingMigrations (models/migrator.mjs:56:26)
[1]       at Object.runPendingMigrations (tests/orchestrator.js:95:5)
[1]       at Object.<anonymous> (tests/integration/api/v1/sessions/get.test.js:10:3)
[1] 
[1]   ÔùÅ POST /api/v1/admin/sessions ÔÇ║ Deve demonstrar o comportamento do sistema de intercepta├º├úo de sess├úo
[1] 
[1]     Jest encountered an unexpected token
[1] 
[1]     Jest failed to parse a file. This happens e.g. when your code or its dependencies use non-standard JavaScript syntax, or when Jest is not configured to support such syntax.
[1] 
[1]     Out of the box Jest supports Babel, which will be used to transform your files into valid JS based on your Babel configuration.
[1] 
[1]     By default "node_modules" folder is ignored by transformers.
[1] 
[1]     Here's what you can do:
[1]      ÔÇó If you are trying to use ECMAScript Modules, see https://jestjs.io/docs/ecmascript-modules for how to enable it.
[1]      ÔÇó If you are trying to use TypeScript, see https://jestjs.io/docs/getting-started#using-typescript
[1]      ÔÇó To have some of your "node_modules" files transformed, you can specify a custom "transformIgnorePatterns" in your config.
[1]      ÔÇó If you need a custom transformation specify a "transform" option in your config.
[1]      ÔÇó If you simply want to mock your non-JS modules (e.g. binary assets) you can stub them out with the "moduleNameMapper" config option.
[1] 
[1]     You'll find more details and examples of these config options in the docs:
[1]     https://jestjs.io/docs/configuration
[1]     For information about custom transformations, see:
[1]     https://jestjs.io/docs/code-transformation
[1] 
[1]     Details:
[1] 
[1]     C:\www\espaco-dialogico\node_modules\node-pg-migrate\dist\bundle\index.js:2
[1]     import { glob } from "glob";
[1]     ^^^^^^
[1] 
[1]     SyntaxError: Cannot use import statement outside a module
[1] 
[1]     [0m [90m 4 |[39m [36masync[39m [36mfunction[39m getMigrate() {
[1]      [90m 5 |[39m   [36mtry[39m {
[1]     [31m[1m>[22m[39m[90m 6 |[39m     [36mconst[39m mod [33m=[39m [36mawait[39m [36mimport[39m([32m"node-pg-migrate"[39m)[33m;[39m
[1]      [90m   |[39m                       [31m[1m^[22m[39m
[1]      [90m 7 |[39m     
[1]      [90m 8 |[39m     [90m// node-pg-migrate >= 6.x exporta a fun├º├úo runner[39m
[1]      [90m 9 |[39m     [36mif[39m (mod [33m&&[39m [36mtypeof[39m mod[33m.[39mrunner [33m===[39m [32m"function"[39m) {[0m
[1] 
[1]       at Runtime.createScriptFromCode (node_modules/jest-runtime/build/index.js:1505:14)
[1]       at models/migrator.mjs:6:23
[1]       at getMigrate (models/migrator.mjs:6:17)
[1]       at Object.runPendingMigrations (models/migrator.mjs:56:26)
[1]       at Object.runPendingMigrations (tests/orchestrator.js:95:5)
[1]       at Object.<anonymous> (tests/integration/api/v1/sessions/get.test.js:10:3)
[1] 
[1] FAIL tests/integration/api/v1/auth/logout.test.js
[1]   ÔùÅ POST /api/v1/auth/logout ÔÇ║ deve fazer logout e invalidar a sess├úo
[1] 
[1]     Jest encountered an unexpected token
[1] 
[1]     Jest failed to parse a file. This happens e.g. when your code or its dependencies use non-standard JavaScript syntax, or when Jest is not configured to support such syntax.
[1] 
[1]     Out of the box Jest supports Babel, which will be used to transform your files into valid JS based on your Babel configuration.
[1] 
[1]     By default "node_modules" folder is ignored by transformers.
[1] 
[1]     Here's what you can do:
[1]      ÔÇó If you are trying to use ECMAScript Modules, see https://jestjs.io/docs/ecmascript-modules for how to enable it.
[1]      ÔÇó If you are trying to use TypeScript, see https://jestjs.io/docs/getting-started#using-typescript
[1]      ÔÇó To have some of your "node_modules" files transformed, you can specify a custom "transformIgnorePatterns" in your config.
[1]      ÔÇó If you need a custom transformation specify a "transform" option in your config.
[1]      ÔÇó If you simply want to mock your non-JS modules (e.g. binary assets) you can stub them out with the "moduleNameMapper" config option.
[1] 
[1]     You'll find more details and examples of these config options in the docs:
[1]     https://jestjs.io/docs/configuration
[1]     For information about custom transformations, see:
[1]     https://jestjs.io/docs/code-transformation
[1] 
[1]     Details:
[1] 
[1]     C:\www\espaco-dialogico\node_modules\node-pg-migrate\dist\bundle\index.js:2
[1]     import { glob } from "glob";
[1]     ^^^^^^
[1] 
[1]     SyntaxError: Cannot use import statement outside a module
[1] 
[1]     [0m [90m 4 |[39m [36masync[39m [36mfunction[39m getMigrate() {
[1]      [90m 5 |[39m   [36mtry[39m {
[1]     [31m[1m>[22m[39m[90m 6 |[39m     [36mconst[39m mod [33m=[39m [36mawait[39m [36mimport[39m([32m"node-pg-migrate"[39m)[33m;[39m
[1]      [90m   |[39m                       [31m[1m^[22m[39m
[1]      [90m 7 |[39m     
[1]      [90m 8 |[39m     [90m// node-pg-migrate >= 6.x exporta a fun├º├úo runner[39m
[1]      [90m 9 |[39m     [36mif[39m (mod [33m&&[39m [36mtypeof[39m mod[33m.[39mrunner [33m===[39m [32m"function"[39m) {[0m
[1] 
[1]       at Runtime.createScriptFromCode (node_modules/jest-runtime/build/index.js:1505:14)
[1]       at models/migrator.mjs:6:23
[1]       at getMigrate (models/migrator.mjs:6:17)
[1]       at Object.runPendingMigrations (models/migrator.mjs:56:26)
[1]       at Object.runPendingMigrations (tests/orchestrator.js:95:5)
[1]       at Object.<anonymous> (tests/integration/api/v1/auth/logout.test.js:57:3)
[1] 
[1] FAIL tests/integration/api/v1/terapeutas/get.test.js
[1]   ÔùÅ GET /api/v1/terapeutas ÔÇ║ Usu├írio autenticado ÔÇ║ Recuperando terapeutas com autentica├º├úo
[1] 
[1]     Jest encountered an unexpected token
[1] 
[1]     Jest failed to parse a file. This happens e.g. when your code or its dependencies use non-standard JavaScript syntax, or when Jest is not configured to support such syntax.
[1] 
[1]     Out of the box Jest supports Babel, which will be used to transform your files into valid JS based on your Babel configuration.
[1] 
[1]     By default "node_modules" folder is ignored by transformers.
[1] 
[1]     Here's what you can do:
[1]      ÔÇó If you are trying to use ECMAScript Modules, see https://jestjs.io/docs/ecmascript-modules for how to enable it.
[1]      ÔÇó If you are trying to use TypeScript, see https://jestjs.io/docs/getting-started#using-typescript
[1]      ÔÇó To have some of your "node_modules" files transformed, you can specify a custom "transformIgnorePatterns" in your config.
[1]      ÔÇó If you need a custom transformation specify a "transform" option in your config.
[1]      ÔÇó If you simply want to mock your non-JS modules (e.g. binary assets) you can stub them out with the "moduleNameMapper" config option.
[1] 
[1]     You'll find more details and examples of these config options in the docs:
[1]     https://jestjs.io/docs/configuration
[1]     For information about custom transformations, see:
[1]     https://jestjs.io/docs/code-transformation
[1] 
[1]     Details:
[1] 
[1]     C:\www\espaco-dialogico\node_modules\node-pg-migrate\dist\bundle\index.js:2
[1]     import { glob } from "glob";
[1]     ^^^^^^
[1] 
[1]     SyntaxError: Cannot use import statement outside a module
[1] 
[1]     [0m [90m 4 |[39m [36masync[39m [36mfunction[39m getMigrate() {
[1]      [90m 5 |[39m   [36mtry[39m {
[1]     [31m[1m>[22m[39m[90m 6 |[39m     [36mconst[39m mod [33m=[39m [36mawait[39m [36mimport[39m([32m"node-pg-migrate"[39m)[33m;[39m
[1]      [90m   |[39m                       [31m[1m^[22m[39m
[1]      [90m 7 |[39m     
[1]      [90m 8 |[39m     [90m// node-pg-migrate >= 6.x exporta a fun├º├úo runner[39m
[1]      [90m 9 |[39m     [36mif[39m (mod [33m&&[39m [36mtypeof[39m mod[33m.[39mrunner [33m===[39m [32m"function"[39m) {[0m
[1] 
[1]       at Runtime.createScriptFromCode (node_modules/jest-runtime/build/index.js:1505:14)
[1]       at models/migrator.mjs:6:23
[1]       at getMigrate (models/migrator.mjs:6:17)
[1]       at Object.runPendingMigrations (models/migrator.mjs:56:26)
[1]       at Object.runPendingMigrations (tests/orchestrator.js:95:5)
[1]       at Object.<anonymous> (tests/integration/api/v1/terapeutas/get.test.js:16:3)
[1] 
[1]   ÔùÅ GET /api/v1/terapeutas ÔÇ║ Usu├írio n├úo autenticado ÔÇ║ Tentativa sem autentica├º├úo
[1] 
[1]     Jest encountered an unexpected token
[1] 
[1]     Jest failed to parse a file. This happens e.g. when your code or its dependencies use non-standard JavaScript syntax, or when Jest is not configured to support such syntax.
[1] 
[1]     Out of the box Jest supports Babel, which will be used to transform your files into valid JS based on your Babel configuration.
[1] 
[1]     By default "node_modules" folder is ignored by transformers.
[1] 
[1]     Here's what you can do:
[1]      ÔÇó If you are trying to use ECMAScript Modules, see https://jestjs.io/docs/ecmascript-modules for how to enable it.
[1]      ÔÇó If you are trying to use TypeScript, see https://jestjs.io/docs/getting-started#using-typescript
[1]      ÔÇó To have some of your "node_modules" files transformed, you can specify a custom "transformIgnorePatterns" in your config.
[1]      ÔÇó If you need a custom transformation specify a "transform" option in your config.
[1]      ÔÇó If you simply want to mock your non-JS modules (e.g. binary assets) you can stub them out with the "moduleNameMapper" config option.
[1] 
[1]     You'll find more details and examples of these config options in the docs:
[1]     https://jestjs.io/docs/configuration
[1]     For information about custom transformations, see:
[1]     https://jestjs.io/docs/code-transformation
[1] 
[1]     Details:
[1] 
[1]     C:\www\espaco-dialogico\node_modules\node-pg-migrate\dist\bundle\index.js:2
[1]     import { glob } from "glob";
[1]     ^^^^^^
[1] 
[1]     SyntaxError: Cannot use import statement outside a module
[1] 
[1]     [0m [90m 4 |[39m [36masync[39m [36mfunction[39m getMigrate() {
[1]      [90m 5 |[39m   [36mtry[39m {
[1]     [31m[1m>[22m[39m[90m 6 |[39m     [36mconst[39m mod [33m=[39m [36mawait[39m [36mimport[39m([32m"node-pg-migrate"[39m)[33m;[39m
[1]      [90m   |[39m                       [31m[1m^[22m[39m
[1]      [90m 7 |[39m     
[1]      [90m 8 |[39m     [90m// node-pg-migrate >= 6.x exporta a fun├º├úo runner[39m
[1]      [90m 9 |[39m     [36mif[39m (mod [33m&&[39m [36mtypeof[39m mod[33m.[39mrunner [33m===[39m [32m"function"[39m) {[0m
[1] 
[1]       at Runtime.createScriptFromCode (node_modules/jest-runtime/build/index.js:1505:14)
[1]       at models/migrator.mjs:6:23
[1]       at getMigrate (models/migrator.mjs:6:17)
[1]       at Object.runPendingMigrations (models/migrator.mjs:56:26)
[1]       at Object.runPendingMigrations (tests/orchestrator.js:95:5)
[1]       at Object.<anonymous> (tests/integration/api/v1/terapeutas/get.test.js:16:3)
[1] 
[1] FAIL tests/integration/api/v1/admin/users/put.test.js
[1]   ÔùÅ PUT /api/v1/admin/users/[userId] ÔÇ║ Deve atualizar o usu├írio quando solicitado por um administrador
[1] 
[1]     Jest encountered an unexpected token
[1] 
[1]     Jest failed to parse a file. This happens e.g. when your code or its dependencies use non-standard JavaScript syntax, or when Jest is not configured to support such syntax.
[1] 
[1]     Out of the box Jest supports Babel, which will be used to transform your files into valid JS based on your Babel configuration.
[1] 
[1]     By default "node_modules" folder is ignored by transformers.
[1] 
[1]     Here's what you can do:
[1]      ÔÇó If you are trying to use ECMAScript Modules, see https://jestjs.io/docs/ecmascript-modules for how to enable it.
[1]      ÔÇó If you are trying to use TypeScript, see https://jestjs.io/docs/getting-started#using-typescript
[1]      ÔÇó To have some of your "node_modules" files transformed, you can specify a custom "transformIgnorePatterns" in your config.
[1]      ÔÇó If you need a custom transformation specify a "transform" option in your config.
[1]      ÔÇó If you simply want to mock your non-JS modules (e.g. binary assets) you can stub them out with the "moduleNameMapper" config option.
[1] 
[1]     You'll find more details and examples of these config options in the docs:
[1]     https://jestjs.io/docs/configuration
[1]     For information about custom transformations, see:
[1]     https://jestjs.io/docs/code-transformation
[1] 
[1]     Details:
[1] 
[1]     C:\www\espaco-dialogico\node_modules\node-pg-migrate\dist\bundle\index.js:2
[1]     import { glob } from "glob";
[1]     ^^^^^^
[1] 
[1]     SyntaxError: Cannot use import statement outside a module
[1] 
[1]     [0m [90m 4 |[39m [36masync[39m [36mfunction[39m getMigrate() {
[1]      [90m 5 |[39m   [36mtry[39m {
[1]     [31m[1m>[22m[39m[90m 6 |[39m     [36mconst[39m mod [33m=[39m [36mawait[39m [36mimport[39m([32m"node-pg-migrate"[39m)[33m;[39m
[1]      [90m   |[39m                       [31m[1m^[22m[39m
[1]      [90m 7 |[39m     
[1]      [90m 8 |[39m     [90m// node-pg-migrate >= 6.x exporta a fun├º├úo runner[39m
[1]      [90m 9 |[39m     [36mif[39m (mod [33m&&[39m [36mtypeof[39m mod[33m.[39mrunner [33m===[39m [32m"function"[39m) {[0m
[1] 
[1]       at Runtime.createScriptFromCode (node_modules/jest-runtime/build/index.js:1505:14)
[1]       at models/migrator.mjs:6:23
[1]       at getMigrate (models/migrator.mjs:6:17)
[1]       at Object.runPendingMigrations (models/migrator.mjs:56:26)
[1]       at Object.runPendingMigrations (tests/orchestrator.js:95:5)
[1]       at Object.<anonymous> (tests/integration/api/v1/admin/users/put.test.js:48:3)
[1] 
[1]   ÔùÅ PUT /api/v1/admin/users/[userId] ÔÇ║ Deve atualizar a senha quando solicitado por um administrador
[1] 
[1]     Jest encountered an unexpected token
[1] 
[1]     Jest failed to parse a file. This happens e.g. when your code or its dependencies use non-standard JavaScript syntax, or when Jest is not configured to support such syntax.
[1] 
[1]     Out of the box Jest supports Babel, which will be used to transform your files into valid JS based on your Babel configuration.
[1] 
[1]     By default "node_modules" folder is ignored by transformers.
[1] 
[1]     Here's what you can do:
[1]      ÔÇó If you are trying to use ECMAScript Modules, see https://jestjs.io/docs/ecmascript-modules for how to enable it.
[1]      ÔÇó If you are trying to use TypeScript, see https://jestjs.io/docs/getting-started#using-typescript
[1]      ÔÇó To have some of your "node_modules" files transformed, you can specify a custom "transformIgnorePatterns" in your config.
[1]      ÔÇó If you need a custom transformation specify a "transform" option in your config.
[1]      ÔÇó If you simply want to mock your non-JS modules (e.g. binary assets) you can stub them out with the "moduleNameMapper" config option.
[1] 
[1]     You'll find more details and examples of these config options in the docs:
[1]     https://jestjs.io/docs/configuration
[1]     For information about custom transformations, see:
[1]     https://jestjs.io/docs/code-transformation
[1] 
[1]     Details:
[1] 
[1]     C:\www\espaco-dialogico\node_modules\node-pg-migrate\dist\bundle\index.js:2
[1]     import { glob } from "glob";
[1]     ^^^^^^
[1] 
[1]     SyntaxError: Cannot use import statement outside a module
[1] 
[1]     [0m [90m 4 |[39m [36masync[39m [36mfunction[39m getMigrate() {
[1]      [90m 5 |[39m   [36mtry[39m {
[1]     [31m[1m>[22m[39m[90m 6 |[39m     [36mconst[39m mod [33m=[39m [36mawait[39m [36mimport[39m([32m"node-pg-migrate"[39m)[33m;[39m
[1]      [90m   |[39m                       [31m[1m^[22m[39m
[1]      [90m 7 |[39m     
[1]      [90m 8 |[39m     [90m// node-pg-migrate >= 6.x exporta a fun├º├úo runner[39m
[1]      [90m 9 |[39m     [36mif[39m (mod [33m&&[39m [36mtypeof[39m mod[33m.[39mrunner [33m===[39m [32m"function"[39m) {[0m
[1] 
[1]       at Runtime.createScriptFromCode (node_modules/jest-runtime/build/index.js:1505:14)
[1]       at models/migrator.mjs:6:23
[1]       at getMigrate (models/migrator.mjs:6:17)
[1]       at Object.runPendingMigrations (models/migrator.mjs:56:26)
[1]       at Object.runPendingMigrations (tests/orchestrator.js:95:5)
[1]       at Object.<anonymous> (tests/integration/api/v1/admin/users/put.test.js:48:3)
[1] 
[1]   ÔùÅ PUT /api/v1/admin/users/[userId] ÔÇ║ Deve rejeitar atualiza├º├úo quando o usu├írio n├úo ├® um administrador
[1] 
[1]     Jest encountered an unexpected token
[1] 
[1]     Jest failed to parse a file. This happens e.g. when your code or its dependencies use non-standard JavaScript syntax, or when Jest is not configured to support such syntax.
[1] 
[1]     Out of the box Jest supports Babel, which will be used to transform your files into valid JS based on your Babel configuration.
[1] 
[1]     By default "node_modules" folder is ignored by transformers.
[1] 
[1]     Here's what you can do:
[1]      ÔÇó If you are trying to use ECMAScript Modules, see https://jestjs.io/docs/ecmascript-modules for how to enable it.
[1]      ÔÇó If you are trying to use TypeScript, see https://jestjs.io/docs/getting-started#using-typescript
[1]      ÔÇó To have some of your "node_modules" files transformed, you can specify a custom "transformIgnorePatterns" in your config.
[1]      ÔÇó If you need a custom transformation specify a "transform" option in your config.
[1]      ÔÇó If you simply want to mock your non-JS modules (e.g. binary assets) you can stub them out with the "moduleNameMapper" config option.
[1] 
[1]     You'll find more details and examples of these config options in the docs:
[1]     https://jestjs.io/docs/configuration
[1]     For information about custom transformations, see:
[1]     https://jestjs.io/docs/code-transformation
[1] 
[1]     Details:
[1] 
[1]     C:\www\espaco-dialogico\node_modules\node-pg-migrate\dist\bundle\index.js:2
[1]     import { glob } from "glob";
[1]     ^^^^^^
[1] 
[1]     SyntaxError: Cannot use import statement outside a module
[1] 
[1]     [0m [90m 4 |[39m [36masync[39m [36mfunction[39m getMigrate() {
[1]      [90m 5 |[39m   [36mtry[39m {
[1]     [31m[1m>[22m[39m[90m 6 |[39m     [36mconst[39m mod [33m=[39m [36mawait[39m [36mimport[39m([32m"node-pg-migrate"[39m)[33m;[39m
[1]      [90m   |[39m                       [31m[1m^[22m[39m
[1]      [90m 7 |[39m     
[1]      [90m 8 |[39m     [90m// node-pg-migrate >= 6.x exporta a fun├º├úo runner[39m
[1]      [90m 9 |[39m     [36mif[39m (mod [33m&&[39m [36mtypeof[39m mod[33m.[39mrunner [33m===[39m [32m"function"[39m) {[0m
[1] 
[1]       at Runtime.createScriptFromCode (node_modules/jest-runtime/build/index.js:1505:14)
[1]       at models/migrator.mjs:6:23
[1]       at getMigrate (models/migrator.mjs:6:17)
[1]       at Object.runPendingMigrations (models/migrator.mjs:56:26)
[1]       at Object.runPendingMigrations (tests/orchestrator.js:95:5)
[1]       at Object.<anonymous> (tests/integration/api/v1/admin/users/put.test.js:48:3)
[1] 
[1]   ÔùÅ PUT /api/v1/admin/users/[userId] ÔÇ║ Deve rejeitar atualiza├º├úo quando o usu├írio n├úo existe
[1] 
[1]     Jest encountered an unexpected token
[1] 
[1]     Jest failed to parse a file. This happens e.g. when your code or its dependencies use non-standard JavaScript syntax, or when Jest is not configured to support such syntax.
[1] 
[1]     Out of the box Jest supports Babel, which will be used to transform your files into valid JS based on your Babel configuration.
[1] 
[1]     By default "node_modules" folder is ignored by transformers.
[1] 
[1]     Here's what you can do:
[1]      ÔÇó If you are trying to use ECMAScript Modules, see https://jestjs.io/docs/ecmascript-modules for how to enable it.
[1]      ÔÇó If you are trying to use TypeScript, see https://jestjs.io/docs/getting-started#using-typescript
[1]      ÔÇó To have some of your "node_modules" files transformed, you can specify a custom "transformIgnorePatterns" in your config.
[1]      ÔÇó If you need a custom transformation specify a "transform" option in your config.
[1]      ÔÇó If you simply want to mock your non-JS modules (e.g. binary assets) you can stub them out with the "moduleNameMapper" config option.
[1] 
[1]     You'll find more details and examples of these config options in the docs:
[1]     https://jestjs.io/docs/configuration
[1]     For information about custom transformations, see:
[1]     https://jestjs.io/docs/code-transformation
[1] 
[1]     Details:
[1] 
[1]     C:\www\espaco-dialogico\node_modules\node-pg-migrate\dist\bundle\index.js:2
[1]     import { glob } from "glob";
[1]     ^^^^^^
[1] 
[1]     SyntaxError: Cannot use import statement outside a module
[1] 
[1]     [0m [90m 4 |[39m [36masync[39m [36mfunction[39m getMigrate() {
[1]      [90m 5 |[39m   [36mtry[39m {
[1]     [31m[1m>[22m[39m[90m 6 |[39m     [36mconst[39m mod [33m=[39m [36mawait[39m [36mimport[39m([32m"node-pg-migrate"[39m)[33m;[39m
[1]      [90m   |[39m                       [31m[1m^[22m[39m
[1]      [90m 7 |[39m     
[1]      [90m 8 |[39m     [90m// node-pg-migrate >= 6.x exporta a fun├º├úo runner[39m
[1]      [90m 9 |[39m     [36mif[39m (mod [33m&&[39m [36mtypeof[39m mod[33m.[39mrunner [33m===[39m [32m"function"[39m) {[0m
[1] 
[1]       at Runtime.createScriptFromCode (node_modules/jest-runtime/build/index.js:1505:14)
[1]       at models/migrator.mjs:6:23
[1]       at getMigrate (models/migrator.mjs:6:17)
[1]       at Object.runPendingMigrations (models/migrator.mjs:56:26)
[1]       at Object.runPendingMigrations (tests/orchestrator.js:95:5)
[1]       at Object.<anonymous> (tests/integration/api/v1/admin/users/put.test.js:48:3)
[1] 
[1]   ÔùÅ PUT /api/v1/admin/users/[userId] ÔÇ║ Deve rejeitar senha muito curta
[1] 
[1]     Jest encountered an unexpected token
[1] 
[1]     Jest failed to parse a file. This happens e.g. when your code or its dependencies use non-standard JavaScript syntax, or when Jest is not configured to support such syntax.
[1] 
[1]     Out of the box Jest supports Babel, which will be used to transform your files into valid JS based on your Babel configuration.
[1] 
[1]     By default "node_modules" folder is ignored by transformers.
[1] 
[1]     Here's what you can do:
[1]      ÔÇó If you are trying to use ECMAScript Modules, see https://jestjs.io/docs/ecmascript-modules for how to enable it.
[1]      ÔÇó If you are trying to use TypeScript, see https://jestjs.io/docs/getting-started#using-typescript
[1]      ÔÇó To have some of your "node_modules" files transformed, you can specify a custom "transformIgnorePatterns" in your config.
[1]      ÔÇó If you need a custom transformation specify a "transform" option in your config.
[1]      ÔÇó If you simply want to mock your non-JS modules (e.g. binary assets) you can stub them out with the "moduleNameMapper" config option.
[1] 
[1]     You'll find more details and examples of these config options in the docs:
[1]     https://jestjs.io/docs/configuration
[1]     For information about custom transformations, see:
[1]     https://jestjs.io/docs/code-transformation
[1] 
[1]     Details:
[1] 
[1]     C:\www\espaco-dialogico\node_modules\node-pg-migrate\dist\bundle\index.js:2
[1]     import { glob } from "glob";
[1]     ^^^^^^
[1] 
[1]     SyntaxError: Cannot use import statement outside a module
[1] 
[1]     [0m [90m 4 |[39m [36masync[39m [36mfunction[39m getMigrate() {
[1]      [90m 5 |[39m   [36mtry[39m {
[1]     [31m[1m>[22m[39m[90m 6 |[39m     [36mconst[39m mod [33m=[39m [36mawait[39m [36mimport[39m([32m"node-pg-migrate"[39m)[33m;[39m
[1]      [90m   |[39m                       [31m[1m^[22m[39m
[1]      [90m 7 |[39m     
[1]      [90m 8 |[39m     [90m// node-pg-migrate >= 6.x exporta a fun├º├úo runner[39m
[1]      [90m 9 |[39m     [36mif[39m (mod [33m&&[39m [36mtypeof[39m mod[33m.[39mrunner [33m===[39m [32m"function"[39m) {[0m
[1] 
[1]       at Runtime.createScriptFromCode (node_modules/jest-runtime/build/index.js:1505:14)
[1]       at models/migrator.mjs:6:23
[1]       at getMigrate (models/migrator.mjs:6:17)
[1]       at Object.runPendingMigrations (models/migrator.mjs:56:26)
[1]       at Object.runPendingMigrations (tests/orchestrator.js:95:5)
[1]       at Object.<anonymous> (tests/integration/api/v1/admin/users/put.test.js:48:3)
[1] 
[1]   ÔùÅ PUT /api/v1/admin/users/[userId] ÔÇ║ Deve rejeitar requisi├º├úo sem dados para atualizar
[1] 
[1]     Jest encountered an unexpected token
[1] 
[1]     Jest failed to parse a file. This happens e.g. when your code or its dependencies use non-standard JavaScript syntax, or when Jest is not configured to support such syntax.
[1] 
[1]     Out of the box Jest supports Babel, which will be used to transform your files into valid JS based on your Babel configuration.
[1] 
[1]     By default "node_modules" folder is ignored by transformers.
[1] 
[1]     Here's what you can do:
[1]      ÔÇó If you are trying to use ECMAScript Modules, see https://jestjs.io/docs/ecmascript-modules for how to enable it.
[1]      ÔÇó If you are trying to use TypeScript, see https://jestjs.io/docs/getting-started#using-typescript
[1]      ÔÇó To have some of your "node_modules" files transformed, you can specify a custom "transformIgnorePatterns" in your config.
[1]      ÔÇó If you need a custom transformation specify a "transform" option in your config.
[1]      ÔÇó If you simply want to mock your non-JS modules (e.g. binary assets) you can stub them out with the "moduleNameMapper" config option.
[1] 
[1]     You'll find more details and examples of these config options in the docs:
[1]     https://jestjs.io/docs/configuration
[1]     For information about custom transformations, see:
[1]     https://jestjs.io/docs/code-transformation
[1] 
[1]     Details:
[1] 
[1]     C:\www\espaco-dialogico\node_modules\node-pg-migrate\dist\bundle\index.js:2
[1]     import { glob } from "glob";
[1]     ^^^^^^
[1] 
[1]     SyntaxError: Cannot use import statement outside a module
[1] 
[1]     [0m [90m 4 |[39m [36masync[39m [36mfunction[39m getMigrate() {
[1]      [90m 5 |[39m   [36mtry[39m {
[1]     [31m[1m>[22m[39m[90m 6 |[39m     [36mconst[39m mod [33m=[39m [36mawait[39m [36mimport[39m([32m"node-pg-migrate"[39m)[33m;[39m
[1]      [90m   |[39m                       [31m[1m^[22m[39m
[1]      [90m 7 |[39m     
[1]      [90m 8 |[39m     [90m// node-pg-migrate >= 6.x exporta a fun├º├úo runner[39m
[1]      [90m 9 |[39m     [36mif[39m (mod [33m&&[39m [36mtypeof[39m mod[33m.[39mrunner [33m===[39m [32m"function"[39m) {[0m
[1] 
[1]       at Runtime.createScriptFromCode (node_modules/jest-runtime/build/index.js:1505:14)
[1]       at models/migrator.mjs:6:23
[1]       at getMigrate (models/migrator.mjs:6:17)
[1]       at Object.runPendingMigrations (models/migrator.mjs:56:26)
[1]       at Object.runPendingMigrations (tests/orchestrator.js:95:5)
[1]       at Object.<anonymous> (tests/integration/api/v1/admin/users/put.test.js:48:3)
[1] 
[1] FAIL tests/integration/api/v1/transacoes/get.test.js
[1]   ÔùÅ GET /api/v1/transacoes ÔÇ║ Anonymous user ÔÇ║ With no data
[1] 
[1]     Jest encountered an unexpected token
[1] 
[1]     Jest failed to parse a file. This happens e.g. when your code or its dependencies use non-standard JavaScript syntax, or when Jest is not configured to support such syntax.
[1] 
[1]     Out of the box Jest supports Babel, which will be used to transform your files into valid JS based on your Babel configuration.
[1] 
[1]     By default "node_modules" folder is ignored by transformers.
[1] 
[1]     Here's what you can do:
[1]      ÔÇó If you are trying to use ECMAScript Modules, see https://jestjs.io/docs/ecmascript-modules for how to enable it.
[1]      ÔÇó If you are trying to use TypeScript, see https://jestjs.io/docs/getting-started#using-typescript
[1]      ÔÇó To have some of your "node_modules" files transformed, you can specify a custom "transformIgnorePatterns" in your config.
[1]      ÔÇó If you need a custom transformation specify a "transform" option in your config.
[1]      ÔÇó If you simply want to mock your non-JS modules (e.g. binary assets) you can stub them out with the "moduleNameMapper" config option.
[1] 
[1]     You'll find more details and examples of these config options in the docs:
[1]     https://jestjs.io/docs/configuration
[1]     For information about custom transformations, see:
[1]     https://jestjs.io/docs/code-transformation
[1] 
[1]     Details:
[1] 
[1]     C:\www\espaco-dialogico\node_modules\node-pg-migrate\dist\bundle\index.js:2
[1]     import { glob } from "glob";
[1]     ^^^^^^
[1] 
[1]     SyntaxError: Cannot use import statement outside a module
[1] 
[1]     [0m [90m 4 |[39m [36masync[39m [36mfunction[39m getMigrate() {
[1]      [90m 5 |[39m   [36mtry[39m {
[1]     [31m[1m>[22m[39m[90m 6 |[39m     [36mconst[39m mod [33m=[39m [36mawait[39m [36mimport[39m([32m"node-pg-migrate"[39m)[33m;[39m
[1]      [90m   |[39m                       [31m[1m^[22m[39m
[1]      [90m 7 |[39m     
[1]      [90m 8 |[39m     [90m// node-pg-migrate >= 6.x exporta a fun├º├úo runner[39m
[1]      [90m 9 |[39m     [36mif[39m (mod [33m&&[39m [36mtypeof[39m mod[33m.[39mrunner [33m===[39m [32m"function"[39m) {[0m
[1] 
[1]       at Runtime.createScriptFromCode (node_modules/jest-runtime/build/index.js:1505:14)
[1]       at models/migrator.mjs:6:23
[1]       at getMigrate (models/migrator.mjs:6:17)
[1]       at Object.runPendingMigrations (models/migrator.mjs:56:26)
[1]       at Object.runPendingMigrations (tests/orchestrator.js:95:5)
[1]       at Object.<anonymous> (tests/integration/api/v1/transacoes/get.test.js:13:5)
[1] 
[1] FAIL tests/integration/api/v1/financeiro/get.test.js
[1]   ÔùÅ GET /api/v1/dashboard/financeiro-otimizado ÔÇ║ usu├írio admin deve conseguir acessar os dados financeiros
[1] 
[1]     Jest encountered an unexpected token
[1] 
[1]     Jest failed to parse a file. This happens e.g. when your code or its dependencies use non-standard JavaScript syntax, or when Jest is not configured to support such syntax.
[1] 
[1]     Out of the box Jest supports Babel, which will be used to transform your files into valid JS based on your Babel configuration.
[1] 
[1]     By default "node_modules" folder is ignored by transformers.
[1] 
[1]     Here's what you can do:
[1]      ÔÇó If you are trying to use ECMAScript Modules, see https://jestjs.io/docs/ecmascript-modules for how to enable it.
[1]      ÔÇó If you are trying to use TypeScript, see https://jestjs.io/docs/getting-started#using-typescript
[1]      ÔÇó To have some of your "node_modules" files transformed, you can specify a custom "transformIgnorePatterns" in your config.
[1]      ÔÇó If you need a custom transformation specify a "transform" option in your config.
[1]      ÔÇó If you simply want to mock your non-JS modules (e.g. binary assets) you can stub them out with the "moduleNameMapper" config option.
[1] 
[1]     You'll find more details and examples of these config options in the docs:
[1]     https://jestjs.io/docs/configuration
[1]     For information about custom transformations, see:
[1]     https://jestjs.io/docs/code-transformation
[1] 
[1]     Details:
[1] 
[1]     C:\www\espaco-dialogico\node_modules\node-pg-migrate\dist\bundle\index.js:2
[1]     import { glob } from "glob";
[1]     ^^^^^^
[1] 
[1]     SyntaxError: Cannot use import statement outside a module
[1] 
[1]     [0m [90m 4 |[39m [36masync[39m [36mfunction[39m getMigrate() {
[1]      [90m 5 |[39m   [36mtry[39m {
[1]     [31m[1m>[22m[39m[90m 6 |[39m     [36mconst[39m mod [33m=[39m [36mawait[39m [36mimport[39m([32m"node-pg-migrate"[39m)[33m;[39m
[1]      [90m   |[39m                       [31m[1m^[22m[39m
[1]      [90m 7 |[39m     
[1]      [90m 8 |[39m     [90m// node-pg-migrate >= 6.x exporta a fun├º├úo runner[39m
[1]      [90m 9 |[39m     [36mif[39m (mod [33m&&[39m [36mtypeof[39m mod[33m.[39mrunner [33m===[39m [32m"function"[39m) {[0m
[1] 
[1]       at Runtime.createScriptFromCode (node_modules/jest-runtime/build/index.js:1505:14)
[1]       at models/migrator.mjs:6:23
[1]       at getMigrate (models/migrator.mjs:6:17)
[1]       at Object.runPendingMigrations (models/migrator.mjs:56:26)
[1]       at Object.runPendingMigrations (tests/orchestrator.js:95:5)
[1]       at Object.<anonymous> (tests/integration/api/v1/financeiro/get.test.js:52:3)
[1] 
[1]   ÔùÅ GET /api/v1/dashboard/financeiro-otimizado ÔÇ║ usu├írio n├úo autenticado deve receber 401
[1] 
[1]     Jest encountered an unexpected token
[1] 
[1]     Jest failed to parse a file. This happens e.g. when your code or its dependencies use non-standard JavaScript syntax, or when Jest is not configured to support such syntax.
[1] 
[1]     Out of the box Jest supports Babel, which will be used to transform your files into valid JS based on your Babel configuration.
[1] 
[1]     By default "node_modules" folder is ignored by transformers.
[1] 
[1]     Here's what you can do:
[1]      ÔÇó If you are trying to use ECMAScript Modules, see https://jestjs.io/docs/ecmascript-modules for how to enable it.
[1]      ÔÇó If you are trying to use TypeScript, see https://jestjs.io/docs/getting-started#using-typescript
[1]      ÔÇó To have some of your "node_modules" files transformed, you can specify a custom "transformIgnorePatterns" in your config.
[1]      ÔÇó If you need a custom transformation specify a "transform" option in your config.
[1]      ÔÇó If you simply want to mock your non-JS modules (e.g. binary assets) you can stub them out with the "moduleNameMapper" config option.
[1] 
[1]     You'll find more details and examples of these config options in the docs:
[1]     https://jestjs.io/docs/configuration
[1]     For information about custom transformations, see:
[1]     https://jestjs.io/docs/code-transformation
[1] 
[1]     Details:
[1] 
[1]     C:\www\espaco-dialogico\node_modules\node-pg-migrate\dist\bundle\index.js:2
[1]     import { glob } from "glob";
[1]     ^^^^^^
[1] 
[1]     SyntaxError: Cannot use import statement outside a module
[1] 
[1]     [0m [90m 4 |[39m [36masync[39m [36mfunction[39m getMigrate() {
[1]      [90m 5 |[39m   [36mtry[39m {
[1]     [31m[1m>[22m[39m[90m 6 |[39m     [36mconst[39m mod [33m=[39m [36mawait[39m [36mimport[39m([32m"node-pg-migrate"[39m)[33m;[39m
[1]      [90m   |[39m                       [31m[1m^[22m[39m
[1]      [90m 7 |[39m     
[1]      [90m 8 |[39m     [90m// node-pg-migrate >= 6.x exporta a fun├º├úo runner[39m
[1]      [90m 9 |[39m     [36mif[39m (mod [33m&&[39m [36mtypeof[39m mod[33m.[39mrunner [33m===[39m [32m"function"[39m) {[0m
[1] 
[1]       at Runtime.createScriptFromCode (node_modules/jest-runtime/build/index.js:1505:14)
[1]       at models/migrator.mjs:6:23
[1]       at getMigrate (models/migrator.mjs:6:17)
[1]       at Object.runPendingMigrations (models/migrator.mjs:56:26)
[1]       at Object.runPendingMigrations (tests/orchestrator.js:95:5)
[1]       at Object.<anonymous> (tests/integration/api/v1/financeiro/get.test.js:52:3)
[1] 
[1] 
[1] Test Suites: 13 failed, 11 passed, 24 total
[1] Tests:       54 failed, 30 passed, 84 total
[1] Snapshots:   0 total
[1] Time:        17.639 s
[1] Force exiting Jest: Have you considered using `--detectOpenHandles` to detect async operations that kept running after all tests finished?
[1] wait-on -t 30000 -i 1000 -v http://localhost:3000/api/v1/status && jest --runInBand --verbose --forceExit exited with code 1
--> Sending SIGTERM to other processes..
[0] next dev exited with code 1
